Archive member included to satisfy reference by file (symbol)

/usr/local/mcuxpressoide-10.3.1_2233/ide/plugins/com.nxp.mcuxpresso.tools.linux_10.3.0.201811011841/tools/bin/../lib/gcc/arm-none-eabi/7.3.1/../../../../arm-none-eabi/lib/thumb/v6-m/libcr_nohost_nf.a(_cr__main.o)
                              ./startup/startup_mkl25z4.o (__main)
/usr/local/mcuxpressoide-10.3.1_2233/ide/plugins/com.nxp.mcuxpresso.tools.linux_10.3.0.201811011841/tools/bin/../lib/gcc/arm-none-eabi/7.3.1/../../../../arm-none-eabi/lib/thumb/v6-m/libcr_c.a(memcpy.o)
                              ./drivers/fsl_flash.o (memcpy)
/usr/local/mcuxpressoide-10.3.1_2233/ide/plugins/com.nxp.mcuxpresso.tools.linux_10.3.0.201811011841/tools/bin/../lib/gcc/arm-none-eabi/7.3.1/../../../../arm-none-eabi/lib/thumb/v6-m/libcr_c.a(memmove.o)
                              ./utilities/fsl_shell.o (memmove)
/usr/local/mcuxpressoide-10.3.1_2233/ide/plugins/com.nxp.mcuxpresso.tools.linux_10.3.0.201811011841/tools/bin/../lib/gcc/arm-none-eabi/7.3.1/../../../../arm-none-eabi/lib/thumb/v6-m/libcr_c.a(memset.o)
                              ./utilities/fsl_shell.o (memset)
/usr/local/mcuxpressoide-10.3.1_2233/ide/plugins/com.nxp.mcuxpresso.tools.linux_10.3.0.201811011841/tools/bin/../lib/gcc/arm-none-eabi/7.3.1/../../../../arm-none-eabi/lib/thumb/v6-m/libcr_c.a(initio.o)
                              /usr/local/mcuxpressoide-10.3.1_2233/ide/plugins/com.nxp.mcuxpresso.tools.linux_10.3.0.201811011841/tools/bin/../lib/gcc/arm-none-eabi/7.3.1/../../../../arm-none-eabi/lib/thumb/v6-m/libcr_nohost_nf.a(_cr__main.o) (_initio)
/usr/local/mcuxpressoide-10.3.1_2233/ide/plugins/com.nxp.mcuxpresso.tools.linux_10.3.0.201811011841/tools/bin/../lib/gcc/arm-none-eabi/7.3.1/../../../../arm-none-eabi/lib/thumb/v6-m/libcr_c.a(modf.o)
                              ./utilities/fsl_debug_console.o (modf)
/usr/local/mcuxpressoide-10.3.1_2233/ide/plugins/com.nxp.mcuxpresso.tools.linux_10.3.0.201811011841/tools/bin/../lib/gcc/arm-none-eabi/7.3.1/../../../../arm-none-eabi/lib/thumb/v6-m/libcr_c.a(pow.o)
                              ./utilities/fsl_debug_console.o (pow)
/usr/local/mcuxpressoide-10.3.1_2233/ide/plugins/com.nxp.mcuxpresso.tools.linux_10.3.0.201811011841/tools/bin/../lib/gcc/arm-none-eabi/7.3.1/../../../../arm-none-eabi/lib/thumb/v6-m/libcr_c.a(scanf.o)
                              ./source/shell.o (atoi)
/usr/local/mcuxpressoide-10.3.1_2233/ide/plugins/com.nxp.mcuxpresso.tools.linux_10.3.0.201811011841/tools/bin/../lib/gcc/arm-none-eabi/7.3.1/../../../../arm-none-eabi/lib/thumb/v6-m/libcr_c.a(setvbuf.o)
                              /usr/local/mcuxpressoide-10.3.1_2233/ide/plugins/com.nxp.mcuxpresso.tools.linux_10.3.0.201811011841/tools/bin/../lib/gcc/arm-none-eabi/7.3.1/../../../../arm-none-eabi/lib/thumb/v6-m/libcr_c.a(initio.o) (setvbuf)
/usr/local/mcuxpressoide-10.3.1_2233/ide/plugins/com.nxp.mcuxpresso.tools.linux_10.3.0.201811011841/tools/bin/../lib/gcc/arm-none-eabi/7.3.1/../../../../arm-none-eabi/lib/thumb/v6-m/libcr_c.a(strcmp.o)
                              ./source/shell.o (strcmp)
/usr/local/mcuxpressoide-10.3.1_2233/ide/plugins/com.nxp.mcuxpresso.tools.linux_10.3.0.201811011841/tools/bin/../lib/gcc/arm-none-eabi/7.3.1/../../../../arm-none-eabi/lib/thumb/v6-m/libcr_c.a(strlen.o)
                              ./utilities/fsl_debug_console.o (strlen)
/usr/local/mcuxpressoide-10.3.1_2233/ide/plugins/com.nxp.mcuxpresso.tools.linux_10.3.0.201811011841/tools/bin/../lib/gcc/arm-none-eabi/7.3.1/../../../../arm-none-eabi/lib/thumb/v6-m/libcr_c.a(ungetc.o)
                              /usr/local/mcuxpressoide-10.3.1_2233/ide/plugins/com.nxp.mcuxpresso.tools.linux_10.3.0.201811011841/tools/bin/../lib/gcc/arm-none-eabi/7.3.1/../../../../arm-none-eabi/lib/thumb/v6-m/libcr_c.a(scanf.o) (ungetc)
/usr/local/mcuxpressoide-10.3.1_2233/ide/plugins/com.nxp.mcuxpresso.tools.linux_10.3.0.201811011841/tools/bin/../lib/gcc/arm-none-eabi/7.3.1/../../../../arm-none-eabi/lib/thumb/v6-m/libcr_c.a(__fillbuf.o)
                              /usr/local/mcuxpressoide-10.3.1_2233/ide/plugins/com.nxp.mcuxpresso.tools.linux_10.3.0.201811011841/tools/bin/../lib/gcc/arm-none-eabi/7.3.1/../../../../arm-none-eabi/lib/thumb/v6-m/libcr_c.a(scanf.o) (__filbuf)
/usr/local/mcuxpressoide-10.3.1_2233/ide/plugins/com.nxp.mcuxpresso.tools.linux_10.3.0.201811011841/tools/bin/../lib/gcc/arm-none-eabi/7.3.1/../../../../arm-none-eabi/lib/thumb/v6-m/libcr_c.a(_deferredlazyseek.o)
                              /usr/local/mcuxpressoide-10.3.1_2233/ide/plugins/com.nxp.mcuxpresso.tools.linux_10.3.0.201811011841/tools/bin/../lib/gcc/arm-none-eabi/7.3.1/../../../../arm-none-eabi/lib/thumb/v6-m/libcr_c.a(__fillbuf.o) (_deferredlazyseek)
/usr/local/mcuxpressoide-10.3.1_2233/ide/plugins/com.nxp.mcuxpresso.tools.linux_10.3.0.201811011841/tools/bin/../lib/gcc/arm-none-eabi/7.3.1/../../../../arm-none-eabi/lib/thumb/v6-m/libcr_c.a(_fdopen.o)
[...]
Memory Configuration

Name             Origin             Length             Attributes
PROGRAM_FLASH    0x0000000000000000 0x0000000000020000 xr
SRAM             0x000000001ffff000 0x0000000000004000 xrw
*default*        0x0000000000000000 0xffffffffffffffff

Linker script and memory map

LOAD ./utilities/fsl_debug_console.o
LOAD ./utilities/fsl_shell.o
LOAD ./startup/startup_mkl25z4.o
LOAD ./source/mtb.o
LOAD ./source/semihost_hardfault.o
LOAD ./source/shell.o
LOAD ./drivers/fsl_clock.o
LOAD ./drivers/fsl_common.o
LOAD ./drivers/fsl_flash.o
LOAD ./drivers/fsl_gpio.o
LOAD ./drivers/fsl_lpsci.o
LOAD ./drivers/fsl_smc.o
LOAD ./drivers/fsl_uart.o
LOAD ./board/board.o
LOAD ./board/clock_config.o
LOAD ./board/pin_mux.o
LOAD ./CMSIS/system_MKL25Z4.o
START GROUP
LOAD /usr/local/mcuxpressoide-10.3.1_2233/ide/plugins/com.nxp.mcuxpresso.tools.linux_10.3.0.201811011841/tools/bin/../lib/gcc/arm-none-eabi/7.3.1/../../../../arm-none-eabi/lib/thumb/v6-m/libcr_nohost_nf.a
LOAD /usr/local/mcuxpressoide-10.3.1_2233/ide/plugins/com.nxp.mcuxpresso.tools.linux_10.3.0.201811011841/tools/bin/../lib/gcc/arm-none-eabi/7.3.1/../../../../arm-none-eabi/lib/thumb/v6-m/libcr_c.a
LOAD /usr/local/mcuxpressoide-10.3.1_2233/ide/plugins/com.nxp.mcuxpresso.tools.linux_10.3.0.201811011841/tools/bin/../lib/gcc/arm-none-eabi/7.3.1/thumb/v6-m/libcr_eabihelpers.a
LOAD /usr/local/mcuxpressoide-10.3.1_2233/ide/plugins/com.nxp.mcuxpresso.tools.linux_10.3.0.201811011841/tools/bin/../lib/gcc/arm-none-eabi/7.3.1/thumb/v6-m/libgcc.a
END GROUP
                0x0000000000000000                __base_PROGRAM_FLASH = 0x0
                0x0000000000000000                __base_Flash = 0x0
                0x0000000000020000                __top_PROGRAM_FLASH = 0x20000
                0x0000000000020000                __top_Flash = 0x20000
                0x000000001ffff000                __base_SRAM = 0x1ffff000
                0x000000001ffff000                __base_RAM = 0x1ffff000
                0x0000000020003000                __top_SRAM = 0x20003000
                0x0000000020003000                __top_RAM = 0x20003000

.text           0x0000000000000000     0x66e8
 FILL mask 0xff
                0x0000000000000000                __vectors_start__ = ABSOLUTE (.)
 *(SORT_BY_ALIGNMENT(.isr_vector))
 .isr_vector    0x0000000000000000       0xc0 ./startup/startup_mkl25z4.o
                0x0000000000000000                __Vectors
                0x0000000000000000                g_pfnVectors
                0x00000000000000c0                . = ALIGN (0x4)
                0x00000000000000c0                __section_table_start = .
                0x00000000000000c0                __data_section_table = .
                0x00000000000000c0        0x4 LONG 0x66e8 LOADADDR (.data)
                0x00000000000000c4        0x4 LONG 0x1ffff080 ADDR (.data)
                0x00000000000000c8        0x4 LONG 0x8 SIZEOF (.data)
                0x00000000000000cc                __data_section_table_end = .
                0x00000000000000cc                __bss_section_table = .
                0x00000000000000cc        0x4 LONG 0x1ffff088 ADDR (.bss)
                0x00000000000000d0        0x4 LONG 0x180 SIZEOF (.bss)
                0x00000000000000d4                __bss_section_table_end = .
                0x00000000000000d4                __section_table_end = .
 *(SORT_BY_ALIGNMENT(.after_vectors*))
 .after_vectors.reset
                0x00000000000000d4       0x4c ./startup/startup_mkl25z4.o
                0x00000000000000d4                ResetISR
 .after_vectors.init_data
                0x0000000000000120       0x16 ./startup/startup_mkl25z4.o
                0x0000000000000120                data_init
 .after_vectors.init_bss
                0x0000000000000136       0x12 ./startup/startup_mkl25z4.o
                0x0000000000000136                bss_init
 .after_vectors
                0x0000000000000148      0x10c ./startup/startup_mkl25z4.o
                0x0000000000000148                NMI_Handler
                0x000000000000014c                SVC_Handler
                0x000000000000014e                PendSV_Handler
                0x0000000000000150                SysTick_Handler
                0x0000000000000152                PIT_DriverIRQHandler
                0x0000000000000152                Reserved39_DriverIRQHandler
                0x0000000000000152                DMA0_DriverIRQHandler
                0x0000000000000152                SPI1_DriverIRQHandler
                0x0000000000000152                LPTMR0_DriverIRQHandler
                0x0000000000000152                TPM2_DriverIRQHandler
                0x0000000000000152                TSI0_DriverIRQHandler
                0x0000000000000152                RTC_Seconds_DriverIRQHandler
                0x0000000000000152                LLWU_DriverIRQHandler
                0x0000000000000152                MCG_DriverIRQHandler
                0x0000000000000152                FTFA_DriverIRQHandler
                0x0000000000000152                IntDefaultHandler
                0x0000000000000152                USB0_DriverIRQHandler
                0x0000000000000152                DAC0_DriverIRQHandler
                0x0000000000000152                LVD_LVW_DriverIRQHandler
                0x0000000000000152                TPM0_DriverIRQHandler
                0x0000000000000152                Reserved20_DriverIRQHandler
                0x0000000000000152                DMA3_DriverIRQHandler
                0x0000000000000152                Reserved45_DriverIRQHandler
                0x0000000000000152                PORTA_DriverIRQHandler
                0x0000000000000152                TPM1_DriverIRQHandler
                0x0000000000000152                RTC_DriverIRQHandler
                0x0000000000000152                DMA1_DriverIRQHandler
                0x0000000000000152                I2C1_DriverIRQHandler
                0x0000000000000152                SPI0_DriverIRQHandler
                0x0000000000000152                ADC0_DriverIRQHandler
                0x0000000000000152                CMP0_DriverIRQHandler
                0x0000000000000152                DMA2_DriverIRQHandler
                0x0000000000000152                PORTD_DriverIRQHandler
                0x0000000000000152                I2C0_DriverIRQHandler
                0x0000000000000154                DMA0_IRQHandler
                0x000000000000015c                DMA1_IRQHandler
                0x0000000000000164                DMA2_IRQHandler
                0x000000000000016c                DMA3_IRQHandler
                0x0000000000000174                Reserved20_IRQHandler
                0x000000000000017c                FTFA_IRQHandler
                0x0000000000000184                LVD_LVW_IRQHandler
                0x000000000000018c                LLWU_IRQHandler
                0x0000000000000194                I2C0_IRQHandler
                0x000000000000019c                I2C1_IRQHandler
                0x00000000000001a4                SPI0_IRQHandler
                0x00000000000001ac                SPI1_IRQHandler
                0x00000000000001b4                UART0_IRQHandler
                0x00000000000001bc                UART1_IRQHandler
                0x00000000000001c4                UART2_IRQHandler
                0x00000000000001cc                ADC0_IRQHandler
                0x00000000000001d4                CMP0_IRQHandler
                0x00000000000001dc                TPM0_IRQHandler
                0x00000000000001e4                TPM1_IRQHandler
                0x00000000000001ec                TPM2_IRQHandler
                0x00000000000001f4                RTC_IRQHandler
                0x00000000000001fc                RTC_Seconds_IRQHandler
                0x0000000000000204                PIT_IRQHandler
                0x000000000000020c                Reserved39_IRQHandler
                0x0000000000000214                USB0_IRQHandler
                0x000000000000021c                DAC0_IRQHandler
                0x0000000000000224                TSI0_IRQHandler
                0x000000000000022c                MCG_IRQHandler
                0x0000000000000234                LPTMR0_IRQHandler
                0x000000000000023c                Reserved45_IRQHandler
                0x0000000000000244                PORTA_IRQHandler
                0x000000000000024c                PORTD_IRQHandler
                0x0000000000000400                . = 0x400
 *fill*         0x0000000000000254      0x1ac ff
                0x0000000000000400                PROVIDE (__FLASH_CONFIG_START__ = .)
 *(SORT_BY_ALIGNMENT(.FlashConfig))
 .FlashConfig   0x0000000000000400       0x10 ./startup/startup_mkl25z4.o
                0x0000000000000400                Flash_Config
                0x0000000000000410                PROVIDE (__FLASH_CONFIG_END__ = .)
                0x0000000000000001                ASSERT (! ((__FLASH_CONFIG_START__ == __FLASH_CONFIG_END__)), Linker Flash Config Support Enabled, but no .FlashConfig section provided within application)
 *(SORT_BY_ALIGNMENT(.text*))
 .text.DbgConsole_Init
                0x0000000000000410       0xf4 ./utilities/fsl_debug_console.o
                0x0000000000000410                DbgConsole_Init
 .text.DbgConsole_Printf
                0x0000000000000504       0x44 ./utilities/fsl_debug_console.o
                0x0000000000000504                DbgConsole_Printf
 .text.DbgConsole_Putchar
                0x0000000000000548       0x34 ./utilities/fsl_debug_console.o
                0x0000000000000548                DbgConsole_Putchar
 .text.DbgConsole_Getchar
                0x000000000000057c       0x40 ./utilities/fsl_debug_console.o
                0x000000000000057c                DbgConsole_Getchar
 .text.DbgConsole_ConvertFloatRadixNumToString
                0x00000000000005bc      0x2a4 ./utilities/fsl_debug_console.o
 .text.DbgConsole_PrintfFormattedData
                0x0000000000000860      0xfcc ./utilities/fsl_debug_console.o
 .text.SHELL_Init
                0x000000000000182c       0x9c ./utilities/fsl_shell.o
                0x000000000000182c                SHELL_Init
 .text.SHELL_Main
                0x00000000000018c8      0x4a0 ./utilities/fsl_shell.o
                0x00000000000018c8                SHELL_Main
 .text.HelpCommand
                0x0000000000001d68       0x5c ./utilities/fsl_shell.o
 .text.ExitCommand
                0x0000000000001dc4       0x30 ./utilities/fsl_shell.o
 .text.ProcessCommand
                0x0000000000001df4      0x2f4 ./utilities/fsl_shell.o
 .text.GetHistoryCommand
                0x00000000000020e8       0xe0 ./utilities/fsl_shell.o
 .text.AutoComplete
                0x00000000000021c8      0x13c ./utilities/fsl_shell.o
 .text.ParseLine
                0x0000000000002304       0xfc ./utilities/fsl_shell.o
 .text.SHELL_RegisterCommand
                0x0000000000002400       0x48 ./utilities/fsl_shell.o
                0x0000000000002400                SHELL_RegisterCommand
 .text.HardFault_Handler
                0x0000000000002448       0x30 ./source/semihost_hardfault.o
                0x0000000000002448                HardFault_Handler
 .text.Led_Init
                0x0000000000002478       0x60 ./source/shell.o
                0x0000000000002478                Led_Init
 .text.LedControl
                0x00000000000024d8      0x134 ./source/shell.o
 .text.main     0x000000000000260c       0x50 ./source/shell.o
                0x000000000000260c                main
 .text.CLOCK_SetEr32kClock
                0x000000000000265c       0x34 ./drivers/fsl_clock.o
 .text.CLOCK_SetPllFllSelClock
                0x0000000000002690       0x38 ./drivers/fsl_clock.o
 .text.CLOCK_GetMcgExtClkFreq
                0x00000000000026c8       0x28 ./drivers/fsl_clock.o
 .text.CLOCK_GetFllExtRefClkFreq
                0x00000000000026f0       0xa4 ./drivers/fsl_clock.o
 .text.CLOCK_GetFllRefClkFreq
                0x0000000000002794       0x2c ./drivers/fsl_clock.o
 .text.CLOCK_GetOscRangeFromFreq
                0x00000000000027c0       0x4c ./drivers/fsl_clock.o
 .text.CLOCK_GetPllFllSelClkFreq
                0x000000000000280c       0x4c ./drivers/fsl_clock.o
                0x000000000000280c                CLOCK_GetPllFllSelClkFreq
 .text.CLOCK_SetSimConfig
                0x0000000000002858       0x38 ./drivers/fsl_clock.o
                0x0000000000002858                CLOCK_SetSimConfig
 .text.CLOCK_GetFllFreq
                0x0000000000002890       0x84 ./drivers/fsl_clock.o
                0x0000000000002890                CLOCK_GetFllFreq
 .text.CLOCK_GetPll0Freq
                0x0000000000002914       0x70 ./drivers/fsl_clock.o
                0x0000000000002914                CLOCK_GetPll0Freq
 .text.CLOCK_SetInternalRefClkConfig
                0x0000000000002984      0x128 ./drivers/fsl_clock.o
                0x0000000000002984                CLOCK_SetInternalRefClkConfig
 .text.CLOCK_EnablePll0
                0x0000000000002aac       0x90 ./drivers/fsl_clock.o
                0x0000000000002aac                CLOCK_EnablePll0
 .text.CLOCK_InitOsc0
                0x0000000000002b3c       0x94 ./drivers/fsl_clock.o
                0x0000000000002b3c                CLOCK_InitOsc0
 .text.CLOCK_SetPbeMode
                0x0000000000002bd0       0xb0 ./drivers/fsl_clock.o
                0x0000000000002bd0                CLOCK_SetPbeMode
 .text.CLOCK_BootToPeeMode
                0x0000000000002c80       0x70 ./drivers/fsl_clock.o
                0x0000000000002c80                CLOCK_BootToPeeMode
 .text.__assertion_failed
                0x0000000000002cf0       0x1c ./drivers/fsl_common.o
                0x0000000000002cf0                __assertion_failed
 .text.CLOCK_EnableClock
                0x0000000000002d0c       0x34 ./drivers/fsl_lpsci.o
 .text.LPSCI_GetInstance
                0x0000000000002d40       0x48 ./drivers/fsl_lpsci.o
                0x0000000000002d40                LPSCI_GetInstance
 .text.LPSCI_Init
                0x0000000000002d88      0x260 ./drivers/fsl_lpsci.o
                0x0000000000002d88                LPSCI_Init
 .text.LPSCI_GetDefaultConfig
                0x0000000000002fe8       0x44 ./drivers/fsl_lpsci.o
                0x0000000000002fe8                LPSCI_GetDefaultConfig
 .text.LPSCI_ClearStatusFlags
                0x000000000000302c       0x94 ./drivers/fsl_lpsci.o
                0x000000000000302c                LPSCI_ClearStatusFlags
 .text.LPSCI_WriteBlocking
                0x00000000000030c0       0x4c ./drivers/fsl_lpsci.o
                0x00000000000030c0                LPSCI_WriteBlocking
 .text.LPSCI_ReadBlocking
                0x000000000000310c       0xc0 ./drivers/fsl_lpsci.o
                0x000000000000310c                LPSCI_ReadBlocking
 .text.UART0_DriverIRQHandler
                0x00000000000031cc       0x24 ./drivers/fsl_lpsci.o
                0x00000000000031cc                UART0_DriverIRQHandler
 .text.CLOCK_EnableClock
                0x00000000000031f0       0x34 ./drivers/fsl_uart.o
 .text.UART_GetInstance
                0x0000000000003224       0x54 ./drivers/fsl_uart.o
                0x0000000000003224                UART_GetInstance
 .text.UART_Init
                0x0000000000003278      0x1e8 ./drivers/fsl_uart.o
                0x0000000000003278                UART_Init
 .text.UART_GetDefaultConfig
                0x0000000000003460       0x44 ./drivers/fsl_uart.o
                0x0000000000003460                UART_GetDefaultConfig
 .text.UART_ReadBlocking
                0x00000000000034a4       0x98 ./drivers/fsl_uart.o
                0x00000000000034a4                UART_ReadBlocking
 .text.UART1_DriverIRQHandler
                0x000000000000353c       0x24 ./drivers/fsl_uart.o
                0x000000000000353c                UART1_DriverIRQHandler
 .text.UART2_DriverIRQHandler
                0x0000000000003560       0x24 ./drivers/fsl_uart.o
                0x0000000000003560                UART2_DriverIRQHandler
 .text.CLOCK_SetLpsci0Clock
                0x0000000000003584       0x38 ./board/board.o
 .text.BOARD_InitDebugConsole
                0x00000000000035bc       0x30 ./board/board.o
                0x00000000000035bc                BOARD_InitDebugConsole
 .text.CLOCK_SetSimSafeDivs
                0x00000000000035ec       0x20 ./board/clock_config.o
 .text.CLOCK_SetXtal0Freq
                0x000000000000360c       0x1c ./board/clock_config.o
 .text.CLOCK_CONFIG_SetFllExtRefDiv
                0x0000000000003628       0x3c ./board/clock_config.o
 .text.BOARD_BootClockRUN
                0x0000000000003664       0x64 ./board/clock_config.o
                0x0000000000003664                BOARD_BootClockRUN
 .text.CLOCK_EnableClock
                0x00000000000036c8       0x34 ./board/pin_mux.o
 .text.PORT_SetPinMux
                0x00000000000036fc       0x40 ./board/pin_mux.o
 .text.BOARD_InitPins
                0x000000000000373c       0x90 ./board/pin_mux.o
                0x000000000000373c                BOARD_InitPins
 .text.SystemInit
                0x00000000000037cc       0x18 ./CMSIS/system_MKL25Z4.o
                0x00000000000037cc                SystemInit
 .text._initio  0x00000000000037e4       0x7c /usr/local/mcuxpressoide-10.3.1_2233/ide/plugins/com.nxp.mcuxpresso.tools.linux_10.3.0.201811011841/tools/bin/../lib/gcc/arm-none-eabi/7.3.1/../../../../arm-none-eabi/lib/thumb/v6-m/libcr_c.a(initio.o)
                0x00000000000037e4                _initio
 .text.modf     0x0000000000003860       0x94 /usr/local/mcuxpressoide-10.3.1_2233/ide/plugins/com.nxp.mcuxpresso.tools.linux_10.3.0.201811011841/tools/bin/../lib/gcc/arm-none-eabi/7.3.1/../../../../arm-none-eabi/lib/thumb/v6-m/libcr_c.a(modf.o)
                0x0000000000003860                modf
 .text.pow      0x00000000000038f4      0x554 /usr/local/mcuxpressoide-10.3.1_2233/ide/plugins/com.nxp.mcuxpresso.tools.linux_10.3.0.201811011841/tools/bin/../lib/gcc/arm-none-eabi/7.3.1/../../../../arm-none-eabi/lib/thumb/v6-m/libcr_c.a(pow.o)
                0x00000000000038f4                pow
 .text.ch_val   0x0000000000003e48       0x30 /usr/local/mcuxpressoide-10.3.1_2233/ide/plugins/com.nxp.mcuxpresso.tools.linux_10.3.0.201811011841/tools/bin/../lib/gcc/arm-none-eabi/7.3.1/../../../../arm-none-eabi/lib/thumb/v6-m/libcr_c.a(scanf.o)
 .text._strtoul
                0x0000000000003e78       0xcc /usr/local/mcuxpressoide-10.3.1_2233/ide/plugins/com.nxp.mcuxpresso.tools.linux_10.3.0.201811011841/tools/bin/../lib/gcc/arm-none-eabi/7.3.1/../../../../arm-none-eabi/lib/thumb/v6-m/libcr_c.a(scanf.o)
 .text.strtol   0x0000000000003f44       0x84 /usr/local/mcuxpressoide-10.3.1_2233/ide/plugins/com.nxp.mcuxpresso.tools.linux_10.3.0.201811011841/tools/bin/../lib/gcc/arm-none-eabi/7.3.1/../../../../arm-none-eabi/lib/thumb/v6-m/libcr_c.a(scanf.o)
                0x0000000000003f44                strtol
 .text.atoi     0x0000000000003fc8       0x18 /usr/local/mcuxpressoide-10.3.1_2233/ide/plugins/com.nxp.mcuxpresso.tools.linux_10.3.0.201811011841/tools/bin/../lib/gcc/arm-none-eabi/7.3.1/../../../../arm-none-eabi/lib/thumb/v6-m/libcr_c.a(scanf.o)
                0x0000000000003fc8                atoi
 .text.setvbuf  0x0000000000003fe0       0x48 /usr/local/mcuxpressoide-10.3.1_2233/ide/plugins/com.nxp.mcuxpresso.tools.linux_10.3.0.201811011841/tools/bin/../lib/gcc/arm-none-eabi/7.3.1/../../../../arm-none-eabi/lib/thumb/v6-m/libcr_c.a(setvbuf.o)
                0x0000000000003fe0                setvbuf
 .text.strcmp   0x0000000000004028       0x44 /usr/local/mcuxpressoide-10.3.1_2233/ide/plugins/com.nxp.mcuxpresso.tools.linux_10.3.0.201811011841/tools/bin/../lib/gcc/arm-none-eabi/7.3.1/../../../../arm-none-eabi/lib/thumb/v6-m/libcr_c.a(strcmp.o)
                0x0000000000004028                strcmp
 .text.strlen   0x000000000000406c       0x58 /usr/local/mcuxpressoide-10.3.1_2233/ide/plugins/com.nxp.mcuxpresso.tools.linux_10.3.0.201811011841/tools/bin/../lib/gcc/arm-none-eabi/7.3.1/../../../../arm-none-eabi/lib/thumb/v6-m/libcr_c.a(strlen.o)
                0x000000000000406c                strlen
 .text._deferredlazyseek
                0x00000000000040c4       0x40 /usr/local/mcuxpressoide-10.3.1_2233/ide/plugins/com.nxp.mcuxpresso.tools.linux_10.3.0.201811011841/tools/bin/../lib/gcc/arm-none-eabi/7.3.1/../../../../arm-none-eabi/lib/thumb/v6-m/libcr_c.a(_deferredlazyseek.o)
                0x00000000000040c4                _deferredlazyseek
 .text._fdopen  0x0000000000004104       0x74 /usr/local/mcuxpressoide-10.3.1_2233/ide/plugins/com.nxp.mcuxpresso.tools.linux_10.3.0.201811011841/tools/bin/../lib/gcc/arm-none-eabi/7.3.1/../../../../arm-none-eabi/lib/thumb/v6-m/libcr_c.a(_fdopen.o)
                0x0000000000004104                _fdopen
 .text._fflush  0x0000000000004178       0x5c /usr/local/mcuxpressoide-10.3.1_2233/ide/plugins/com.nxp.mcuxpresso.tools.linux_10.3.0.201811011841/tools/bin/../lib/gcc/arm-none-eabi/7.3.1/../../../../arm-none-eabi/lib/thumb/v6-m/libcr_c.a(_fflush.o)
                0x0000000000004178                _fflush
 .text._Cwritebuf
                0x00000000000041d4       0x68 /usr/local/mcuxpressoide-10.3.1_2233/ide/plugins/com.nxp.mcuxpresso.tools.linux_10.3.0.201811011841/tools/bin/../lib/gcc/arm-none-eabi/7.3.1/../../../../arm-none-eabi/lib/thumb/v6-m/libcr_c.a(_writebuf.o)
                0x00000000000041d4                _Cwritebuf
 .text.fclose   0x000000000000423c       0x5c /usr/local/mcuxpressoide-10.3.1_2233/ide/plugins/com.nxp.mcuxpresso.tools.linux_10.3.0.201811011841/tools/bin/../lib/gcc/arm-none-eabi/7.3.1/../../../../arm-none-eabi/lib/thumb/v6-m/libcr_c.a(fclose.o)
                0x000000000000423c                fclose
 .text.fflush   0x0000000000004298       0x44 /usr/local/mcuxpressoide-10.3.1_2233/ide/plugins/com.nxp.mcuxpresso.tools.linux_10.3.0.201811011841/tools/bin/../lib/gcc/arm-none-eabi/7.3.1/../../../../arm-none-eabi/lib/thumb/v6-m/libcr_c.a(fflush.o)
                0x0000000000004298                fflush
 .text.frexp    0x00000000000042dc       0x80 /usr/local/mcuxpressoide-10.3.1_2233/ide/plugins/com.nxp.mcuxpresso.tools.linux_10.3.0.201811011841/tools/bin/../lib/gcc/arm-none-eabi/7.3.1/../../../../arm-none-eabi/lib/thumb/v6-m/libcr_c.a(frexp.o)
                0x00000000000042dc                frexp
 .text.fseek    0x000000000000435c       0xf0 /usr/local/mcuxpressoide-10.3.1_2233/ide/plugins/com.nxp.mcuxpresso.tools.linux_10.3.0.201811011841/tools/bin/../lib/gcc/arm-none-eabi/7.3.1/../../../../arm-none-eabi/lib/thumb/v6-m/libcr_c.a(fseek.o)
                0x000000000000435c                fseek
 .text.ftell    0x000000000000444c       0x48 /usr/local/mcuxpressoide-10.3.1_2233/ide/plugins/com.nxp.mcuxpresso.tools.linux_10.3.0.201811011841/tools/bin/../lib/gcc/arm-none-eabi/7.3.1/../../../../arm-none-eabi/lib/thumb/v6-m/libcr_c.a(ftell.o)
                0x000000000000444c                ftell
 .text.ldexp    0x0000000000004494       0x58 /usr/local/mcuxpressoide-10.3.1_2233/ide/plugins/com.nxp.mcuxpresso.tools.linux_10.3.0.201811011841/tools/bin/../lib/gcc/arm-none-eabi/7.3.1/../../../../arm-none-eabi/lib/thumb/v6-m/libcr_c.a(ldexp.o)
                0x0000000000004494                ldexp
 .text._do_fflush
                0x00000000000044ec       0x44 /usr/local/mcuxpressoide-10.3.1_2233/ide/plugins/com.nxp.mcuxpresso.tools.linux_10.3.0.201811011841/tools/bin/../lib/gcc/arm-none-eabi/7.3.1/../../../../arm-none-eabi/lib/thumb/v6-m/libcr_c.a(_do_fflush.o)
                0x00000000000044ec                _do_fflush
 .text.__aeabi_dmul
                0x0000000000004530      0x184 /usr/local/mcuxpressoide-10.3.1_2233/ide/plugins/com.nxp.mcuxpresso.tools.linux_10.3.0.201811011841/tools/bin/../lib/gcc/arm-none-eabi/7.3.1/thumb/v6-m/libcr_eabihelpers.a(double.o)
                0x0000000000004530                __aeabi_dmul
 .text.__aeabi_ddiv
                0x00000000000046b4      0x148 /usr/local/mcuxpressoide-10.3.1_2233/ide/plugins/com.nxp.mcuxpresso.tools.linux_10.3.0.201811011841/tools/bin/../lib/gcc/arm-none-eabi/7.3.1/thumb/v6-m/libcr_eabihelpers.a(double.o)
                0x00000000000046b4                __aeabi_ddiv
 .text.__aeabi_dsub
                0x00000000000047fc      0x1bc /usr/local/mcuxpressoide-10.3.1_2233/ide/plugins/com.nxp.mcuxpresso.tools.linux_10.3.0.201811011841/tools/bin/../lib/gcc/arm-none-eabi/7.3.1/thumb/v6-m/libcr_eabihelpers.a(double.o)
                0x00000000000047fc                __aeabi_dsub
 .text.__aeabi_dadd
                0x00000000000049b8      0x128 /usr/local/mcuxpressoide-10.3.1_2233/ide/plugins/com.nxp.mcuxpresso.tools.linux_10.3.0.201811011841/tools/bin/../lib/gcc/arm-none-eabi/7.3.1/thumb/v6-m/libcr_eabihelpers.a(double.o)
                0x00000000000049b8                __aeabi_dadd
 .text.__aeabi_d2iz
                0x0000000000004ae0       0x44 /usr/local/mcuxpressoide-10.3.1_2233/ide/plugins/com.nxp.mcuxpresso.tools.linux_10.3.0.201811011841/tools/bin/../lib/gcc/arm-none-eabi/7.3.1/thumb/v6-m/libcr_eabihelpers.a(double.o)
                0x0000000000004ae0                __aeabi_d2iz
 .text.__aeabi_d2lz
                0x0000000000004b24       0x7c /usr/local/mcuxpressoide-10.3.1_2233/ide/plugins/com.nxp.mcuxpresso.tools.linux_10.3.0.201811011841/tools/bin/../lib/gcc/arm-none-eabi/7.3.1/thumb/v6-m/libcr_eabihelpers.a(double.o)
                0x0000000000004b24                __aeabi_d2lz
 .text.__bhs_ul2d
                0x0000000000004ba0       0xb4 /usr/local/mcuxpressoide-10.3.1_2233/ide/plugins/com.nxp.mcuxpresso.tools.linux_10.3.0.201811011841/tools/bin/../lib/gcc/arm-none-eabi/7.3.1/thumb/v6-m/libcr_eabihelpers.a(double.o)
                0x0000000000004ba0                __bhs_ul2d
 .text.__aeabi_dcmpeq
                0x0000000000004c54       0x30 /usr/local/mcuxpressoide-10.3.1_2233/ide/plugins/com.nxp.mcuxpresso.tools.linux_10.3.0.201811011841/tools/bin/../lib/gcc/arm-none-eabi/7.3.1/thumb/v6-m/libcr_eabihelpers.a(double.o)
                0x0000000000004c54                __aeabi_dcmpeq
 .text.__aeabi_dcmplt
                0x0000000000004c84       0x5c /usr/local/mcuxpressoide-10.3.1_2233/ide/plugins/com.nxp.mcuxpresso.tools.linux_10.3.0.201811011841/tools/bin/../lib/gcc/arm-none-eabi/7.3.1/thumb/v6-m/libcr_eabihelpers.a(double.o)
                0x0000000000004c84                __aeabi_dcmplt
 .text.__aeabi_dcmpgt
                0x0000000000004ce0       0x5c /usr/local/mcuxpressoide-10.3.1_2233/ide/plugins/com.nxp.mcuxpresso.tools.linux_10.3.0.201811011841/tools/bin/../lib/gcc/arm-none-eabi/7.3.1/thumb/v6-m/libcr_eabihelpers.a(double.o)
                0x0000000000004ce0                __aeabi_dcmpgt
 .text.__aeabi_dcmple
                0x0000000000004d3c       0x5c /usr/local/mcuxpressoide-10.3.1_2233/ide/plugins/com.nxp.mcuxpresso.tools.linux_10.3.0.201811011841/tools/bin/../lib/gcc/arm-none-eabi/7.3.1/thumb/v6-m/libcr_eabihelpers.a(double.o)
                0x0000000000004d3c                __aeabi_dcmple
 .text.__aeabi_dcmpge
                0x0000000000004d98       0x60 /usr/local/mcuxpressoide-10.3.1_2233/ide/plugins/com.nxp.mcuxpresso.tools.linux_10.3.0.201811011841/tools/bin/../lib/gcc/arm-none-eabi/7.3.1/thumb/v6-m/libcr_eabihelpers.a(double.o)
                0x0000000000004d98                __aeabi_dcmpge
 .text.UART_EnableTx
                0x0000000000004df8       0x40 ./utilities/fsl_debug_console.o
 .text.UART_EnableRx
                0x0000000000004e38       0x40 ./utilities/fsl_debug_console.o
 .text.LPSCI_EnableTx
                0x0000000000004e78       0x40 ./utilities/fsl_debug_console.o
 .text.LPSCI_EnableRx
                0x0000000000004eb8       0x40 ./utilities/fsl_debug_console.o
 .text.DbgConsole_PrintfPaddingCharacter
                0x0000000000004ef8       0x46 ./utilities/fsl_debug_console.o
 .text.DbgConsole_ConvertRadixNumToString
                0x0000000000004f3e      0x1ce ./utilities/fsl_debug_console.o
 .text.StrCopy  0x000000000000510c       0x42 ./utilities/fsl_shell.o
 .text.StrLen   0x000000000000514e       0x2c ./utilities/fsl_shell.o
 .text.StrCompare
                0x000000000000517a       0x48 ./utilities/fsl_shell.o
 .text.GetChar  0x00000000000051c2       0x22 ./utilities/fsl_shell.o
 .text.GPIO_WritePinOutput
                0x00000000000051e4       0x34 ./source/shell.o
 .text.GPIO_SetPinsOutput
                0x0000000000005218       0x18 ./source/shell.o
 .text.GPIO_ClearPinsOutput
                0x0000000000005230       0x18 ./source/shell.o
 .text.SHELL_SendDataCallback
                0x0000000000005248       0x2c ./source/shell.o
                0x0000000000005248                SHELL_SendDataCallback
 .text.SHELL_ReceiveDataCallback
                0x0000000000005274       0x2e ./source/shell.o
                0x0000000000005274                SHELL_ReceiveDataCallback
 .text.OSC_SetExtRefClkConfig
                0x00000000000052a2       0x3e ./drivers/fsl_clock.o
 .text.OSC_SetCapLoad
                0x00000000000052e0       0x42 ./drivers/fsl_clock.o
 .text.CLOCK_GetPll0RefFreq
                0x0000000000005322       0x10 ./drivers/fsl_clock.o
 .text.CLOCK_SetExternalRefClkConfig
                0x0000000000005332       0x16 ./drivers/fsl_clock.o
                0x0000000000005332                CLOCK_SetExternalRefClkConfig
 .text.LPSCI_GetStatusFlags
                0x0000000000005348       0x26 ./drivers/fsl_lpsci.o
                0x0000000000005348                LPSCI_GetStatusFlags
 .text.UART_GetStatusFlags
                0x000000000000536e       0x26 ./drivers/fsl_uart.o
                0x000000000000536e                UART_GetStatusFlags
 .text.UART_WriteBlocking
                0x0000000000005394       0x3a ./drivers/fsl_uart.o
                0x0000000000005394                UART_WriteBlocking
 .text.__main   0x00000000000053ce        0xc /usr/local/mcuxpressoide-10.3.1_2233/ide/plugins/com.nxp.mcuxpresso.tools.linux_10.3.0.201811011841/tools/bin/../lib/gcc/arm-none-eabi/7.3.1/../../../../arm-none-eabi/lib/thumb/v6-m/libcr_nohost_nf.a(_cr__main.o)
                0x00000000000053ce                __main
 .text.memmove  0x00000000000053da        0x8 /usr/local/mcuxpressoide-10.3.1_2233/ide/plugins/com.nxp.mcuxpresso.tools.linux_10.3.0.201811011841/tools/bin/../lib/gcc/arm-none-eabi/7.3.1/../../../../arm-none-eabi/lib/thumb/v6-m/libcr_c.a(memmove.o)
                0x00000000000053da                memmove
 .text.memset   0x00000000000053e2        0x8 /usr/local/mcuxpressoide-10.3.1_2233/ide/plugins/com.nxp.mcuxpresso.tools.linux_10.3.0.201811011841/tools/bin/../lib/gcc/arm-none-eabi/7.3.1/../../../../arm-none-eabi/lib/thumb/v6-m/libcr_c.a(memset.o)
                0x00000000000053e2                memset
 .text.free     0x00000000000053ea       0x2c /usr/local/mcuxpressoide-10.3.1_2233/ide/plugins/com.nxp.mcuxpresso.tools.linux_10.3.0.201811011841/tools/bin/../lib/gcc/arm-none-eabi/7.3.1/../../../../arm-none-eabi/lib/thumb/v6-m/libcr_c.a(alloc.o)
                0x00000000000053ea                free
 .text.remove   0x0000000000005416       0x12 /usr/local/mcuxpressoide-10.3.1_2233/ide/plugins/com.nxp.mcuxpresso.tools.linux_10.3.0.201811011841/tools/bin/../lib/gcc/arm-none-eabi/7.3.1/../../../../arm-none-eabi/lib/thumb/v6-m/libcr_c.a(remove.o)
                0x0000000000005416                remove
 .text.__aeabi_division_idivmod
                0x0000000000005428       0x78 /usr/local/mcuxpressoide-10.3.1_2233/ide/plugins/com.nxp.mcuxpresso.tools.linux_10.3.0.201811011841/tools/bin/../lib/gcc/arm-none-eabi/7.3.1/thumb/v6-m/libcr_eabihelpers.a(division_32.o)
                0x0000000000005428                __aeabi_idiv
                0x0000000000005428                __aeabi_idivmod
                0x000000000000542e                __aeabi_uidiv
                0x000000000000542e                __aeabi_uidivmod
 .text.__aeabi_division_uldivmod
                0x00000000000054a0       0x5a /usr/local/mcuxpressoide-10.3.1_2233/ide/plugins/com.nxp.mcuxpresso.tools.linux_10.3.0.201811011841/tools/bin/../lib/gcc/arm-none-eabi/7.3.1/thumb/v6-m/libcr_eabihelpers.a(division_64.o)
                0x00000000000054a0                __aeabi_uldivmod
 .text.__aeabi_division_ldivmod
                0x00000000000054fa       0x32 /usr/local/mcuxpressoide-10.3.1_2233/ide/plugins/com.nxp.mcuxpresso.tools.linux_10.3.0.201811011841/tools/bin/../lib/gcc/arm-none-eabi/7.3.1/thumb/v6-m/libcr_eabihelpers.a(division_64.o)
                0x00000000000054fa                __aeabi_ldivmod
 .text.__aeabi_division_idiv0
                0x000000000000552c        0x2 /usr/local/mcuxpressoide-10.3.1_2233/ide/plugins/com.nxp.mcuxpresso.tools.linux_10.3.0.201811011841/tools/bin/../lib/gcc/arm-none-eabi/7.3.1/thumb/v6-m/libcr_eabihelpers.a(division_idiv0.o)
                0x000000000000552c                __aeabi_idiv0
 .text.__bhs_ui2d
                0x000000000000552e       0x5e /usr/local/mcuxpressoide-10.3.1_2233/ide/plugins/com.nxp.mcuxpresso.tools.linux_10.3.0.201811011841/tools/bin/../lib/gcc/arm-none-eabi/7.3.1/thumb/v6-m/libcr_eabihelpers.a(double.o)
                0x000000000000552e                __bhs_ui2d
 .text.__aeabi_i2d
                0x000000000000558c       0x18 /usr/local/mcuxpressoide-10.3.1_2233/ide/plugins/com.nxp.mcuxpresso.tools.linux_10.3.0.201811011841/tools/bin/../lib/gcc/arm-none-eabi/7.3.1/thumb/v6-m/libcr_eabihelpers.a(double.o)
                0x000000000000558c                __aeabi_i2d
 .text.__aeabi_ui2d
                0x00000000000055a4        0xc /usr/local/mcuxpressoide-10.3.1_2233/ide/plugins/com.nxp.mcuxpresso.tools.linux_10.3.0.201811011841/tools/bin/../lib/gcc/arm-none-eabi/7.3.1/thumb/v6-m/libcr_eabihelpers.a(double.o)
                0x00000000000055a4                __aeabi_ui2d
 .text.__aeabi_l2d
                0x00000000000055b0       0x22 /usr/local/mcuxpressoide-10.3.1_2233/ide/plugins/com.nxp.mcuxpresso.tools.linux_10.3.0.201811011841/tools/bin/../lib/gcc/arm-none-eabi/7.3.1/thumb/v6-m/libcr_eabihelpers.a(double.o)
                0x00000000000055b0                __aeabi_l2d
 .text.__aeabi_llong_lmul
                0x00000000000055d2       0x2e /usr/local/mcuxpressoide-10.3.1_2233/ide/plugins/com.nxp.mcuxpresso.tools.linux_10.3.0.201811011841/tools/bin/../lib/gcc/arm-none-eabi/7.3.1/thumb/v6-m/libcr_eabihelpers.a(llong.o)
                0x00000000000055d2                __aeabi_lmul
 .text.__aeabi_memcpy
                0x0000000000005600       0x2c /usr/local/mcuxpressoide-10.3.1_2233/ide/plugins/com.nxp.mcuxpresso.tools.linux_10.3.0.201811011841/tools/bin/../lib/gcc/arm-none-eabi/7.3.1/thumb/v6-m/libcr_eabihelpers.a(memcpy.o)
                0x0000000000005600                __aeabi_memcpy
                0x0000000000005600                __aeabi_memcpy4
                0x0000000000005600                __aeabi_memcpy8
 .text.__aeabi_memmove
                0x000000000000562c       0x1c /usr/local/mcuxpressoide-10.3.1_2233/ide/plugins/com.nxp.mcuxpresso.tools.linux_10.3.0.201811011841/tools/bin/../lib/gcc/arm-none-eabi/7.3.1/thumb/v6-m/libcr_eabihelpers.a(memcpy.o)
                0x000000000000562c                __aeabi_memmove8
                0x000000000000562c                __aeabi_memmove
                0x000000000000562c                __aeabi_memmove4
 .text.__aeabi_memset_lowlevel
                0x0000000000005648       0x2a /usr/local/mcuxpressoide-10.3.1_2233/ide/plugins/com.nxp.mcuxpresso.tools.linux_10.3.0.201811011841/tools/bin/../lib/gcc/arm-none-eabi/7.3.1/thumb/v6-m/libcr_eabihelpers.a(memcpy.o)
                0x0000000000005648                __aeabi_lowlevel_memset
 .text.__sys_close
                0x0000000000005672        0x6 /usr/local/mcuxpressoide-10.3.1_2233/ide/plugins/com.nxp.mcuxpresso.tools.linux_10.3.0.201811011841/tools/bin/../lib/gcc/arm-none-eabi/7.3.1/../../../../arm-none-eabi/lib/thumb/v6-m/libcr_nohost_nf.a(__sys_close.o)
                0x0000000000005672                __sys_close
 .text.__sys_flen
                0x0000000000005678        0x6 /usr/local/mcuxpressoide-10.3.1_2233/ide/plugins/com.nxp.mcuxpresso.tools.linux_10.3.0.201811011841/tools/bin/../lib/gcc/arm-none-eabi/7.3.1/../../../../arm-none-eabi/lib/thumb/v6-m/libcr_nohost_nf.a(__sys_flen.o)
                0x0000000000005678                __sys_flen
 .text.__sys_istty
                0x000000000000567e        0x6 /usr/local/mcuxpressoide-10.3.1_2233/ide/plugins/com.nxp.mcuxpresso.tools.linux_10.3.0.201811011841/tools/bin/../lib/gcc/arm-none-eabi/7.3.1/../../../../arm-none-eabi/lib/thumb/v6-m/libcr_nohost_nf.a(__sys_istty.o)
                0x000000000000567e                __sys_istty
 .text.__sys_remove
                0x0000000000005684        0x6 /usr/local/mcuxpressoide-10.3.1_2233/ide/plugins/com.nxp.mcuxpresso.tools.linux_10.3.0.201811011841/tools/bin/../lib/gcc/arm-none-eabi/7.3.1/../../../../arm-none-eabi/lib/thumb/v6-m/libcr_nohost_nf.a(__sys_remove.o)
                0x0000000000005684                __sys_remove
 .text.__sys_seek
                0x000000000000568a        0x6 /usr/local/mcuxpressoide-10.3.1_2233/ide/plugins/com.nxp.mcuxpresso.tools.linux_10.3.0.201811011841/tools/bin/../lib/gcc/arm-none-eabi/7.3.1/../../../../arm-none-eabi/lib/thumb/v6-m/libcr_nohost_nf.a(__sys_seek.o)
                0x000000000000568a                __sys_seek
 .text.__sys_tmpnam
                0x0000000000005690        0x6 /usr/local/mcuxpressoide-10.3.1_2233/ide/plugins/com.nxp.mcuxpresso.tools.linux_10.3.0.201811011841/tools/bin/../lib/gcc/arm-none-eabi/7.3.1/../../../../arm-none-eabi/lib/thumb/v6-m/libcr_nohost_nf.a(__sys_tmpnam.o)
                0x0000000000005690                __sys_tmpnam
 .text.__sys_write
                0x0000000000005696        0x4 /usr/local/mcuxpressoide-10.3.1_2233/ide/plugins/com.nxp.mcuxpresso.tools.linux_10.3.0.201811011841/tools/bin/../lib/gcc/arm-none-eabi/7.3.1/../../../../arm-none-eabi/lib/thumb/v6-m/libcr_nohost_nf.a(__sys_write.o)
                0x0000000000005696                __sys_write
 *(SORT_BY_ALIGNMENT(.rodata) SORT_BY_ALIGNMENT(.rodata.*) SORT_BY_ALIGNMENT(.constdata) SORT_BY_ALIGNMENT(.constdata.*))
 *fill*         0x000000000000569a        0x6 ff
 .rodata.a1.3930
                0x00000000000056a0       0x88 /usr/local/mcuxpressoide-10.3.1_2233/ide/plugins/com.nxp.mcuxpresso.tools.linux_10.3.0.201811011841/tools/bin/../lib/gcc/arm-none-eabi/7.3.1/../../../../arm-none-eabi/lib/thumb/v6-m/libcr_c.a(pow.o)
 .rodata.a2.3931
                0x0000000000005728       0x40 /usr/local/mcuxpressoide-10.3.1_2233/ide/plugins/com.nxp.mcuxpresso.tools.linux_10.3.0.201811011841/tools/bin/../lib/gcc/arm-none-eabi/7.3.1/../../../../arm-none-eabi/lib/thumb/v6-m/libcr_c.a(pow.o)
 .rodata.__huge_val
                0x0000000000005768        0x8 /usr/local/mcuxpressoide-10.3.1_2233/ide/plugins/com.nxp.mcuxpresso.tools.linux_10.3.0.201811011841/tools/bin/../lib/gcc/arm-none-eabi/7.3.1/../../../../arm-none-eabi/lib/thumb/v6-m/libcr_c.a(_hugeval.o)
                0x0000000000005768                __huge_val
 .rodata.DbgConsole_PrintfFormattedData
                0x0000000000005770       0x44 ./utilities/fsl_debug_console.o
 .rodata        0x00000000000057b4      0x261 ./utilities/fsl_shell.o
 *fill*         0x0000000000005a15        0x3 ff
 .rodata.xHelpCommand
                0x0000000000005a18       0x10 ./utilities/fsl_shell.o
 .rodata.xExitCommand
                0x0000000000005a28       0x10 ./utilities/fsl_shell.o
 .rodata        0x0000000000005a38       0xc5 ./source/shell.o
 *fill*         0x0000000000005afd        0x3 ff
 .rodata.xLedCommand
                0x0000000000005b00       0x10 ./source/shell.o
 .rodata        0x0000000000005b10      0x11d ./drivers/fsl_clock.o
 *fill*         0x0000000000005c2d        0x3 ff
 .rodata.fllFactorTable.5188
                0x0000000000005c30       0x10 ./drivers/fsl_clock.o
 .rodata        0x0000000000005c40        0x4 ./drivers/fsl_common.o
 .rodata        0x0000000000005c44      0x48c ./drivers/fsl_lpsci.o
 .rodata.s_uartBases
                0x00000000000060d0        0xc ./drivers/fsl_uart.o
 .rodata.s_uartClock
                0x00000000000060dc        0xc ./drivers/fsl_uart.o
 .rodata        0x00000000000060e8      0x45b ./drivers/fsl_uart.o
 *fill*         0x0000000000006543        0x1 ff
 .rodata.mcgConfig_BOARD_BootClockRUN
                0x0000000000006544        0xa ./board/clock_config.o
                0x0000000000006544                mcgConfig_BOARD_BootClockRUN
 *fill*         0x000000000000654e        0x2 ff
 .rodata.simConfig_BOARD_BootClockRUN
                0x0000000000006550        0x8 ./board/clock_config.o
                0x0000000000006550                simConfig_BOARD_BootClockRUN
 .rodata.oscConfig_BOARD_BootClockRUN
                0x0000000000006558        0x8 ./board/clock_config.o
                0x0000000000006558                oscConfig_BOARD_BootClockRUN
 .rodata.__num_Ciob_streams
                0x0000000000006560        0x4 /usr/local/mcuxpressoide-10.3.1_2233/ide/plugins/com.nxp.mcuxpresso.tools.linux_10.3.0.201811011841/tools/bin/../lib/gcc/arm-none-eabi/7.3.1/../../../../arm-none-eabi/lib/thumb/v6-m/libcr_nohost_nf.a(__ciob.o)
                0x0000000000006560                __num_Ciob_streams
 .rodata._initio.str1.1
                0x0000000000006564        0x4 /usr/local/mcuxpressoide-10.3.1_2233/ide/plugins/com.nxp.mcuxpresso.tools.linux_10.3.0.201811011841/tools/bin/../lib/gcc/arm-none-eabi/7.3.1/../../../../arm-none-eabi/lib/thumb/v6-m/libcr_c.a(initio.o)
 .rodata.__ctype
                0x0000000000006568      0x180 /usr/local/mcuxpressoide-10.3.1_2233/ide/plugins/com.nxp.mcuxpresso.tools.linux_10.3.0.201811011841/tools/bin/../lib/gcc/arm-none-eabi/7.3.1/../../../../arm-none-eabi/lib/thumb/v6-m/libcr_c.a(ctype.o)
                0x0000000000006568                __ctype
                0x00000000000066e8                . = ALIGN (0x4)

.glue_7         0x00000000000066e8        0x0
 .glue_7        0x00000000000066e8        0x0 linker stubs

.glue_7t        0x00000000000066e8        0x0
 .glue_7t       0x00000000000066e8        0x0 linker stubs

.vfp11_veneer   0x00000000000066e8        0x0
 .vfp11_veneer  0x00000000000066e8        0x0 linker stubs

.v4_bx          0x00000000000066e8        0x0
 .v4_bx         0x00000000000066e8        0x0 linker stubs

.iplt           0x00000000000066e8        0x0
 .iplt          0x00000000000066e8        0x0 ./utilities/fsl_debug_console.o

.rel.dyn        0x00000000000066e8        0x0
 .rel.iplt      0x00000000000066e8        0x0 ./utilities/fsl_debug_console.o

.ARM.extab
 *(SORT_BY_ALIGNMENT(.ARM.extab*) SORT_BY_ALIGNMENT(.gnu.linkonce.armextab.*))
                0x00000000000066e8                __exidx_start = .

.ARM.exidx
 *(SORT_BY_ALIGNMENT(.ARM.exidx*) SORT_BY_ALIGNMENT(.gnu.linkonce.armexidx.*))
                0x00000000000066e8                __exidx_end = .
                0x00000000000066e8                _etext = .

.m_usb_data
 *(SORT_BY_ALIGNMENT(m_usb_bdt))

.mtb_buffer_default
                0x000000001ffff000       0x80
 *(SORT_BY_ALIGNMENT(.mtb*))
 .mtb.$RAM1     0x000000001ffff000       0x80 ./source/mtb.o
                0x000000001ffff000                __mtb_buffer__

.uninit_RESERVED
                0x000000001ffff080        0x0
 *(SORT_BY_ALIGNMENT(.bss.$RESERVED*))
                0x000000001ffff080                . = ALIGN (0x4)
                0x000000001ffff080                _end_uninit_RESERVED = .

.data           0x000000001ffff080        0x8 load address 0x00000000000066e8
 FILL mask 0xff
                0x000000001ffff080                _data = .
 *(SORT_BY_ALIGNMENT(vtable))
 *(SORT_BY_ALIGNMENT(.ramfunc*))
 *(SORT_BY_ALIGNMENT(.data*))
 .data.s_slowIrcFreq
                0x000000001ffff080        0x4 ./drivers/fsl_clock.o
 .data.SystemCoreClock
                0x000000001ffff084        0x4 ./CMSIS/system_MKL25Z4.o
                0x000000001ffff084                SystemCoreClock
                0x000000001ffff088                . = ALIGN (0x4)
                0x000000001ffff088                _edata = .

.igot.plt       0x000000001ffff088        0x0 load address 0x00000000000066f0
 .igot.plt      0x000000001ffff088        0x0 ./utilities/fsl_debug_console.o

.bss            0x000000001ffff088      0x180 load address 0x00000000000066f0
                0x000000001ffff088                _bss = .
 *(SORT_BY_ALIGNMENT(.bss*))
 .bss.s_debugConsole
                0x000000001ffff088       0x10 ./utilities/fsl_debug_console.o
 .bss.g_RegisteredCommands
                0x000000001ffff098       0x54 ./utilities/fsl_shell.o
 .bss.g_paramBuffer
                0x000000001ffff0ec       0x40 ./utilities/fsl_shell.o
 .bss.tmpCommand.5190
                0x000000001ffff12c        0x4 ./utilities/fsl_shell.o
 .bss.tmpCommandString.5191
                0x000000001ffff130        0x4 ./utilities/fsl_shell.o
 .bss.g_xtal0Freq
                0x000000001ffff134        0x4 ./drivers/fsl_clock.o
                0x000000001ffff134                g_xtal0Freq
 .bss.s_lpsciHandle
                0x000000001ffff138        0x4 ./drivers/fsl_lpsci.o
 .bss.s_lpsciIsr
                0x000000001ffff13c        0x4 ./drivers/fsl_lpsci.o
 .bss.s_uartHandle
                0x000000001ffff140        0xc ./drivers/fsl_uart.o
 .bss.s_uartIsr
                0x000000001ffff14c        0x4 ./drivers/fsl_uart.o
 .bss.errno     0x000000001ffff150        0x4 /usr/local/mcuxpressoide-10.3.1_2233/ide/plugins/com.nxp.mcuxpresso.tools.linux_10.3.0.201811011841/tools/bin/../lib/gcc/arm-none-eabi/7.3.1/../../../../arm-none-eabi/lib/thumb/v6-m/libcr_c.a(errno.o)
                0x000000001ffff150                errno
 .bss.__Ciob    0x000000001ffff154       0xb4 /usr/local/mcuxpressoide-10.3.1_2233/ide/plugins/com.nxp.mcuxpresso.tools.linux_10.3.0.201811011841/tools/bin/../lib/gcc/arm-none-eabi/7.3.1/../../../../arm-none-eabi/lib/thumb/v6-m/libcr_nohost_nf.a(__ciob.o)
                0x000000001ffff154                __Ciob
 *(SORT_BY_ALIGNMENT(COMMON))
                0x000000001ffff208                . = ALIGN (0x4)
                0x000000001ffff208                _ebss = .
                [!provide]                        PROVIDE (end = .)

.noinit         0x000000001ffff208        0x0 load address 0x00000000000066f0
                0x000000001ffff208                _noinit = .
 *(SORT_BY_ALIGNMENT(.noinit*))
                0x000000001ffff208                . = ALIGN (0x4)
                0x000000001ffff208                _end_noinit = .
                0x0000000000000400                _HeapSize = 0x400

.heap           0x000000001ffff208      0x400 load address 0x00000000000066f0
                0x000000001ffff208                _pvHeapStart = .
                0x000000001ffff608                . = (. + _HeapSize)
 *fill*         0x000000001ffff208      0x400 
                0x000000001ffff608                . = ALIGN (0x4)
                0x000000001ffff608                _pvHeapLimit = .
                0x0000000000000400                _StackSize = 0x400

.heap2stackfill
                0x000000001ffff608      0x400 load address 0x00000000000066f0
                0x000000001ffffa08                . = (. + _StackSize)
 *fill*         0x000000001ffff608      0x400 

.stack          0x0000000020002c00        0x0
                0x0000000020002c00                _vStackBase = .
                0x0000000020002c00                . = ALIGN (0x4)
                0x0000000020003000                _vStackTop = (. + _StackSize)
                0x0000000000000000                _image_start = LOADADDR (.text)
                0x00000000000066f0                _image_end = (LOADADDR (.data) + SIZEOF (.data))
                0x00000000000066f0                _image_size = (_image_end - _image_start)
OUTPUT(FRDM_KL25Z_Shell.axf elf32-littlearm)

.debug_info     0x0000000000000000     0x8700
 .debug_info    0x0000000000000000      0xfaf ./utilities/fsl_debug_console.o
 .debug_info    0x0000000000000faf      0x964 ./utilities/fsl_shell.o
 .debug_info    0x0000000000001913      0x497 ./startup/startup_mkl25z4.o
 .debug_info    0x0000000000001daa       0x4e ./source/mtb.o
 .debug_info    0x0000000000001df8       0x37 ./source/semihost_hardfault.o
 .debug_info    0x0000000000001e2f      0xa54 ./source/shell.o
 .debug_info    0x0000000000002883     0x195e ./drivers/fsl_clock.o
 .debug_info    0x00000000000041e1      0x41e ./drivers/fsl_common.o
 .debug_info    0x00000000000045ff     0x1388 ./drivers/fsl_lpsci.o
 .debug_info    0x0000000000005987     0x1332 ./drivers/fsl_uart.o
 .debug_info    0x0000000000006cb9      0x692 ./board/board.o
 .debug_info    0x000000000000734b      0xa66 ./board/clock_config.o
 .debug_info    0x0000000000007db1      0x555 ./board/pin_mux.o
 .debug_info    0x0000000000008306      0x3fa ./CMSIS/system_MKL25Z4.o

.debug_abbrev   0x0000000000000000     0x19cc
 .debug_abbrev  0x0000000000000000      0x291 ./utilities/fsl_debug_console.o
 .debug_abbrev  0x0000000000000291      0x204 ./utilities/fsl_shell.o
 .debug_abbrev  0x0000000000000495      0x16a ./startup/startup_mkl25z4.o
 .debug_abbrev  0x00000000000005ff       0x41 ./source/mtb.o
 .debug_abbrev  0x0000000000000640       0x2c ./source/semihost_hardfault.o
 .debug_abbrev  0x000000000000066c      0x223 ./source/shell.o
 .debug_abbrev  0x000000000000088f      0x326 ./drivers/fsl_clock.o
 .debug_abbrev  0x0000000000000bb5      0x247 ./drivers/fsl_common.o
 .debug_abbrev  0x0000000000000dfc      0x2ca ./drivers/fsl_lpsci.o
 .debug_abbrev  0x00000000000010c6      0x2e2 ./drivers/fsl_uart.o
 .debug_abbrev  0x00000000000013a8      0x164 ./board/board.o
 .debug_abbrev  0x000000000000150c      0x1f1 ./board/clock_config.o
 .debug_abbrev  0x00000000000016fd      0x196 ./board/pin_mux.o
 .debug_abbrev  0x0000000000001893      0x139 ./CMSIS/system_MKL25Z4.o

.debug_aranges  0x0000000000000000      0x830
 .debug_aranges
                0x0000000000000000       0x98 ./utilities/fsl_debug_console.o
 .debug_aranges
                0x0000000000000098       0x80 ./utilities/fsl_shell.o
 .debug_aranges
                0x0000000000000118      0x160 ./startup/startup_mkl25z4.o
 .debug_aranges
                0x0000000000000278       0x18 ./source/mtb.o
 .debug_aranges
                0x0000000000000290       0x20 ./source/semihost_hardfault.o
 .debug_aranges
                0x00000000000002b0       0x58 ./source/shell.o
 .debug_aranges
                0x0000000000000308      0x1d8 ./drivers/fsl_clock.o
 .debug_aranges
                0x00000000000004e0       0x38 ./drivers/fsl_common.o
 .debug_aranges
                0x0000000000000518      0x118 ./drivers/fsl_lpsci.o
 .debug_aranges
                0x0000000000000630      0x130 ./drivers/fsl_uart.o
 .debug_aranges
                0x0000000000000760       0x28 ./board/board.o
 .debug_aranges
                0x0000000000000788       0x50 ./board/clock_config.o
 .debug_aranges
                0x00000000000007d8       0x30 ./board/pin_mux.o
 .debug_aranges
                0x0000000000000808       0x28 ./CMSIS/system_MKL25Z4.o

.debug_ranges   0x0000000000000000      0x748
 .debug_ranges  0x0000000000000000       0x88 ./utilities/fsl_debug_console.o
 .debug_ranges  0x0000000000000088       0x70 ./utilities/fsl_shell.o
 .debug_ranges  0x00000000000000f8      0x150 ./startup/startup_mkl25z4.o
 .debug_ranges  0x0000000000000248       0x10 ./source/semihost_hardfault.o
 .debug_ranges  0x0000000000000258       0x48 ./source/shell.o
 .debug_ranges  0x00000000000002a0      0x1c8 ./drivers/fsl_clock.o
 .debug_ranges  0x0000000000000468       0x28 ./drivers/fsl_common.o
 .debug_ranges  0x0000000000000490      0x108 ./drivers/fsl_lpsci.o
 .debug_ranges  0x0000000000000598      0x120 ./drivers/fsl_uart.o
 .debug_ranges  0x00000000000006b8       0x18 ./board/board.o
 .debug_ranges  0x00000000000006d0       0x40 ./board/clock_config.o
 .debug_ranges  0x0000000000000710       0x20 ./board/pin_mux.o
 .debug_ranges  0x0000000000000730       0x18 ./CMSIS/system_MKL25Z4.o

.debug_line     0x0000000000000000     0x3231
 .debug_line    0x0000000000000000      0x7c8 ./utilities/fsl_debug_console.o
 .debug_line    0x00000000000007c8      0x4b2 ./utilities/fsl_shell.o
 .debug_line    0x0000000000000c7a      0x128 ./startup/startup_mkl25z4.o
 .debug_line    0x0000000000000da2       0x30 ./source/mtb.o
 .debug_line    0x0000000000000dd2       0x54 ./source/semihost_hardfault.o
 .debug_line    0x0000000000000e26      0x2c3 ./source/shell.o
 .debug_line    0x00000000000010e9      0x940 ./drivers/fsl_clock.o
 .debug_line    0x0000000000001a29      0x24e ./drivers/fsl_common.o
 .debug_line    0x0000000000001c77      0x6f3 ./drivers/fsl_lpsci.o
 .debug_line    0x000000000000236a      0x6f6 ./drivers/fsl_uart.o
 .debug_line    0x0000000000002a60      0x1c3 ./board/board.o
 .debug_line    0x0000000000002c23      0x25d ./board/clock_config.o
 .debug_line    0x0000000000002e80      0x1e0 ./board/pin_mux.o
 .debug_line    0x0000000000003060      0x1d1 ./CMSIS/system_MKL25Z4.o

.debug_str      0x0000000000000000     0x40b8
 .debug_str     0x0000000000000000      0xde5 ./utilities/fsl_debug_console.o
                                        0xe87 (size before relaxing)
 .debug_str     0x0000000000000de5      0x34d ./utilities/fsl_shell.o
                                        0x9ff (size before relaxing)
 .debug_str     0x0000000000001132      0x394 ./startup/startup_mkl25z4.o
                                        0x49a (size before relaxing)
 .debug_str     0x00000000000014c6       0x1f ./source/mtb.o
                                        0x124 (size before relaxing)
 .debug_str     0x00000000000014e5       0x1f ./source/semihost_hardfault.o
                                        0x124 (size before relaxing)
 .debug_str     0x0000000000001504      0x4dd ./source/shell.o
                                        0xd2c (size before relaxing)
 .debug_str     0x00000000000019e1      0xddc ./drivers/fsl_clock.o
                                       0x17c5 (size before relaxing)
 .debug_str     0x00000000000027bd      0x302 ./drivers/fsl_common.o
                                        0x4e7 (size before relaxing)
 .debug_str     0x0000000000002abf      0x9ce ./drivers/fsl_lpsci.o
                                       0x158d (size before relaxing)
 .debug_str     0x000000000000348d      0x819 ./drivers/fsl_uart.o
                                       0x1599 (size before relaxing)
 .debug_str     0x0000000000003ca6       0x4c ./board/board.o
                                        0x66e (size before relaxing)
 .debug_str     0x0000000000003cf2      0x222 ./board/clock_config.o
                                        0xd97 (size before relaxing)
 .debug_str     0x0000000000003f14      0x155 ./board/pin_mux.o
                                        0x5a2 (size before relaxing)
 .debug_str     0x0000000000004069       0x4f ./CMSIS/system_MKL25Z4.o
                                        0x306 (size before relaxing)

.comment        0x0000000000000000       0x7f
 .comment       0x0000000000000000       0x7f ./utilities/fsl_debug_console.o
                                         0x80 (size before relaxing)
 .comment       0x000000000000007f       0x80 ./utilities/fsl_shell.o
 .comment       0x000000000000007f       0x80 ./startup/startup_mkl25z4.o
 .comment       0x000000000000007f       0x80 ./source/mtb.o
 .comment       0x000000000000007f       0x80 ./source/semihost_hardfault.o
 .comment       0x000000000000007f       0x80 ./source/shell.o
 .comment       0x000000000000007f       0x80 ./drivers/fsl_clock.o
 .comment       0x000000000000007f       0x80 ./drivers/fsl_common.o
 .comment       0x000000000000007f       0x80 ./drivers/fsl_lpsci.o
 .comment       0x000000000000007f       0x80 ./drivers/fsl_uart.o
 .comment       0x000000000000007f       0x80 ./board/board.o
 .comment       0x000000000000007f       0x80 ./board/clock_config.o
 .comment       0x000000000000007f       0x80 ./board/pin_mux.o
 .comment       0x000000000000007f       0x80 ./CMSIS/system_MKL25Z4.o
 .comment       0x000000000000007f       0x80 /usr/local/mcuxpressoide-10.3.1_2233/ide/plugins/com.nxp.mcuxpresso.tools.linux_10.3.0.201811011841/tools/bin/../lib/gcc/arm-none-eabi/7.3.1/../../../../arm-none-eabi/lib/thumb/v6-m/libcr_nohost_nf.a(_cr__main.o)
 .comment       0x000000000000007f       0x80 /usr/local/mcuxpressoide-10.3.1_2233/ide/plugins/com.nxp.mcuxpresso.tools.linux_10.3.0.201811011841/tools/bin/../lib/gcc/arm-none-eabi/7.3.1/../../../../arm-none-eabi/lib/thumb/v6-m/libcr_c.a(memmove.o)
 .comment       0x000000000000007f       0x80 /usr/local/mcuxpressoide-10.3.1_2233/ide/plugins/com.nxp.mcuxpresso.tools.linux_10.3.0.201811011841/tools/bin/../lib/gcc/arm-none-eabi/7.3.1/../../../../arm-none-eabi/lib/thumb/v6-m/libcr_c.a(memset.o)
 .comment       0x000000000000007f       0x80 /usr/local/mcuxpressoide-10.3.1_2233/ide/plugins/com.nxp.mcuxpresso.tools.linux_10.3.0.201811011841/tools/bin/../lib/gcc/arm-none-eabi/7.3.1/../../../../arm-none-eabi/lib/thumb/v6-m/libcr_c.a(initio.o)
 .comment       0x000000000000007f       0x80 /usr/local/mcuxpressoide-10.3.1_2233/ide/plugins/com.nxp.mcuxpresso.tools.linux_10.3.0.201811011841/tools/bin/../lib/gcc/arm-none-eabi/7.3.1/../../../../arm-none-eabi/lib/thumb/v6-m/libcr_c.a(modf.o)
 .comment       0x000000000000007f       0x80 /usr/local/mcuxpressoide-10.3.1_2233/ide/plugins/com.nxp.mcuxpresso.tools.linux_10.3.0.201811011841/tools/bin/../lib/gcc/arm-none-eabi/7.3.1/../../../../arm-none-eabi/lib/thumb/v6-m/libcr_c.a(pow.o)
 .comment       0x000000000000007f       0x80 /usr/local/mcuxpressoide-10.3.1_2233/ide/plugins/com.nxp.mcuxpresso.tools.linux_10.3.0.201811011841/tools/bin/../lib/gcc/arm-none-eabi/7.3.1/../../../../arm-none-eabi/lib/thumb/v6-m/libcr_c.a(scanf.o)
 .comment       0x000000000000007f       0x80 /usr/local/mcuxpressoide-10.3.1_2233/ide/plugins/com.nxp.mcuxpresso.tools.linux_10.3.0.201811011841/tools/bin/../lib/gcc/arm-none-eabi/7.3.1/../../../../arm-none-eabi/lib/thumb/v6-m/libcr_c.a(setvbuf.o)
 .comment       0x000000000000007f       0x80 /usr/local/mcuxpressoide-10.3.1_2233/ide/plugins/com.nxp.mcuxpresso.tools.linux_10.3.0.201811011841/tools/bin/../lib/gcc/arm-none-eabi/7.3.1/../../../../arm-none-eabi/lib/thumb/v6-m/libcr_c.a(strcmp.o)
 .comment       0x000000000000007f       0x80 /usr/local/mcuxpressoide-10.3.1_2233/ide/plugins/com.nxp.mcuxpresso.tools.linux_10.3.0.201811011841/tools/bin/../lib/gcc/arm-none-eabi/7.3.1/../../../../arm-none-eabi/lib/thumb/v6-m/libcr_c.a(strlen.o)
 .comment       0x000000000000007f       0x80 /usr/local/mcuxpressoide-10.3.1_2233/ide/plugins/com.nxp.mcuxpresso.tools.linux_10.3.0.201811011841/tools/bin/../lib/gcc/arm-none-eabi/7.3.1/../../../../arm-none-eabi/lib/thumb/v6-m/libcr_c.a(_deferredlazyseek.o)
 .comment       0x000000000000007f       0x80 /usr/local/mcuxpressoide-10.3.1_2233/ide/plugins/com.nxp.mcuxpresso.tools.linux_10.3.0.201811011841/tools/bin/../lib/gcc/arm-none-eabi/7.3.1/../../../../arm-none-eabi/lib/thumb/v6-m/libcr_c.a(_fdopen.o)
 .comment       0x000000000000007f       0x80 /usr/local/mcuxpressoide-10.3.1_2233/ide/plugins/com.nxp.mcuxpresso.tools.linux_10.3.0.201811011841/tools/bin/../lib/gcc/arm-none-eabi/7.3.1/../../../../arm-none-eabi/lib/thumb/v6-m/libcr_c.a(_fflush.o)
 .comment       0x000000000000007f       0x80 /usr/local/mcuxpressoide-10.3.1_2233/ide/plugins/com.nxp.mcuxpresso.tools.linux_10.3.0.201811011841/tools/bin/../lib/gcc/arm-none-eabi/7.3.1/../../../../arm-none-eabi/lib/thumb/v6-m/libcr_c.a(_hugeval.o)
 .comment       0x000000000000007f       0x80 /usr/local/mcuxpressoide-10.3.1_2233/ide/plugins/com.nxp.mcuxpresso.tools.linux_10.3.0.201811011841/tools/bin/../lib/gcc/arm-none-eabi/7.3.1/../../../../arm-none-eabi/lib/thumb/v6-m/libcr_c.a(_writebuf.o)
 .comment       0x000000000000007f       0x80 /usr/local/mcuxpressoide-10.3.1_2233/ide/plugins/com.nxp.mcuxpresso.tools.linux_10.3.0.201811011841/tools/bin/../lib/gcc/arm-none-eabi/7.3.1/../../../../arm-none-eabi/lib/thumb/v6-m/libcr_c.a(alloc.o)
 .comment       0x000000000000007f       0x80 /usr/local/mcuxpressoide-10.3.1_2233/ide/plugins/com.nxp.mcuxpresso.tools.linux_10.3.0.201811011841/tools/bin/../lib/gcc/arm-none-eabi/7.3.1/../../../../arm-none-eabi/lib/thumb/v6-m/libcr_c.a(ctype.o)
 .comment       0x000000000000007f       0x80 /usr/local/mcuxpressoide-10.3.1_2233/ide/plugins/com.nxp.mcuxpresso.tools.linux_10.3.0.201811011841/tools/bin/../lib/gcc/arm-none-eabi/7.3.1/../../../../arm-none-eabi/lib/thumb/v6-m/libcr_c.a(errno.o)
 .comment       0x000000000000007f       0x80 /usr/local/mcuxpressoide-10.3.1_2233/ide/plugins/com.nxp.mcuxpresso.tools.linux_10.3.0.201811011841/tools/bin/../lib/gcc/arm-none-eabi/7.3.1/../../../../arm-none-eabi/lib/thumb/v6-m/libcr_c.a(fclose.o)
 .comment       0x000000000000007f       0x80 /usr/local/mcuxpressoide-10.3.1_2233/ide/plugins/com.nxp.mcuxpresso.tools.linux_10.3.0.201811011841/tools/bin/../lib/gcc/arm-none-eabi/7.3.1/../../../../arm-none-eabi/lib/thumb/v6-m/libcr_c.a(fflush.o)
 .comment       0x000000000000007f       0x80 /usr/local/mcuxpressoide-10.3.1_2233/ide/plugins/com.nxp.mcuxpresso.tools.linux_10.3.0.201811011841/tools/bin/../lib/gcc/arm-none-eabi/7.3.1/../../../../arm-none-eabi/lib/thumb/v6-m/libcr_c.a(frexp.o)
 .comment       0x000000000000007f       0x80 /usr/local/mcuxpressoide-10.3.1_2233/ide/plugins/com.nxp.mcuxpresso.tools.linux_10.3.0.201811011841/tools/bin/../lib/gcc/arm-none-eabi/7.3.1/../../../../arm-none-eabi/lib/thumb/v6-m/libcr_c.a(fseek.o)
 .comment       0x000000000000007f       0x80 /usr/local/mcuxpressoide-10.3.1_2233/ide/plugins/com.nxp.mcuxpresso.tools.linux_10.3.0.201811011841/tools/bin/../lib/gcc/arm-none-eabi/7.3.1/../../../../arm-none-eabi/lib/thumb/v6-m/libcr_c.a(ftell.o)
 .comment       0x000000000000007f       0x80 /usr/local/mcuxpressoide-10.3.1_2233/ide/plugins/com.nxp.mcuxpresso.tools.linux_10.3.0.201811011841/tools/bin/../lib/gcc/arm-none-eabi/7.3.1/../../../../arm-none-eabi/lib/thumb/v6-m/libcr_c.a(ldexp.o)
 .comment       0x000000000000007f       0x80 /usr/local/mcuxpressoide-10.3.1_2233/ide/plugins/com.nxp.mcuxpresso.tools.linux_10.3.0.201811011841/tools/bin/../lib/gcc/arm-none-eabi/7.3.1/../../../../arm-none-eabi/lib/thumb/v6-m/libcr_c.a(remove.o)
 .comment       0x000000000000007f       0x80 /usr/local/mcuxpressoide-10.3.1_2233/ide/plugins/com.nxp.mcuxpresso.tools.linux_10.3.0.201811011841/tools/bin/../lib/gcc/arm-none-eabi/7.3.1/../../../../arm-none-eabi/lib/thumb/v6-m/libcr_c.a(_do_fflush.o)
 .comment       0x000000000000007f       0x80 /usr/local/mcuxpressoide-10.3.1_2233/ide/plugins/com.nxp.mcuxpresso.tools.linux_10.3.0.201811011841/tools/bin/../lib/gcc/arm-none-eabi/7.3.1/thumb/v6-m/libcr_eabihelpers.a(double.o)
 .comment       0x000000000000007f       0x80 /usr/local/mcuxpressoide-10.3.1_2233/ide/plugins/com.nxp.mcuxpresso.tools.linux_10.3.0.201811011841/tools/bin/../lib/gcc/arm-none-eabi/7.3.1/../../../../arm-none-eabi/lib/thumb/v6-m/libcr_nohost_nf.a(__ciob.o)
 .comment       0x000000000000007f       0x80 /usr/local/mcuxpressoide-10.3.1_2233/ide/plugins/com.nxp.mcuxpresso.tools.linux_10.3.0.201811011841/tools/bin/../lib/gcc/arm-none-eabi/7.3.1/../../../../arm-none-eabi/lib/thumb/v6-m/libcr_nohost_nf.a(__sys_close.o)
 .comment       0x000000000000007f       0x80 /usr/local/mcuxpressoide-10.3.1_2233/ide/plugins/com.nxp.mcuxpresso.tools.linux_10.3.0.201811011841/tools/bin/../lib/gcc/arm-none-eabi/7.3.1/../../../../arm-none-eabi/lib/thumb/v6-m/libcr_nohost_nf.a(__sys_flen.o)
 .comment       0x000000000000007f       0x80 /usr/local/mcuxpressoide-10.3.1_2233/ide/plugins/com.nxp.mcuxpresso.tools.linux_10.3.0.201811011841/tools/bin/../lib/gcc/arm-none-eabi/7.3.1/../../../../arm-none-eabi/lib/thumb/v6-m/libcr_nohost_nf.a(__sys_istty.o)
 .comment       0x000000000000007f       0x80 /usr/local/mcuxpressoide-10.3.1_2233/ide/plugins/com.nxp.mcuxpresso.tools.linux_10.3.0.201811011841/tools/bin/../lib/gcc/arm-none-eabi/7.3.1/../../../../arm-none-eabi/lib/thumb/v6-m/libcr_nohost_nf.a(__sys_remove.o)
 .comment       0x000000000000007f       0x80 /usr/local/mcuxpressoide-10.3.1_2233/ide/plugins/com.nxp.mcuxpresso.tools.linux_10.3.0.201811011841/tools/bin/../lib/gcc/arm-none-eabi/7.3.1/../../../../arm-none-eabi/lib/thumb/v6-m/libcr_nohost_nf.a(__sys_seek.o)
 .comment       0x000000000000007f       0x80 /usr/local/mcuxpressoide-10.3.1_2233/ide/plugins/com.nxp.mcuxpresso.tools.linux_10.3.0.201811011841/tools/bin/../lib/gcc/arm-none-eabi/7.3.1/../../../../arm-none-eabi/lib/thumb/v6-m/libcr_nohost_nf.a(__sys_tmpnam.o)
 .comment       0x000000000000007f       0x80 /usr/local/mcuxpressoide-10.3.1_2233/ide/plugins/com.nxp.mcuxpresso.tools.linux_10.3.0.201811011841/tools/bin/../lib/gcc/arm-none-eabi/7.3.1/../../../../arm-none-eabi/lib/thumb/v6-m/libcr_nohost_nf.a(__sys_write.o)

.ARM.attributes
                0x0000000000000000       0x30
 .ARM.attributes
                0x0000000000000000       0x32 ./utilities/fsl_debug_console.o
 .ARM.attributes
                0x0000000000000032       0x32 ./utilities/fsl_shell.o
 .ARM.attributes
                0x0000000000000064       0x32 ./startup/startup_mkl25z4.o
 .ARM.attributes
                0x0000000000000096       0x32 ./source/mtb.o
 .ARM.attributes
                0x00000000000000c8       0x32 ./source/semihost_hardfault.o
 .ARM.attributes
                0x00000000000000fa       0x32 ./source/shell.o
 .ARM.attributes
                0x000000000000012c       0x32 ./drivers/fsl_clock.o
 .ARM.attributes
                0x000000000000015e       0x32 ./drivers/fsl_common.o
 .ARM.attributes
                0x0000000000000190       0x32 ./drivers/fsl_lpsci.o
 .ARM.attributes
                0x00000000000001c2       0x32 ./drivers/fsl_uart.o
 .ARM.attributes
                0x00000000000001f4       0x32 ./board/board.o
 .ARM.attributes
                0x0000000000000226       0x32 ./board/clock_config.o
 .ARM.attributes
                0x0000000000000258       0x32 ./board/pin_mux.o
 .ARM.attributes
                0x000000000000028a       0x32 ./CMSIS/system_MKL25Z4.o
 .ARM.attributes
                0x00000000000002bc       0x31 /usr/local/mcuxpressoide-10.3.1_2233/ide/plugins/com.nxp.mcuxpresso.tools.linux_10.3.0.201811011841/tools/bin/../lib/gcc/arm-none-eabi/7.3.1/../../../../arm-none-eabi/lib/thumb/v6-m/libcr_nohost_nf.a(_cr__main.o)
 .ARM.attributes
                0x00000000000002ed       0x31 /usr/local/mcuxpressoide-10.3.1_2233/ide/plugins/com.nxp.mcuxpresso.tools.linux_10.3.0.201811011841/tools/bin/../lib/gcc/arm-none-eabi/7.3.1/../../../../arm-none-eabi/lib/thumb/v6-m/libcr_c.a(memmove.o)
 .ARM.attributes
                0x000000000000031e       0x31 /usr/local/mcuxpressoide-10.3.1_2233/ide/plugins/com.nxp.mcuxpresso.tools.linux_10.3.0.201811011841/tools/bin/../lib/gcc/arm-none-eabi/7.3.1/../../../../arm-none-eabi/lib/thumb/v6-m/libcr_c.a(memset.o)
 .ARM.attributes
                0x000000000000034f       0x31 /usr/local/mcuxpressoide-10.3.1_2233/ide/plugins/com.nxp.mcuxpresso.tools.linux_10.3.0.201811011841/tools/bin/../lib/gcc/arm-none-eabi/7.3.1/../../../../arm-none-eabi/lib/thumb/v6-m/libcr_c.a(initio.o)
 .ARM.attributes
                0x0000000000000380       0x31 /usr/local/mcuxpressoide-10.3.1_2233/ide/plugins/com.nxp.mcuxpresso.tools.linux_10.3.0.201811011841/tools/bin/../lib/gcc/arm-none-eabi/7.3.1/../../../../arm-none-eabi/lib/thumb/v6-m/libcr_c.a(modf.o)
 .ARM.attributes
                0x00000000000003b1       0x31 /usr/local/mcuxpressoide-10.3.1_2233/ide/plugins/com.nxp.mcuxpresso.tools.linux_10.3.0.201811011841/tools/bin/../lib/gcc/arm-none-eabi/7.3.1/../../../../arm-none-eabi/lib/thumb/v6-m/libcr_c.a(pow.o)
 .ARM.attributes
                0x00000000000003e2       0x31 /usr/local/mcuxpressoide-10.3.1_2233/ide/plugins/com.nxp.mcuxpresso.tools.linux_10.3.0.201811011841/tools/bin/../lib/gcc/arm-none-eabi/7.3.1/../../../../arm-none-eabi/lib/thumb/v6-m/libcr_c.a(scanf.o)
 .ARM.attributes
                0x0000000000000413       0x31 /usr/local/mcuxpressoide-10.3.1_2233/ide/plugins/com.nxp.mcuxpresso.tools.linux_10.3.0.201811011841/tools/bin/../lib/gcc/arm-none-eabi/7.3.1/../../../../arm-none-eabi/lib/thumb/v6-m/libcr_c.a(setvbuf.o)
 .ARM.attributes
                0x0000000000000444       0x31 /usr/local/mcuxpressoide-10.3.1_2233/ide/plugins/com.nxp.mcuxpresso.tools.linux_10.3.0.201811011841/tools/bin/../lib/gcc/arm-none-eabi/7.3.1/../../../../arm-none-eabi/lib/thumb/v6-m/libcr_c.a(strcmp.o)
 .ARM.attributes
                0x0000000000000475       0x31 /usr/local/mcuxpressoide-10.3.1_2233/ide/plugins/com.nxp.mcuxpresso.tools.linux_10.3.0.201811011841/tools/bin/../lib/gcc/arm-none-eabi/7.3.1/../../../../arm-none-eabi/lib/thumb/v6-m/libcr_c.a(strlen.o)
 .ARM.attributes
                0x00000000000004a6       0x31 /usr/local/mcuxpressoide-10.3.1_2233/ide/plugins/com.nxp.mcuxpresso.tools.linux_10.3.0.201811011841/tools/bin/../lib/gcc/arm-none-eabi/7.3.1/../../../../arm-none-eabi/lib/thumb/v6-m/libcr_c.a(_deferredlazyseek.o)
 .ARM.attributes
                0x00000000000004d7       0x31 /usr/local/mcuxpressoide-10.3.1_2233/ide/plugins/com.nxp.mcuxpresso.tools.linux_10.3.0.201811011841/tools/bin/../lib/gcc/arm-none-eabi/7.3.1/../../../../arm-none-eabi/lib/thumb/v6-m/libcr_c.a(_fdopen.o)
 .ARM.attributes
                0x0000000000000508       0x31 /usr/local/mcuxpressoide-10.3.1_2233/ide/plugins/com.nxp.mcuxpresso.tools.linux_10.3.0.201811011841/tools/bin/../lib/gcc/arm-none-eabi/7.3.1/../../../../arm-none-eabi/lib/thumb/v6-m/libcr_c.a(_fflush.o)
 .ARM.attributes
                0x0000000000000539       0x31 /usr/local/mcuxpressoide-10.3.1_2233/ide/plugins/com.nxp.mcuxpresso.tools.linux_10.3.0.201811011841/tools/bin/../lib/gcc/arm-none-eabi/7.3.1/../../../../arm-none-eabi/lib/thumb/v6-m/libcr_c.a(_hugeval.o)
 .ARM.attributes
                0x000000000000056a       0x31 /usr/local/mcuxpressoide-10.3.1_2233/ide/plugins/com.nxp.mcuxpresso.tools.linux_10.3.0.201811011841/tools/bin/../lib/gcc/arm-none-eabi/7.3.1/../../../../arm-none-eabi/lib/thumb/v6-m/libcr_c.a(_writebuf.o)
 .ARM.attributes
                0x000000000000059b       0x31 /usr/local/mcuxpressoide-10.3.1_2233/ide/plugins/com.nxp.mcuxpresso.tools.linux_10.3.0.201811011841/tools/bin/../lib/gcc/arm-none-eabi/7.3.1/../../../../arm-none-eabi/lib/thumb/v6-m/libcr_c.a(alloc.o)
 .ARM.attributes
                0x00000000000005cc       0x31 /usr/local/mcuxpressoide-10.3.1_2233/ide/plugins/com.nxp.mcuxpresso.tools.linux_10.3.0.201811011841/tools/bin/../lib/gcc/arm-none-eabi/7.3.1/../../../../arm-none-eabi/lib/thumb/v6-m/libcr_c.a(ctype.o)
 .ARM.attributes
                0x00000000000005fd       0x31 /usr/local/mcuxpressoide-10.3.1_2233/ide/plugins/com.nxp.mcuxpresso.tools.linux_10.3.0.201811011841/tools/bin/../lib/gcc/arm-none-eabi/7.3.1/../../../../arm-none-eabi/lib/thumb/v6-m/libcr_c.a(errno.o)
 .ARM.attributes
                0x000000000000062e       0x31 /usr/local/mcuxpressoide-10.3.1_2233/ide/plugins/com.nxp.mcuxpresso.tools.linux_10.3.0.201811011841/tools/bin/../lib/gcc/arm-none-eabi/7.3.1/../../../../arm-none-eabi/lib/thumb/v6-m/libcr_c.a(fclose.o)
 .ARM.attributes
                0x000000000000065f       0x31 /usr/local/mcuxpressoide-10.3.1_2233/ide/plugins/com.nxp.mcuxpresso.tools.linux_10.3.0.201811011841/tools/bin/../lib/gcc/arm-none-eabi/7.3.1/../../../../arm-none-eabi/lib/thumb/v6-m/libcr_c.a(fflush.o)
 .ARM.attributes
                0x0000000000000690       0x31 /usr/local/mcuxpressoide-10.3.1_2233/ide/plugins/com.nxp.mcuxpresso.tools.linux_10.3.0.201811011841/tools/bin/../lib/gcc/arm-none-eabi/7.3.1/../../../../arm-none-eabi/lib/thumb/v6-m/libcr_c.a(frexp.o)
 .ARM.attributes
                0x00000000000006c1       0x31 /usr/local/mcuxpressoide-10.3.1_2233/ide/plugins/com.nxp.mcuxpresso.tools.linux_10.3.0.201811011841/tools/bin/../lib/gcc/arm-none-eabi/7.3.1/../../../../arm-none-eabi/lib/thumb/v6-m/libcr_c.a(fseek.o)
 .ARM.attributes
                0x00000000000006f2       0x31 /usr/local/mcuxpressoide-10.3.1_2233/ide/plugins/com.nxp.mcuxpresso.tools.linux_10.3.0.201811011841/tools/bin/../lib/gcc/arm-none-eabi/7.3.1/../../../../arm-none-eabi/lib/thumb/v6-m/libcr_c.a(ftell.o)
 .ARM.attributes
                0x0000000000000723       0x31 /usr/local/mcuxpressoide-10.3.1_2233/ide/plugins/com.nxp.mcuxpresso.tools.linux_10.3.0.201811011841/tools/bin/../lib/gcc/arm-none-eabi/7.3.1/../../../../arm-none-eabi/lib/thumb/v6-m/libcr_c.a(ldexp.o)
 .ARM.attributes
                0x0000000000000754       0x31 /usr/local/mcuxpressoide-10.3.1_2233/ide/plugins/com.nxp.mcuxpresso.tools.linux_10.3.0.201811011841/tools/bin/../lib/gcc/arm-none-eabi/7.3.1/../../../../arm-none-eabi/lib/thumb/v6-m/libcr_c.a(remove.o)
 .ARM.attributes
                0x0000000000000785       0x31 /usr/local/mcuxpressoide-10.3.1_2233/ide/plugins/com.nxp.mcuxpresso.tools.linux_10.3.0.201811011841/tools/bin/../lib/gcc/arm-none-eabi/7.3.1/../../../../arm-none-eabi/lib/thumb/v6-m/libcr_c.a(_do_fflush.o)
 .ARM.attributes
                0x00000000000007b6       0x21 /usr/local/mcuxpressoide-10.3.1_2233/ide/plugins/com.nxp.mcuxpresso.tools.linux_10.3.0.201811011841/tools/bin/../lib/gcc/arm-none-eabi/7.3.1/thumb/v6-m/libcr_eabihelpers.a(division_32.o)
 .ARM.attributes
                0x00000000000007d7       0x21 /usr/local/mcuxpressoide-10.3.1_2233/ide/plugins/com.nxp.mcuxpresso.tools.linux_10.3.0.201811011841/tools/bin/../lib/gcc/arm-none-eabi/7.3.1/thumb/v6-m/libcr_eabihelpers.a(division_64.o)
 .ARM.attributes
                0x00000000000007f8       0x21 /usr/local/mcuxpressoide-10.3.1_2233/ide/plugins/com.nxp.mcuxpresso.tools.linux_10.3.0.201811011841/tools/bin/../lib/gcc/arm-none-eabi/7.3.1/thumb/v6-m/libcr_eabihelpers.a(division_idiv0.o)
 .ARM.attributes
                0x0000000000000819       0x31 /usr/local/mcuxpressoide-10.3.1_2233/ide/plugins/com.nxp.mcuxpresso.tools.linux_10.3.0.201811011841/tools/bin/../lib/gcc/arm-none-eabi/7.3.1/thumb/v6-m/libcr_eabihelpers.a(double.o)
 .ARM.attributes
                0x000000000000084a       0x21 /usr/local/mcuxpressoide-10.3.1_2233/ide/plugins/com.nxp.mcuxpresso.tools.linux_10.3.0.201811011841/tools/bin/../lib/gcc/arm-none-eabi/7.3.1/thumb/v6-m/libcr_eabihelpers.a(llong.o)
 .ARM.attributes
                0x000000000000086b       0x21 /usr/local/mcuxpressoide-10.3.1_2233/ide/plugins/com.nxp.mcuxpresso.tools.linux_10.3.0.201811011841/tools/bin/../lib/gcc/arm-none-eabi/7.3.1/thumb/v6-m/libcr_eabihelpers.a(memcpy.o)
 .ARM.attributes
                0x000000000000088c       0x31 /usr/local/mcuxpressoide-10.3.1_2233/ide/plugins/com.nxp.mcuxpresso.tools.linux_10.3.0.201811011841/tools/bin/../lib/gcc/arm-none-eabi/7.3.1/../../../../arm-none-eabi/lib/thumb/v6-m/libcr_nohost_nf.a(__ciob.o)
 .ARM.attributes
                0x00000000000008bd       0x31 /usr/local/mcuxpressoide-10.3.1_2233/ide/plugins/com.nxp.mcuxpresso.tools.linux_10.3.0.201811011841/tools/bin/../lib/gcc/arm-none-eabi/7.3.1/../../../../arm-none-eabi/lib/thumb/v6-m/libcr_nohost_nf.a(__sys_close.o)
 .ARM.attributes
                0x00000000000008ee       0x31 /usr/local/mcuxpressoide-10.3.1_2233/ide/plugins/com.nxp.mcuxpresso.tools.linux_10.3.0.201811011841/tools/bin/../lib/gcc/arm-none-eabi/7.3.1/../../../../arm-none-eabi/lib/thumb/v6-m/libcr_nohost_nf.a(__sys_flen.o)
 .ARM.attributes
                0x000000000000091f       0x31 /usr/local/mcuxpressoide-10.3.1_2233/ide/plugins/com.nxp.mcuxpresso.tools.linux_10.3.0.201811011841/tools/bin/../lib/gcc/arm-none-eabi/7.3.1/../../../../arm-none-eabi/lib/thumb/v6-m/libcr_nohost_nf.a(__sys_istty.o)
 .ARM.attributes
                0x0000000000000950       0x31 /usr/local/mcuxpressoide-10.3.1_2233/ide/plugins/com.nxp.mcuxpresso.tools.linux_10.3.0.201811011841/tools/bin/../lib/gcc/arm-none-eabi/7.3.1/../../../../arm-none-eabi/lib/thumb/v6-m/libcr_nohost_nf.a(__sys_remove.o)
 .ARM.attributes
                0x0000000000000981       0x31 /usr/local/mcuxpressoide-10.3.1_2233/ide/plugins/com.nxp.mcuxpresso.tools.linux_10.3.0.201811011841/tools/bin/../lib/gcc/arm-none-eabi/7.3.1/../../../../arm-none-eabi/lib/thumb/v6-m/libcr_nohost_nf.a(__sys_seek.o)
 .ARM.attributes
                0x00000000000009b2       0x31 /usr/local/mcuxpressoide-10.3.1_2233/ide/plugins/com.nxp.mcuxpresso.tools.linux_10.3.0.201811011841/tools/bin/../lib/gcc/arm-none-eabi/7.3.1/../../../../arm-none-eabi/lib/thumb/v6-m/libcr_nohost_nf.a(__sys_tmpnam.o)
 .ARM.attributes
                0x00000000000009e3       0x31 /usr/local/mcuxpressoide-10.3.1_2233/ide/plugins/com.nxp.mcuxpresso.tools.linux_10.3.0.201811011841/tools/bin/../lib/gcc/arm-none-eabi/7.3.1/../../../../arm-none-eabi/lib/thumb/v6-m/libcr_nohost_nf.a(__sys_write.o)

.debug_frame    0x0000000000000000     0x1a94
 .debug_frame   0x0000000000000000      0x220 ./utilities/fsl_debug_console.o
 .debug_frame   0x0000000000000220      0x1b8 ./utilities/fsl_shell.o
 .debug_frame   0x00000000000003d8      0x3b0 ./startup/startup_mkl25z4.o
 .debug_frame   0x0000000000000788       0x20 ./source/semihost_hardfault.o
 .debug_frame   0x00000000000007a8      0x110 ./source/shell.o
 .debug_frame   0x00000000000008b8      0x6e0 ./drivers/fsl_clock.o
 .debug_frame   0x0000000000000f98       0x90 ./drivers/fsl_common.o
 .debug_frame   0x0000000000001028      0x418 ./drivers/fsl_lpsci.o
 .debug_frame   0x0000000000001440      0x468 ./drivers/fsl_uart.o
 .debug_frame   0x00000000000018a8       0x50 ./board/board.o
 .debug_frame   0x00000000000018f8       0xe4 ./board/clock_config.o
 .debug_frame   0x00000000000019dc       0x6c ./board/pin_mux.o
 .debug_frame   0x0000000000001a48       0x4c ./CMSIS/system_MKL25Z4.o
