Archive member included to satisfy reference by file (symbol)

/usr/local/mcuxpressoide-10.3.1_2233/ide/plugins/com.nxp.mcuxpresso.tools.linux_10.3.0.201811011841/tools/bin/../lib/gcc/arm-none-eabi/7.3.1/../../../../arm-none-eabi/lib/thumb/v6-m/libcr_nohost_nf.a(_cr__main.o)
                              ./startup/startup_mkl25z4.o (__main)
/usr/local/mcuxpressoide-10.3.1_2233/ide/plugins/com.nxp.mcuxpresso.tools.linux_10.3.0.201811011841/tools/bin/../lib/gcc/arm-none-eabi/7.3.1/../../../../arm-none-eabi/lib/thumb/v6-m/libcr_c.a(memcpy.o)
                              ./freertos/queue.o (memcpy)
/usr/local/mcuxpressoide-10.3.1_2233/ide/plugins/com.nxp.mcuxpresso.tools.linux_10.3.0.201811011841/tools/bin/../lib/gcc/arm-none-eabi/7.3.1/../../../../arm-none-eabi/lib/thumb/v6-m/libcr_c.a(memmove.o)
                              ./utilities/fsl_shell.o (memmove)
/usr/local/mcuxpressoide-10.3.1_2233/ide/plugins/com.nxp.mcuxpresso.tools.linux_10.3.0.201811011841/tools/bin/../lib/gcc/arm-none-eabi/7.3.1/../../../../arm-none-eabi/lib/thumb/v6-m/libcr_c.a(memset.o)
                              ./utilities/fsl_shell.o (memset)
/usr/local/mcuxpressoide-10.3.1_2233/ide/plugins/com.nxp.mcuxpresso.tools.linux_10.3.0.201811011841/tools/bin/../lib/gcc/arm-none-eabi/7.3.1/../../../../arm-none-eabi/lib/thumb/v6-m/libcr_c.a(_hugeval.o)
                              ./utilities/fsl_debug_console.o (__huge_val)
/usr/local/mcuxpressoide-10.3.1_2233/ide/plugins/com.nxp.mcuxpresso.tools.linux_10.3.0.201811011841/tools/bin/../lib/gcc/arm-none-eabi/7.3.1/../../../../arm-none-eabi/lib/thumb/v6-m/libcr_c.a(alloc.o)
                              ./freertos/heap_3.o (malloc)
/usr/local/mcuxpressoide-10.3.1_2233/ide/plugins/com.nxp.mcuxpresso.tools.linux_10.3.0.201811011841/tools/bin/../lib/gcc/arm-none-eabi/7.3.1/../../../../arm-none-eabi/lib/thumb/v6-m/libcr_c.a(initio.o)
                              /usr/local/mcuxpressoide-10.3.1_2233/ide/plugins/com.nxp.mcuxpresso.tools.linux_10.3.0.201811011841/tools/bin/../lib/gcc/arm-none-eabi/7.3.1/../../../../arm-none-eabi/lib/thumb/v6-m/libcr_nohost_nf.a(_cr__main.o) (_initio)
/usr/local/mcuxpressoide-10.3.1_2233/ide/plugins/com.nxp.mcuxpresso.tools.linux_10.3.0.201811011841/tools/bin/../lib/gcc/arm-none-eabi/7.3.1/../../../../arm-none-eabi/lib/thumb/v6-m/libcr_c.a(modf.o)
                              ./utilities/fsl_debug_console.o (modf)
/usr/local/mcuxpressoide-10.3.1_2233/ide/plugins/com.nxp.mcuxpresso.tools.linux_10.3.0.201811011841/tools/bin/../lib/gcc/arm-none-eabi/7.3.1/../../../../arm-none-eabi/lib/thumb/v6-m/libcr_c.a(pow.o)
                              ./utilities/fsl_debug_console.o (pow)
/usr/local/mcuxpressoide-10.3.1_2233/ide/plugins/com.nxp.mcuxpresso.tools.linux_10.3.0.201811011841/tools/bin/../lib/gcc/arm-none-eabi/7.3.1/../../../../arm-none-eabi/lib/thumb/v6-m/libcr_c.a(scanf.o)
                              ./utilities/fsl_debug_console.o (strtod)
/usr/local/mcuxpressoide-10.3.1_2233/ide/plugins/com.nxp.mcuxpresso.tools.linux_10.3.0.201811011841/tools/bin/../lib/gcc/arm-none-eabi/7.3.1/../../../../arm-none-eabi/lib/thumb/v6-m/libcr_c.a(setvbuf.o)
                              /usr/local/mcuxpressoide-10.3.1_2233/ide/plugins/com.nxp.mcuxpresso.tools.linux_10.3.0.201811011841/tools/bin/../lib/gcc/arm-none-eabi/7.3.1/../../../../arm-none-eabi/lib/thumb/v6-m/libcr_c.a(initio.o) (setvbuf)
/usr/local/mcuxpressoide-10.3.1_2233/ide/plugins/com.nxp.mcuxpresso.tools.linux_10.3.0.201811011841/tools/bin/../lib/gcc/arm-none-eabi/7.3.1/../../../../arm-none-eabi/lib/thumb/v6-m/libcr_c.a(strcmp.o)
                              ./source/shell.o (strcmp)
/usr/local/mcuxpressoide-10.3.1_2233/ide/plugins/com.nxp.mcuxpresso.tools.linux_10.3.0.201811011841/tools/bin/../lib/gcc/arm-none-eabi/7.3.1/../../../../arm-none-eabi/lib/thumb/v6-m/libcr_c.a(strlen.o)
                              ./utilities/fsl_debug_console.o (strlen)
/usr/local/mcuxpressoide-10.3.1_2233/ide/plugins/com.nxp.mcuxpresso.tools.linux_10.3.0.201811011841/tools/bin/../lib/gcc/arm-none-eabi/7.3.1/../../../../arm-none-eabi/lib/thumb/v6-m/libcr_c.a(ungetc.o)
                              /usr/local/mcuxpressoide-10.3.1_2233/ide/plugins/com.nxp.mcuxpresso.tools.linux_10.3.0.201811011841/tools/bin/../lib/gcc/arm-none-eabi/7.3.1/../../../../arm-none-eabi/lib/thumb/v6-m/libcr_c.a(scanf.o) (ungetc)
/usr/local/mcuxpressoide-10.3.1_2233/ide/plugins/com.nxp.mcuxpresso.tools.linux_10.3.0.201811011841/tools/bin/../lib/gcc/arm-none-eabi/7.3.1/../../../../arm-none-eabi/lib/thumb/v6-m/libcr_c.a(__fillbuf.o)
                              /usr/local/mcuxpressoide-10.3.1_2233/ide/plugins/com.nxp.mcuxpresso.tools.linux_10.3.0.201811011841/tools/bin/../lib/gcc/arm-none-eabi/7.3.1/../../../../arm-none-eabi/lib/thumb/v6-m/libcr_c.a(scanf.o) (__filbuf)
[...]
Memory Configuration

Name             Origin             Length             Attributes
PROGRAM_FLASH    0x0000000000000000 0x0000000000020000 xr
SRAM             0x000000001ffff000 0x0000000000004000 xrw
*default*        0x0000000000000000 0xffffffffffffffff

Linker script and memory map

LOAD ./utilities/fsl_debug_console.o
LOAD ./utilities/fsl_shell.o
LOAD ./startup/startup_mkl25z4.o
LOAD ./source/mtb.o
LOAD ./source/semihost_hardfault.o
LOAD ./source/shell.o
LOAD ./freertos/croutine.o
LOAD ./freertos/event_groups.o
LOAD ./freertos/fsl_tickless_lptmr.o
LOAD ./freertos/fsl_tickless_systick.o
LOAD ./freertos/heap_1.o
LOAD ./freertos/heap_2.o
LOAD ./freertos/heap_3.o
LOAD ./freertos/heap_4.o
LOAD ./freertos/heap_5.o
LOAD ./freertos/list.o
LOAD ./freertos/port.o
LOAD ./freertos/queue.o
LOAD ./freertos/tasks.o
LOAD ./freertos/timers.o
LOAD ./drivers/fsl_clock.o
LOAD ./drivers/fsl_common.o
LOAD ./drivers/fsl_flash.o
LOAD ./drivers/fsl_gpio.o
LOAD ./drivers/fsl_lpsci.o
LOAD ./drivers/fsl_smc.o
LOAD ./drivers/fsl_uart.o
LOAD ./board/board.o
LOAD ./board/clock_config.o
LOAD ./board/pin_mux.o
LOAD ./CMSIS/system_MKL25Z4.o
START GROUP
LOAD /usr/local/mcuxpressoide-10.3.1_2233/ide/plugins/com.nxp.mcuxpresso.tools.linux_10.3.0.201811011841/tools/bin/../lib/gcc/arm-none-eabi/7.3.1/../../../../arm-none-eabi/lib/thumb/v6-m/libcr_nohost_nf.a
LOAD /usr/local/mcuxpressoide-10.3.1_2233/ide/plugins/com.nxp.mcuxpresso.tools.linux_10.3.0.201811011841/tools/bin/../lib/gcc/arm-none-eabi/7.3.1/../../../../arm-none-eabi/lib/thumb/v6-m/libcr_c.a
LOAD /usr/local/mcuxpressoide-10.3.1_2233/ide/plugins/com.nxp.mcuxpresso.tools.linux_10.3.0.201811011841/tools/bin/../lib/gcc/arm-none-eabi/7.3.1/thumb/v6-m/libcr_eabihelpers.a
LOAD /usr/local/mcuxpressoide-10.3.1_2233/ide/plugins/com.nxp.mcuxpresso.tools.linux_10.3.0.201811011841/tools/bin/../lib/gcc/arm-none-eabi/7.3.1/thumb/v6-m/libgcc.a
END GROUP
                0x0000000000000000                __base_PROGRAM_FLASH = 0x0
                0x0000000000000000                __base_Flash = 0x0
                0x0000000000020000                __top_PROGRAM_FLASH = 0x20000
                0x0000000000020000                __top_Flash = 0x20000
                0x000000001ffff000                __base_SRAM = 0x1ffff000
                0x000000001ffff000                __base_RAM = 0x1ffff000
                0x0000000020003000                __top_SRAM = 0x20003000
                0x0000000020003000                __top_RAM = 0x20003000

.text           0x0000000000000000     0x5c5c
 FILL mask 0xff
                0x0000000000000000                __vectors_start__ = ABSOLUTE (.)
 *(SORT_BY_ALIGNMENT(.isr_vector))
 .isr_vector    0x0000000000000000       0xc0 ./startup/startup_mkl25z4.o
                0x0000000000000000                __Vectors
                0x0000000000000000                g_pfnVectors
                0x00000000000000c0                . = ALIGN (0x4)
                0x00000000000000c0                __section_table_start = .
                0x00000000000000c0                __data_section_table = .
                0x00000000000000c0        0x4 LONG 0x5c5c LOADADDR (.data)
                0x00000000000000c4        0x4 LONG 0x1ffff080 ADDR (.data)
                0x00000000000000c8        0x4 LONG 0x8 SIZEOF (.data)
                0x00000000000000cc                __data_section_table_end = .
                0x00000000000000cc                __bss_section_table = .
                0x00000000000000cc        0x4 LONG 0x1ffff088 ADDR (.bss)
                0x00000000000000d0        0x4 LONG 0x20c SIZEOF (.bss)
                0x00000000000000d4                __bss_section_table_end = .
                0x00000000000000d4                __section_table_end = .
 *(SORT_BY_ALIGNMENT(.after_vectors*))
 .after_vectors.reset
                0x00000000000000d4       0x4c ./startup/startup_mkl25z4.o
                0x00000000000000d4                ResetISR
 .after_vectors.init_data
                0x0000000000000120       0x16 ./startup/startup_mkl25z4.o
                0x0000000000000120                data_init
 .after_vectors.init_bss
                0x0000000000000136       0x12 ./startup/startup_mkl25z4.o
                0x0000000000000136                bss_init
 .after_vectors
                0x0000000000000148      0x10c ./startup/startup_mkl25z4.o
                0x0000000000000148                NMI_Handler
                0x0000000000000152                PIT_DriverIRQHandler
                0x0000000000000152                Reserved39_DriverIRQHandler
                0x0000000000000152                DMA0_DriverIRQHandler
                0x0000000000000152                SPI1_DriverIRQHandler
                0x0000000000000152                LPTMR0_DriverIRQHandler
                0x0000000000000152                TPM2_DriverIRQHandler
                0x0000000000000152                TSI0_DriverIRQHandler
                0x0000000000000152                RTC_Seconds_DriverIRQHandler
                0x0000000000000152                LLWU_DriverIRQHandler
                0x0000000000000152                MCG_DriverIRQHandler
                0x0000000000000152                FTFA_DriverIRQHandler
                0x0000000000000152                IntDefaultHandler
                0x0000000000000152                USB0_DriverIRQHandler
                0x0000000000000152                DAC0_DriverIRQHandler
                0x0000000000000152                LVD_LVW_DriverIRQHandler
                0x0000000000000152                TPM0_DriverIRQHandler
                0x0000000000000152                Reserved20_DriverIRQHandler
                0x0000000000000152                DMA3_DriverIRQHandler
                0x0000000000000152                Reserved45_DriverIRQHandler
                0x0000000000000152                PORTA_DriverIRQHandler
                0x0000000000000152                TPM1_DriverIRQHandler
                0x0000000000000152                RTC_DriverIRQHandler
                0x0000000000000152                DMA1_DriverIRQHandler
                0x0000000000000152                I2C1_DriverIRQHandler
                0x0000000000000152                SPI0_DriverIRQHandler
                0x0000000000000152                ADC0_DriverIRQHandler
                0x0000000000000152                CMP0_DriverIRQHandler
                0x0000000000000152                DMA2_DriverIRQHandler
                0x0000000000000152                PORTD_DriverIRQHandler
                0x0000000000000152                I2C0_DriverIRQHandler
                0x0000000000000154                DMA0_IRQHandler
                0x000000000000015c                DMA1_IRQHandler
                0x0000000000000164                DMA2_IRQHandler
                0x000000000000016c                DMA3_IRQHandler
                0x0000000000000174                Reserved20_IRQHandler
                0x000000000000017c                FTFA_IRQHandler
                0x0000000000000184                LVD_LVW_IRQHandler
                0x000000000000018c                LLWU_IRQHandler
                0x0000000000000194                I2C0_IRQHandler
                0x000000000000019c                I2C1_IRQHandler
                0x00000000000001a4                SPI0_IRQHandler
                0x00000000000001ac                SPI1_IRQHandler
                0x00000000000001b4                UART0_IRQHandler
                0x00000000000001bc                UART1_IRQHandler
                0x00000000000001c4                UART2_IRQHandler
                0x00000000000001cc                ADC0_IRQHandler
                0x00000000000001d4                CMP0_IRQHandler
                0x00000000000001dc                TPM0_IRQHandler
                0x00000000000001e4                TPM1_IRQHandler
                0x00000000000001ec                TPM2_IRQHandler
                0x00000000000001f4                RTC_IRQHandler
                0x00000000000001fc                RTC_Seconds_IRQHandler
                0x0000000000000204                PIT_IRQHandler
                0x000000000000020c                Reserved39_IRQHandler
                0x0000000000000214                USB0_IRQHandler
                0x000000000000021c                DAC0_IRQHandler
                0x0000000000000224                TSI0_IRQHandler
                0x000000000000022c                MCG_IRQHandler
                0x0000000000000234                LPTMR0_IRQHandler
                0x000000000000023c                Reserved45_IRQHandler
                0x0000000000000244                PORTA_IRQHandler
                0x000000000000024c                PORTD_IRQHandler
                0x0000000000000400                . = 0x400
 *fill*         0x0000000000000254      0x1ac ff
                0x0000000000000400                PROVIDE (__FLASH_CONFIG_START__ = .)
 *(SORT_BY_ALIGNMENT(.FlashConfig))
 .FlashConfig   0x0000000000000400       0x10 ./startup/startup_mkl25z4.o
                0x0000000000000400                Flash_Config
                0x0000000000000410                PROVIDE (__FLASH_CONFIG_END__ = .)
                0x0000000000000001                ASSERT (! ((__FLASH_CONFIG_START__ == __FLASH_CONFIG_END__)), Linker Flash Config Support Enabled, but no .FlashConfig section provided within application)
 *(SORT_BY_ALIGNMENT(.text*))
 .text.PendSV_Handler
                0x0000000000000410       0x48 ./freertos/port.o
                0x0000000000000410                PendSV_Handler
 .text.DbgConsole_Init
                0x0000000000000458       0xf4 ./utilities/fsl_debug_console.o
                0x0000000000000458                DbgConsole_Init
 .text.DbgConsole_Printf
                0x000000000000054c       0x44 ./utilities/fsl_debug_console.o
                0x000000000000054c                DbgConsole_Printf
 .text.DbgConsole_Putchar
                0x0000000000000590       0x34 ./utilities/fsl_debug_console.o
                0x0000000000000590                DbgConsole_Putchar
 .text.DbgConsole_Getchar
                0x00000000000005c4       0x40 ./utilities/fsl_debug_console.o
                0x00000000000005c4                DbgConsole_Getchar
 .text.DbgConsole_ConvertFloatRadixNumToString
                0x0000000000000604      0x2a4 ./utilities/fsl_debug_console.o
 .text.SHELL_Init
                0x00000000000008a8       0x9c ./utilities/fsl_shell.o
                0x00000000000008a8                SHELL_Init
 .text.SHELL_Main
                0x0000000000000944      0x4a0 ./utilities/fsl_shell.o
                0x0000000000000944                SHELL_Main
 .text.HelpCommand
                0x0000000000000de4       0x5c ./utilities/fsl_shell.o
 .text.ExitCommand
                0x0000000000000e40       0x30 ./utilities/fsl_shell.o
 .text.ProcessCommand
                0x0000000000000e70      0x2f4 ./utilities/fsl_shell.o
 .text.GetHistoryCommand
                0x0000000000001164       0xe0 ./utilities/fsl_shell.o
 .text.AutoComplete
                0x0000000000001244      0x13c ./utilities/fsl_shell.o
 .text.ParseLine
                0x0000000000001380       0xfc ./utilities/fsl_shell.o
 .text.SHELL_RegisterCommand
                0x000000000000147c       0x48 ./utilities/fsl_shell.o
                0x000000000000147c                SHELL_RegisterCommand
 .text.HardFault_Handler
                0x00000000000014c4       0x30 ./source/semihost_hardfault.o
                0x00000000000014c4                HardFault_Handler
 .text.Led_Init
                0x00000000000014f4       0x60 ./source/shell.o
                0x00000000000014f4                Led_Init
 .text.LedControl
                0x0000000000001554      0x134 ./source/shell.o
 .text.main     0x0000000000001688       0x50 ./source/shell.o
                0x0000000000001688                main
 .text.SysTick_Handler
                0x00000000000016d8       0x34 ./freertos/port.o
                0x00000000000016d8                SysTick_Handler
 .text.xTaskIncrementTick
                0x000000000000170c      0x14c ./freertos/tasks.o
                0x000000000000170c                xTaskIncrementTick
 .text.vTaskSwitchContext
                0x0000000000001858       0xa4 ./freertos/tasks.o
                0x0000000000001858                vTaskSwitchContext
 .text.prvResetNextTaskUnblockTime
                0x00000000000018fc       0x48 ./freertos/tasks.o
 .text.CLOCK_SetEr32kClock
                0x0000000000001944       0x34 ./drivers/fsl_clock.o
 .text.CLOCK_SetPllFllSelClock
                0x0000000000001978       0x38 ./drivers/fsl_clock.o
 .text.CLOCK_GetMcgExtClkFreq
                0x00000000000019b0       0x28 ./drivers/fsl_clock.o
 .text.CLOCK_GetFllExtRefClkFreq
                0x00000000000019d8       0xa4 ./drivers/fsl_clock.o
 .text.CLOCK_GetFllRefClkFreq
                0x0000000000001a7c       0x2c ./drivers/fsl_clock.o
 .text.CLOCK_GetOscRangeFromFreq
                0x0000000000001aa8       0x4c ./drivers/fsl_clock.o
 .text.CLOCK_GetPllFllSelClkFreq
                0x0000000000001af4       0x4c ./drivers/fsl_clock.o
                0x0000000000001af4                CLOCK_GetPllFllSelClkFreq
 .text.CLOCK_SetSimConfig
                0x0000000000001b40       0x38 ./drivers/fsl_clock.o
                0x0000000000001b40                CLOCK_SetSimConfig
 .text.CLOCK_GetFllFreq
                0x0000000000001b78       0x84 ./drivers/fsl_clock.o
                0x0000000000001b78                CLOCK_GetFllFreq
 .text.CLOCK_GetPll0Freq
                0x0000000000001bfc       0x70 ./drivers/fsl_clock.o
                0x0000000000001bfc                CLOCK_GetPll0Freq
 .text.CLOCK_SetInternalRefClkConfig
                0x0000000000001c6c      0x128 ./drivers/fsl_clock.o
                0x0000000000001c6c                CLOCK_SetInternalRefClkConfig
 .text.CLOCK_EnablePll0
                0x0000000000001d94       0x90 ./drivers/fsl_clock.o
                0x0000000000001d94                CLOCK_EnablePll0
 .text.CLOCK_InitOsc0
                0x0000000000001e24       0x94 ./drivers/fsl_clock.o
                0x0000000000001e24                CLOCK_InitOsc0
 .text.CLOCK_SetPbeMode
                0x0000000000001eb8       0xb0 ./drivers/fsl_clock.o
                0x0000000000001eb8                CLOCK_SetPbeMode
 .text.CLOCK_BootToPeeMode
                0x0000000000001f68       0x70 ./drivers/fsl_clock.o
                0x0000000000001f68                CLOCK_BootToPeeMode
 .text.__assertion_failed
                0x0000000000001fd8       0x1c ./drivers/fsl_common.o
                0x0000000000001fd8                __assertion_failed
 .text.CLOCK_EnableClock
                0x0000000000001ff4       0x34 ./drivers/fsl_lpsci.o
 .text.LPSCI_GetInstance
                0x0000000000002028       0x48 ./drivers/fsl_lpsci.o
                0x0000000000002028                LPSCI_GetInstance
 .text.LPSCI_Init
                0x0000000000002070      0x260 ./drivers/fsl_lpsci.o
                0x0000000000002070                LPSCI_Init
 .text.LPSCI_GetDefaultConfig
                0x00000000000022d0       0x44 ./drivers/fsl_lpsci.o
                0x00000000000022d0                LPSCI_GetDefaultConfig
 .text.LPSCI_ClearStatusFlags
                0x0000000000002314       0x94 ./drivers/fsl_lpsci.o
                0x0000000000002314                LPSCI_ClearStatusFlags
 .text.LPSCI_WriteBlocking
                0x00000000000023a8       0x4c ./drivers/fsl_lpsci.o
                0x00000000000023a8                LPSCI_WriteBlocking
 .text.LPSCI_ReadBlocking
                0x00000000000023f4       0xc0 ./drivers/fsl_lpsci.o
                0x00000000000023f4                LPSCI_ReadBlocking
 .text.UART0_DriverIRQHandler
                0x00000000000024b4       0x24 ./drivers/fsl_lpsci.o
                0x00000000000024b4                UART0_DriverIRQHandler
 .text.CLOCK_EnableClock
                0x00000000000024d8       0x34 ./drivers/fsl_uart.o
 .text.UART_GetInstance
                0x000000000000250c       0x54 ./drivers/fsl_uart.o
                0x000000000000250c                UART_GetInstance
 .text.UART_Init
                0x0000000000002560      0x1e8 ./drivers/fsl_uart.o
                0x0000000000002560                UART_Init
 .text.UART_GetDefaultConfig
                0x0000000000002748       0x44 ./drivers/fsl_uart.o
                0x0000000000002748                UART_GetDefaultConfig
 .text.UART_ReadBlocking
                0x000000000000278c       0x98 ./drivers/fsl_uart.o
                0x000000000000278c                UART_ReadBlocking
 .text.UART1_DriverIRQHandler
                0x0000000000002824       0x24 ./drivers/fsl_uart.o
                0x0000000000002824                UART1_DriverIRQHandler
 .text.UART2_DriverIRQHandler
                0x0000000000002848       0x24 ./drivers/fsl_uart.o
                0x0000000000002848                UART2_DriverIRQHandler
 .text.CLOCK_SetLpsci0Clock
                0x000000000000286c       0x38 ./board/board.o
 .text.BOARD_InitDebugConsole
                0x00000000000028a4       0x30 ./board/board.o
                0x00000000000028a4                BOARD_InitDebugConsole
 .text.CLOCK_SetSimSafeDivs
                0x00000000000028d4       0x20 ./board/clock_config.o
 .text.CLOCK_SetXtal0Freq
                0x00000000000028f4       0x1c ./board/clock_config.o
 .text.CLOCK_CONFIG_SetFllExtRefDiv
                0x0000000000002910       0x3c ./board/clock_config.o
 .text.BOARD_BootClockRUN
                0x000000000000294c       0x64 ./board/clock_config.o
                0x000000000000294c                BOARD_BootClockRUN
 .text.CLOCK_EnableClock
                0x00000000000029b0       0x34 ./board/pin_mux.o
 .text.PORT_SetPinMux
                0x00000000000029e4       0x40 ./board/pin_mux.o
 .text.BOARD_InitPins
                0x0000000000002a24       0x90 ./board/pin_mux.o
                0x0000000000002a24                BOARD_InitPins
 .text.SystemInit
                0x0000000000002ab4       0x18 ./CMSIS/system_MKL25Z4.o
                0x0000000000002ab4                SystemInit
 .text._initio  0x0000000000002acc       0x7c /usr/local/mcuxpressoide-10.3.1_2233/ide/plugins/com.nxp.mcuxpresso.tools.linux_10.3.0.201811011841/tools/bin/../lib/gcc/arm-none-eabi/7.3.1/../../../../arm-none-eabi/lib/thumb/v6-m/libcr_c.a(initio.o)
                0x0000000000002acc                _initio
 .text.modf     0x0000000000002b48       0x94 /usr/local/mcuxpressoide-10.3.1_2233/ide/plugins/com.nxp.mcuxpresso.tools.linux_10.3.0.201811011841/tools/bin/../lib/gcc/arm-none-eabi/7.3.1/../../../../arm-none-eabi/lib/thumb/v6-m/libcr_c.a(modf.o)
                0x0000000000002b48                modf
 .text.pow      0x0000000000002bdc      0x554 /usr/local/mcuxpressoide-10.3.1_2233/ide/plugins/com.nxp.mcuxpresso.tools.linux_10.3.0.201811011841/tools/bin/../lib/gcc/arm-none-eabi/7.3.1/../../../../arm-none-eabi/lib/thumb/v6-m/libcr_c.a(pow.o)
                0x0000000000002bdc                pow
 .text.ch_val   0x0000000000003130       0x30 /usr/local/mcuxpressoide-10.3.1_2233/ide/plugins/com.nxp.mcuxpresso.tools.linux_10.3.0.201811011841/tools/bin/../lib/gcc/arm-none-eabi/7.3.1/../../../../arm-none-eabi/lib/thumb/v6-m/libcr_c.a(scanf.o)
 .text._strtoul
                0x0000000000003160       0xcc /usr/local/mcuxpressoide-10.3.1_2233/ide/plugins/com.nxp.mcuxpresso.tools.linux_10.3.0.201811011841/tools/bin/../lib/gcc/arm-none-eabi/7.3.1/../../../../arm-none-eabi/lib/thumb/v6-m/libcr_c.a(scanf.o)
 .text.strtol   0x000000000000322c       0x84 /usr/local/mcuxpressoide-10.3.1_2233/ide/plugins/com.nxp.mcuxpresso.tools.linux_10.3.0.201811011841/tools/bin/../lib/gcc/arm-none-eabi/7.3.1/../../../../arm-none-eabi/lib/thumb/v6-m/libcr_c.a(scanf.o)
                0x000000000000322c                strtol
 .text.atoi     0x00000000000032b0       0x18 /usr/local/mcuxpressoide-10.3.1_2233/ide/plugins/com.nxp.mcuxpresso.tools.linux_10.3.0.201811011841/tools/bin/../lib/gcc/arm-none-eabi/7.3.1/../../../../arm-none-eabi/lib/thumb/v6-m/libcr_c.a(scanf.o)
                0x00000000000032b0                atoi
 .text.setvbuf  0x00000000000032c8       0x48 /usr/local/mcuxpressoide-10.3.1_2233/ide/plugins/com.nxp.mcuxpresso.tools.linux_10.3.0.201811011841/tools/bin/../lib/gcc/arm-none-eabi/7.3.1/../../../../arm-none-eabi/lib/thumb/v6-m/libcr_c.a(setvbuf.o)
                0x00000000000032c8                setvbuf
 .text.strcmp   0x0000000000003310       0x44 /usr/local/mcuxpressoide-10.3.1_2233/ide/plugins/com.nxp.mcuxpresso.tools.linux_10.3.0.201811011841/tools/bin/../lib/gcc/arm-none-eabi/7.3.1/../../../../arm-none-eabi/lib/thumb/v6-m/libcr_c.a(strcmp.o)
                0x0000000000003310                strcmp
 .text.strlen   0x0000000000003354       0x58 /usr/local/mcuxpressoide-10.3.1_2233/ide/plugins/com.nxp.mcuxpresso.tools.linux_10.3.0.201811011841/tools/bin/../lib/gcc/arm-none-eabi/7.3.1/../../../../arm-none-eabi/lib/thumb/v6-m/libcr_c.a(strlen.o)
                0x0000000000003354                strlen
 .text._deferredlazyseek
                0x00000000000033ac       0x40 /usr/local/mcuxpressoide-10.3.1_2233/ide/plugins/com.nxp.mcuxpresso.tools.linux_10.3.0.201811011841/tools/bin/../lib/gcc/arm-none-eabi/7.3.1/../../../../arm-none-eabi/lib/thumb/v6-m/libcr_c.a(_deferredlazyseek.o)
                0x00000000000033ac                _deferredlazyseek
 .text._fdopen  0x00000000000033ec       0x74 /usr/local/mcuxpressoide-10.3.1_2233/ide/plugins/com.nxp.mcuxpresso.tools.linux_10.3.0.201811011841/tools/bin/../lib/gcc/arm-none-eabi/7.3.1/../../../../arm-none-eabi/lib/thumb/v6-m/libcr_c.a(_fdopen.o)
                0x00000000000033ec                _fdopen
 .text._fflush  0x0000000000003460       0x5c /usr/local/mcuxpressoide-10.3.1_2233/ide/plugins/com.nxp.mcuxpresso.tools.linux_10.3.0.201811011841/tools/bin/../lib/gcc/arm-none-eabi/7.3.1/../../../../arm-none-eabi/lib/thumb/v6-m/libcr_c.a(_fflush.o)
                0x0000000000003460                _fflush
 .text._Cwritebuf
                0x00000000000034bc       0x68 /usr/local/mcuxpressoide-10.3.1_2233/ide/plugins/com.nxp.mcuxpresso.tools.linux_10.3.0.201811011841/tools/bin/../lib/gcc/arm-none-eabi/7.3.1/../../../../arm-none-eabi/lib/thumb/v6-m/libcr_c.a(_writebuf.o)
                0x00000000000034bc                _Cwritebuf
 .text.fclose   0x0000000000003524       0x5c /usr/local/mcuxpressoide-10.3.1_2233/ide/plugins/com.nxp.mcuxpresso.tools.linux_10.3.0.201811011841/tools/bin/../lib/gcc/arm-none-eabi/7.3.1/../../../../arm-none-eabi/lib/thumb/v6-m/libcr_c.a(fclose.o)
                0x0000000000003524                fclose
 .text.fflush   0x0000000000003580       0x44 /usr/local/mcuxpressoide-10.3.1_2233/ide/plugins/com.nxp.mcuxpresso.tools.linux_10.3.0.201811011841/tools/bin/../lib/gcc/arm-none-eabi/7.3.1/../../../../arm-none-eabi/lib/thumb/v6-m/libcr_c.a(fflush.o)
                0x0000000000003580                fflush
 .text.frexp    0x00000000000035c4       0x80 /usr/local/mcuxpressoide-10.3.1_2233/ide/plugins/com.nxp.mcuxpresso.tools.linux_10.3.0.201811011841/tools/bin/../lib/gcc/arm-none-eabi/7.3.1/../../../../arm-none-eabi/lib/thumb/v6-m/libcr_c.a(frexp.o)
                0x00000000000035c4                frexp
 .text.fseek    0x0000000000003644       0xf0 /usr/local/mcuxpressoide-10.3.1_2233/ide/plugins/com.nxp.mcuxpresso.tools.linux_10.3.0.201811011841/tools/bin/../lib/gcc/arm-none-eabi/7.3.1/../../../../arm-none-eabi/lib/thumb/v6-m/libcr_c.a(fseek.o)
                0x0000000000003644                fseek
 .text.ftell    0x0000000000003734       0x48 /usr/local/mcuxpressoide-10.3.1_2233/ide/plugins/com.nxp.mcuxpresso.tools.linux_10.3.0.201811011841/tools/bin/../lib/gcc/arm-none-eabi/7.3.1/../../../../arm-none-eabi/lib/thumb/v6-m/libcr_c.a(ftell.o)
                0x0000000000003734                ftell
 .text.ldexp    0x000000000000377c       0x58 /usr/local/mcuxpressoide-10.3.1_2233/ide/plugins/com.nxp.mcuxpresso.tools.linux_10.3.0.201811011841/tools/bin/../lib/gcc/arm-none-eabi/7.3.1/../../../../arm-none-eabi/lib/thumb/v6-m/libcr_c.a(ldexp.o)
                0x000000000000377c                ldexp
 .text._do_fflush
                0x00000000000037d4       0x44 /usr/local/mcuxpressoide-10.3.1_2233/ide/plugins/com.nxp.mcuxpresso.tools.linux_10.3.0.201811011841/tools/bin/../lib/gcc/arm-none-eabi/7.3.1/../../../../arm-none-eabi/lib/thumb/v6-m/libcr_c.a(_do_fflush.o)
                0x00000000000037d4                _do_fflush
 .text.__aeabi_dmul
                0x0000000000003818      0x184 /usr/local/mcuxpressoide-10.3.1_2233/ide/plugins/com.nxp.mcuxpresso.tools.linux_10.3.0.201811011841/tools/bin/../lib/gcc/arm-none-eabi/7.3.1/thumb/v6-m/libcr_eabihelpers.a(double.o)
                0x0000000000003818                __aeabi_dmul
 .text.__aeabi_ddiv
                0x000000000000399c      0x148 /usr/local/mcuxpressoide-10.3.1_2233/ide/plugins/com.nxp.mcuxpresso.tools.linux_10.3.0.201811011841/tools/bin/../lib/gcc/arm-none-eabi/7.3.1/thumb/v6-m/libcr_eabihelpers.a(double.o)
                0x000000000000399c                __aeabi_ddiv
 .text.__aeabi_dsub
                0x0000000000003ae4      0x1bc /usr/local/mcuxpressoide-10.3.1_2233/ide/plugins/com.nxp.mcuxpresso.tools.linux_10.3.0.201811011841/tools/bin/../lib/gcc/arm-none-eabi/7.3.1/thumb/v6-m/libcr_eabihelpers.a(double.o)
                0x0000000000003ae4                __aeabi_dsub
 .text.__aeabi_dadd
                0x0000000000003ca0      0x128 /usr/local/mcuxpressoide-10.3.1_2233/ide/plugins/com.nxp.mcuxpresso.tools.linux_10.3.0.201811011841/tools/bin/../lib/gcc/arm-none-eabi/7.3.1/thumb/v6-m/libcr_eabihelpers.a(double.o)
                0x0000000000003ca0                __aeabi_dadd
 .text.__aeabi_d2iz
                0x0000000000003dc8       0x44 /usr/local/mcuxpressoide-10.3.1_2233/ide/plugins/com.nxp.mcuxpresso.tools.linux_10.3.0.201811011841/tools/bin/../lib/gcc/arm-none-eabi/7.3.1/thumb/v6-m/libcr_eabihelpers.a(double.o)
                0x0000000000003dc8                __aeabi_d2iz
 .text.__aeabi_d2lz
                0x0000000000003e0c       0x7c /usr/local/mcuxpressoide-10.3.1_2233/ide/plugins/com.nxp.mcuxpresso.tools.linux_10.3.0.201811011841/tools/bin/../lib/gcc/arm-none-eabi/7.3.1/thumb/v6-m/libcr_eabihelpers.a(double.o)
                0x0000000000003e0c                __aeabi_d2lz
 .text.__bhs_ul2d
                0x0000000000003e88       0xb4 /usr/local/mcuxpressoide-10.3.1_2233/ide/plugins/com.nxp.mcuxpresso.tools.linux_10.3.0.201811011841/tools/bin/../lib/gcc/arm-none-eabi/7.3.1/thumb/v6-m/libcr_eabihelpers.a(double.o)
                0x0000000000003e88                __bhs_ul2d
 .text.__aeabi_dcmpeq
                0x0000000000003f3c       0x30 /usr/local/mcuxpressoide-10.3.1_2233/ide/plugins/com.nxp.mcuxpresso.tools.linux_10.3.0.201811011841/tools/bin/../lib/gcc/arm-none-eabi/7.3.1/thumb/v6-m/libcr_eabihelpers.a(double.o)
                0x0000000000003f3c                __aeabi_dcmpeq
 .text.__aeabi_dcmplt
                0x0000000000003f6c       0x5c /usr/local/mcuxpressoide-10.3.1_2233/ide/plugins/com.nxp.mcuxpresso.tools.linux_10.3.0.201811011841/tools/bin/../lib/gcc/arm-none-eabi/7.3.1/thumb/v6-m/libcr_eabihelpers.a(double.o)
                0x0000000000003f6c                __aeabi_dcmplt
 .text.__aeabi_dcmpgt
                0x0000000000003fc8       0x5c /usr/local/mcuxpressoide-10.3.1_2233/ide/plugins/com.nxp.mcuxpresso.tools.linux_10.3.0.201811011841/tools/bin/../lib/gcc/arm-none-eabi/7.3.1/thumb/v6-m/libcr_eabihelpers.a(double.o)
                0x0000000000003fc8                __aeabi_dcmpgt
 .text.__aeabi_dcmple
                0x0000000000004024       0x5c /usr/local/mcuxpressoide-10.3.1_2233/ide/plugins/com.nxp.mcuxpresso.tools.linux_10.3.0.201811011841/tools/bin/../lib/gcc/arm-none-eabi/7.3.1/thumb/v6-m/libcr_eabihelpers.a(double.o)
                0x0000000000004024                __aeabi_dcmple
 .text.__aeabi_dcmpge
                0x0000000000004080       0x60 /usr/local/mcuxpressoide-10.3.1_2233/ide/plugins/com.nxp.mcuxpresso.tools.linux_10.3.0.201811011841/tools/bin/../lib/gcc/arm-none-eabi/7.3.1/thumb/v6-m/libcr_eabihelpers.a(double.o)
                0x0000000000004080                __aeabi_dcmpge
 .text.UART_EnableTx
                0x00000000000040e0       0x40 ./utilities/fsl_debug_console.o
 .text.UART_EnableRx
                0x0000000000004120       0x40 ./utilities/fsl_debug_console.o
 .text.LPSCI_EnableTx
                0x0000000000004160       0x40 ./utilities/fsl_debug_console.o
 .text.LPSCI_EnableRx
                0x00000000000041a0       0x40 ./utilities/fsl_debug_console.o
 .text.DbgConsole_PrintfPaddingCharacter
                0x00000000000041e0       0x46 ./utilities/fsl_debug_console.o
 .text.DbgConsole_ConvertRadixNumToString
                0x0000000000004226      0x114 ./utilities/fsl_debug_console.o
 .text.DbgConsole_PrintfFormattedData
                0x000000000000433a      0x36a ./utilities/fsl_debug_console.o
 .text.StrCopy  0x00000000000046a4       0x42 ./utilities/fsl_shell.o
 .text.StrLen   0x00000000000046e6       0x2c ./utilities/fsl_shell.o
 .text.StrCompare
                0x0000000000004712       0x48 ./utilities/fsl_shell.o
 .text.GetChar  0x000000000000475a       0x22 ./utilities/fsl_shell.o
 .text.GPIO_WritePinOutput
                0x000000000000477c       0x34 ./source/shell.o
 .text.GPIO_SetPinsOutput
                0x00000000000047b0       0x18 ./source/shell.o
 .text.GPIO_ClearPinsOutput
                0x00000000000047c8       0x18 ./source/shell.o
 .text.SHELL_SendDataCallback
                0x00000000000047e0       0x2c ./source/shell.o
                0x00000000000047e0                SHELL_SendDataCallback
 .text.SHELL_ReceiveDataCallback
                0x000000000000480c       0x2e ./source/shell.o
                0x000000000000480c                SHELL_ReceiveDataCallback
 .text.vListInsertEnd
                0x000000000000483a       0x44 ./freertos/list.o
                0x000000000000483a                vListInsertEnd
 .text.uxListRemove
                0x000000000000487e       0x50 ./freertos/list.o
                0x000000000000487e                uxListRemove
 .text.SVC_Handler
                0x00000000000048ce        0xa ./freertos/port.o
                0x00000000000048ce                SVC_Handler
 .text.ulSetInterruptMaskFromISR
                0x00000000000048d8        0xc ./freertos/port.o
                0x00000000000048d8                ulSetInterruptMaskFromISR
 .text.vClearInterruptMaskFromISR
                0x00000000000048e4        0x8 ./freertos/port.o
                0x00000000000048e4                vClearInterruptMaskFromISR
 .text.OSC_SetExtRefClkConfig
                0x00000000000048ec       0x3e ./drivers/fsl_clock.o
 .text.OSC_SetCapLoad
                0x000000000000492a       0x42 ./drivers/fsl_clock.o
 .text.CLOCK_GetPll0RefFreq
                0x000000000000496c       0x10 ./drivers/fsl_clock.o
 .text.CLOCK_SetExternalRefClkConfig
                0x000000000000497c       0x16 ./drivers/fsl_clock.o
                0x000000000000497c                CLOCK_SetExternalRefClkConfig
 .text.LPSCI_GetStatusFlags
                0x0000000000004992       0x26 ./drivers/fsl_lpsci.o
                0x0000000000004992                LPSCI_GetStatusFlags
 .text.UART_GetStatusFlags
                0x00000000000049b8       0x26 ./drivers/fsl_uart.o
                0x00000000000049b8                UART_GetStatusFlags
 .text.UART_WriteBlocking
                0x00000000000049de       0x3a ./drivers/fsl_uart.o
                0x00000000000049de                UART_WriteBlocking
 .text.__main   0x0000000000004a18        0xc /usr/local/mcuxpressoide-10.3.1_2233/ide/plugins/com.nxp.mcuxpresso.tools.linux_10.3.0.201811011841/tools/bin/../lib/gcc/arm-none-eabi/7.3.1/../../../../arm-none-eabi/lib/thumb/v6-m/libcr_nohost_nf.a(_cr__main.o)
                0x0000000000004a18                __main
 .text.memmove  0x0000000000004a24        0x8 /usr/local/mcuxpressoide-10.3.1_2233/ide/plugins/com.nxp.mcuxpresso.tools.linux_10.3.0.201811011841/tools/bin/../lib/gcc/arm-none-eabi/7.3.1/../../../../arm-none-eabi/lib/thumb/v6-m/libcr_c.a(memmove.o)
                0x0000000000004a24                memmove
 .text.memset   0x0000000000004a2c        0x8 /usr/local/mcuxpressoide-10.3.1_2233/ide/plugins/com.nxp.mcuxpresso.tools.linux_10.3.0.201811011841/tools/bin/../lib/gcc/arm-none-eabi/7.3.1/../../../../arm-none-eabi/lib/thumb/v6-m/libcr_c.a(memset.o)
                0x0000000000004a2c                memset
 .text.free     0x0000000000004a34       0x2c /usr/local/mcuxpressoide-10.3.1_2233/ide/plugins/com.nxp.mcuxpresso.tools.linux_10.3.0.201811011841/tools/bin/../lib/gcc/arm-none-eabi/7.3.1/../../../../arm-none-eabi/lib/thumb/v6-m/libcr_c.a(alloc.o)
                0x0000000000004a34                free
 .text.remove   0x0000000000004a60       0x12 /usr/local/mcuxpressoide-10.3.1_2233/ide/plugins/com.nxp.mcuxpresso.tools.linux_10.3.0.201811011841/tools/bin/../lib/gcc/arm-none-eabi/7.3.1/../../../../arm-none-eabi/lib/thumb/v6-m/libcr_c.a(remove.o)
                0x0000000000004a60                remove
 .text.__aeabi_division_idivmod
                0x0000000000004a72       0x78 /usr/local/mcuxpressoide-10.3.1_2233/ide/plugins/com.nxp.mcuxpresso.tools.linux_10.3.0.201811011841/tools/bin/../lib/gcc/arm-none-eabi/7.3.1/thumb/v6-m/libcr_eabihelpers.a(division_32.o)
                0x0000000000004a72                __aeabi_idiv
                0x0000000000004a72                __aeabi_idivmod
                0x0000000000004a78                __aeabi_uidiv
                0x0000000000004a78                __aeabi_uidivmod
 .text.__aeabi_division_idiv0
                0x0000000000004aea        0x2 /usr/local/mcuxpressoide-10.3.1_2233/ide/plugins/com.nxp.mcuxpresso.tools.linux_10.3.0.201811011841/tools/bin/../lib/gcc/arm-none-eabi/7.3.1/thumb/v6-m/libcr_eabihelpers.a(division_idiv0.o)
                0x0000000000004aea                __aeabi_idiv0
 .text.__bhs_ui2d
                0x0000000000004aec       0x5e /usr/local/mcuxpressoide-10.3.1_2233/ide/plugins/com.nxp.mcuxpresso.tools.linux_10.3.0.201811011841/tools/bin/../lib/gcc/arm-none-eabi/7.3.1/thumb/v6-m/libcr_eabihelpers.a(double.o)
                0x0000000000004aec                __bhs_ui2d
 .text.__aeabi_i2d
                0x0000000000004b4a       0x18 /usr/local/mcuxpressoide-10.3.1_2233/ide/plugins/com.nxp.mcuxpresso.tools.linux_10.3.0.201811011841/tools/bin/../lib/gcc/arm-none-eabi/7.3.1/thumb/v6-m/libcr_eabihelpers.a(double.o)
                0x0000000000004b4a                __aeabi_i2d
 .text.__aeabi_ui2d
                0x0000000000004b62        0xc /usr/local/mcuxpressoide-10.3.1_2233/ide/plugins/com.nxp.mcuxpresso.tools.linux_10.3.0.201811011841/tools/bin/../lib/gcc/arm-none-eabi/7.3.1/thumb/v6-m/libcr_eabihelpers.a(double.o)
                0x0000000000004b62                __aeabi_ui2d
 .text.__aeabi_l2d
                0x0000000000004b6e       0x22 /usr/local/mcuxpressoide-10.3.1_2233/ide/plugins/com.nxp.mcuxpresso.tools.linux_10.3.0.201811011841/tools/bin/../lib/gcc/arm-none-eabi/7.3.1/thumb/v6-m/libcr_eabihelpers.a(double.o)
                0x0000000000004b6e                __aeabi_l2d
 .text.__aeabi_llong_lmul
                0x0000000000004b90       0x2e /usr/local/mcuxpressoide-10.3.1_2233/ide/plugins/com.nxp.mcuxpresso.tools.linux_10.3.0.201811011841/tools/bin/../lib/gcc/arm-none-eabi/7.3.1/thumb/v6-m/libcr_eabihelpers.a(llong.o)
                0x0000000000004b90                __aeabi_lmul
 .text.__aeabi_memcpy
                0x0000000000004bbe       0x2c /usr/local/mcuxpressoide-10.3.1_2233/ide/plugins/com.nxp.mcuxpresso.tools.linux_10.3.0.201811011841/tools/bin/../lib/gcc/arm-none-eabi/7.3.1/thumb/v6-m/libcr_eabihelpers.a(memcpy.o)
                0x0000000000004bbe                __aeabi_memcpy
                0x0000000000004bbe                __aeabi_memcpy4
                0x0000000000004bbe                __aeabi_memcpy8
 .text.__aeabi_memmove
                0x0000000000004bea       0x1c /usr/local/mcuxpressoide-10.3.1_2233/ide/plugins/com.nxp.mcuxpresso.tools.linux_10.3.0.201811011841/tools/bin/../lib/gcc/arm-none-eabi/7.3.1/thumb/v6-m/libcr_eabihelpers.a(memcpy.o)
                0x0000000000004bea                __aeabi_memmove8
                0x0000000000004bea                __aeabi_memmove
                0x0000000000004bea                __aeabi_memmove4
 .text.__aeabi_memset_lowlevel
                0x0000000000004c06       0x2a /usr/local/mcuxpressoide-10.3.1_2233/ide/plugins/com.nxp.mcuxpresso.tools.linux_10.3.0.201811011841/tools/bin/../lib/gcc/arm-none-eabi/7.3.1/thumb/v6-m/libcr_eabihelpers.a(memcpy.o)
                0x0000000000004c06                __aeabi_lowlevel_memset
 .text.__sys_close
                0x0000000000004c30        0x6 /usr/local/mcuxpressoide-10.3.1_2233/ide/plugins/com.nxp.mcuxpresso.tools.linux_10.3.0.201811011841/tools/bin/../lib/gcc/arm-none-eabi/7.3.1/../../../../arm-none-eabi/lib/thumb/v6-m/libcr_nohost_nf.a(__sys_close.o)
                0x0000000000004c30                __sys_close
 .text.__sys_flen
                0x0000000000004c36        0x6 /usr/local/mcuxpressoide-10.3.1_2233/ide/plugins/com.nxp.mcuxpresso.tools.linux_10.3.0.201811011841/tools/bin/../lib/gcc/arm-none-eabi/7.3.1/../../../../arm-none-eabi/lib/thumb/v6-m/libcr_nohost_nf.a(__sys_flen.o)
                0x0000000000004c36                __sys_flen
 .text.__sys_istty
                0x0000000000004c3c        0x6 /usr/local/mcuxpressoide-10.3.1_2233/ide/plugins/com.nxp.mcuxpresso.tools.linux_10.3.0.201811011841/tools/bin/../lib/gcc/arm-none-eabi/7.3.1/../../../../arm-none-eabi/lib/thumb/v6-m/libcr_nohost_nf.a(__sys_istty.o)
                0x0000000000004c3c                __sys_istty
 .text.__sys_remove
                0x0000000000004c42        0x6 /usr/local/mcuxpressoide-10.3.1_2233/ide/plugins/com.nxp.mcuxpresso.tools.linux_10.3.0.201811011841/tools/bin/../lib/gcc/arm-none-eabi/7.3.1/../../../../arm-none-eabi/lib/thumb/v6-m/libcr_nohost_nf.a(__sys_remove.o)
                0x0000000000004c42                __sys_remove
 .text.__sys_seek
                0x0000000000004c48        0x6 /usr/local/mcuxpressoide-10.3.1_2233/ide/plugins/com.nxp.mcuxpresso.tools.linux_10.3.0.201811011841/tools/bin/../lib/gcc/arm-none-eabi/7.3.1/../../../../arm-none-eabi/lib/thumb/v6-m/libcr_nohost_nf.a(__sys_seek.o)
                0x0000000000004c48                __sys_seek
 .text.__sys_tmpnam
                0x0000000000004c4e        0x6 /usr/local/mcuxpressoide-10.3.1_2233/ide/plugins/com.nxp.mcuxpresso.tools.linux_10.3.0.201811011841/tools/bin/../lib/gcc/arm-none-eabi/7.3.1/../../../../arm-none-eabi/lib/thumb/v6-m/libcr_nohost_nf.a(__sys_tmpnam.o)
                0x0000000000004c4e                __sys_tmpnam
 .text.__sys_write
                0x0000000000004c54        0x4 /usr/local/mcuxpressoide-10.3.1_2233/ide/plugins/com.nxp.mcuxpresso.tools.linux_10.3.0.201811011841/tools/bin/../lib/gcc/arm-none-eabi/7.3.1/../../../../arm-none-eabi/lib/thumb/v6-m/libcr_nohost_nf.a(__sys_write.o)
                0x0000000000004c54                __sys_write
 *(SORT_BY_ALIGNMENT(.rodata) SORT_BY_ALIGNMENT(.rodata.*) SORT_BY_ALIGNMENT(.constdata) SORT_BY_ALIGNMENT(.constdata.*))
 .rodata.__huge_val
                0x0000000000004c58        0x8 /usr/local/mcuxpressoide-10.3.1_2233/ide/plugins/com.nxp.mcuxpresso.tools.linux_10.3.0.201811011841/tools/bin/../lib/gcc/arm-none-eabi/7.3.1/../../../../arm-none-eabi/lib/thumb/v6-m/libcr_c.a(_hugeval.o)
                0x0000000000004c58                __huge_val
 .rodata.a1.3930
                0x0000000000004c60       0x88 /usr/local/mcuxpressoide-10.3.1_2233/ide/plugins/com.nxp.mcuxpresso.tools.linux_10.3.0.201811011841/tools/bin/../lib/gcc/arm-none-eabi/7.3.1/../../../../arm-none-eabi/lib/thumb/v6-m/libcr_c.a(pow.o)
 .rodata.a2.3931
                0x0000000000004ce8       0x40 /usr/local/mcuxpressoide-10.3.1_2233/ide/plugins/com.nxp.mcuxpresso.tools.linux_10.3.0.201811011841/tools/bin/../lib/gcc/arm-none-eabi/7.3.1/../../../../arm-none-eabi/lib/thumb/v6-m/libcr_c.a(pow.o)
 .rodata        0x0000000000004d28      0x261 ./utilities/fsl_shell.o
 *fill*         0x0000000000004f89        0x3 ff
 .rodata.xHelpCommand
                0x0000000000004f8c       0x10 ./utilities/fsl_shell.o
 .rodata.xExitCommand
                0x0000000000004f9c       0x10 ./utilities/fsl_shell.o
 .rodata        0x0000000000004fac       0xc5 ./source/shell.o
 *fill*         0x0000000000005071        0x3 ff
 .rodata.xLedCommand
                0x0000000000005074       0x10 ./source/shell.o
 .rodata        0x0000000000005084      0x11d ./drivers/fsl_clock.o
 *fill*         0x00000000000051a1        0x3 ff
 .rodata.fllFactorTable.5188
                0x00000000000051a4       0x10 ./drivers/fsl_clock.o
 .rodata        0x00000000000051b4        0x4 ./drivers/fsl_common.o
 .rodata        0x00000000000051b8      0x48c ./drivers/fsl_lpsci.o
 .rodata.s_uartBases
                0x0000000000005644        0xc ./drivers/fsl_uart.o
 .rodata.s_uartClock
                0x0000000000005650        0xc ./drivers/fsl_uart.o
 .rodata        0x000000000000565c      0x45b ./drivers/fsl_uart.o
 *fill*         0x0000000000005ab7        0x1 ff
 .rodata.mcgConfig_BOARD_BootClockRUN
                0x0000000000005ab8        0xa ./board/clock_config.o
                0x0000000000005ab8                mcgConfig_BOARD_BootClockRUN
 *fill*         0x0000000000005ac2        0x2 ff
 .rodata.simConfig_BOARD_BootClockRUN
                0x0000000000005ac4        0x8 ./board/clock_config.o
                0x0000000000005ac4                simConfig_BOARD_BootClockRUN
 .rodata.oscConfig_BOARD_BootClockRUN
                0x0000000000005acc        0x8 ./board/clock_config.o
                0x0000000000005acc                oscConfig_BOARD_BootClockRUN
 .rodata.__num_Ciob_streams
                0x0000000000005ad4        0x4 /usr/local/mcuxpressoide-10.3.1_2233/ide/plugins/com.nxp.mcuxpresso.tools.linux_10.3.0.201811011841/tools/bin/../lib/gcc/arm-none-eabi/7.3.1/../../../../arm-none-eabi/lib/thumb/v6-m/libcr_nohost_nf.a(__ciob.o)
                0x0000000000005ad4                __num_Ciob_streams
 .rodata._initio.str1.1
                0x0000000000005ad8        0x4 /usr/local/mcuxpressoide-10.3.1_2233/ide/plugins/com.nxp.mcuxpresso.tools.linux_10.3.0.201811011841/tools/bin/../lib/gcc/arm-none-eabi/7.3.1/../../../../arm-none-eabi/lib/thumb/v6-m/libcr_c.a(initio.o)
 .rodata.__ctype
                0x0000000000005adc      0x180 /usr/local/mcuxpressoide-10.3.1_2233/ide/plugins/com.nxp.mcuxpresso.tools.linux_10.3.0.201811011841/tools/bin/../lib/gcc/arm-none-eabi/7.3.1/../../../../arm-none-eabi/lib/thumb/v6-m/libcr_c.a(ctype.o)
                0x0000000000005adc                __ctype
                0x0000000000005c5c                . = ALIGN (0x4)

.glue_7         0x0000000000005c5c        0x0
 .glue_7        0x0000000000005c5c        0x0 linker stubs

.glue_7t        0x0000000000005c5c        0x0
 .glue_7t       0x0000000000005c5c        0x0 linker stubs

.vfp11_veneer   0x0000000000005c5c        0x0
 .vfp11_veneer  0x0000000000005c5c        0x0 linker stubs

.v4_bx          0x0000000000005c5c        0x0
 .v4_bx         0x0000000000005c5c        0x0 linker stubs

.iplt           0x0000000000005c5c        0x0
 .iplt          0x0000000000005c5c        0x0 ./utilities/fsl_debug_console.o

.rel.dyn        0x0000000000005c5c        0x0
 .rel.iplt      0x0000000000005c5c        0x0 ./utilities/fsl_debug_console.o

.ARM.extab
 *(SORT_BY_ALIGNMENT(.ARM.extab*) SORT_BY_ALIGNMENT(.gnu.linkonce.armextab.*))
                0x0000000000005c5c                __exidx_start = .

.ARM.exidx
 *(SORT_BY_ALIGNMENT(.ARM.exidx*) SORT_BY_ALIGNMENT(.gnu.linkonce.armexidx.*))
                0x0000000000005c5c                __exidx_end = .
                0x0000000000005c5c                _etext = .

.m_usb_data
 *(SORT_BY_ALIGNMENT(m_usb_bdt))

.mtb_buffer_default
                0x000000001ffff000       0x80
 *(SORT_BY_ALIGNMENT(.mtb*))
 .mtb.$RAM1     0x000000001ffff000       0x80 ./source/mtb.o
                0x000000001ffff000                __mtb_buffer__

.uninit_RESERVED
                0x000000001ffff080        0x0
 *(SORT_BY_ALIGNMENT(.bss.$RESERVED*))
                0x000000001ffff080                . = ALIGN (0x4)
                0x000000001ffff080                _end_uninit_RESERVED = .

.data           0x000000001ffff080        0x8 load address 0x0000000000005c5c
 FILL mask 0xff
                0x000000001ffff080                _data = .
 *(SORT_BY_ALIGNMENT(vtable))
 *(SORT_BY_ALIGNMENT(.ramfunc*))
 *(SORT_BY_ALIGNMENT(.data*))
 .data.s_slowIrcFreq
                0x000000001ffff080        0x4 ./drivers/fsl_clock.o
 .data.SystemCoreClock
                0x000000001ffff084        0x4 ./CMSIS/system_MKL25Z4.o
                0x000000001ffff084                SystemCoreClock
                0x000000001ffff088                . = ALIGN (0x4)
                0x000000001ffff088                _edata = .

.igot.plt       0x000000001ffff088        0x0 load address 0x0000000000005c64
 .igot.plt      0x000000001ffff088        0x0 ./utilities/fsl_debug_console.o

.bss            0x000000001ffff088      0x20c load address 0x0000000000005c64
                0x000000001ffff088                _bss = .
 *(SORT_BY_ALIGNMENT(.bss*))
 .bss.s_debugConsole
                0x000000001ffff088       0x10 ./utilities/fsl_debug_console.o
 .bss.g_RegisteredCommands
                0x000000001ffff098       0x54 ./utilities/fsl_shell.o
 .bss.g_paramBuffer
                0x000000001ffff0ec       0x40 ./utilities/fsl_shell.o
 .bss.tmpCommand.5190
                0x000000001ffff12c        0x4 ./utilities/fsl_shell.o
 .bss.tmpCommandString.5191
                0x000000001ffff130        0x4 ./utilities/fsl_shell.o
 .bss.pxCurrentTCB
                0x000000001ffff134        0x4 ./freertos/tasks.o
                0x000000001ffff134                pxCurrentTCB
 .bss.pxReadyTasksLists
                0x000000001ffff138       0x64 ./freertos/tasks.o
 .bss.pxDelayedTaskList
                0x000000001ffff19c        0x4 ./freertos/tasks.o
 .bss.pxOverflowDelayedTaskList
                0x000000001ffff1a0        0x4 ./freertos/tasks.o
 .bss.xTickCount
                0x000000001ffff1a4        0x4 ./freertos/tasks.o
 .bss.uxTopReadyPriority
                0x000000001ffff1a8        0x4 ./freertos/tasks.o
 .bss.uxPendedTicks
                0x000000001ffff1ac        0x4 ./freertos/tasks.o
 .bss.xYieldPending
                0x000000001ffff1b0        0x4 ./freertos/tasks.o
 .bss.xNumOfOverflows
                0x000000001ffff1b4        0x4 ./freertos/tasks.o
 .bss.xNextTaskUnblockTime
                0x000000001ffff1b8        0x4 ./freertos/tasks.o
 .bss.uxSchedulerSuspended
                0x000000001ffff1bc        0x4 ./freertos/tasks.o
 .bss.g_xtal0Freq
                0x000000001ffff1c0        0x4 ./drivers/fsl_clock.o
                0x000000001ffff1c0                g_xtal0Freq
 .bss.s_lpsciHandle
                0x000000001ffff1c4        0x4 ./drivers/fsl_lpsci.o
 .bss.s_lpsciIsr
                0x000000001ffff1c8        0x4 ./drivers/fsl_lpsci.o
 .bss.s_uartHandle
                0x000000001ffff1cc        0xc ./drivers/fsl_uart.o
 .bss.s_uartIsr
                0x000000001ffff1d8        0x4 ./drivers/fsl_uart.o
 .bss.errno     0x000000001ffff1dc        0x4 /usr/local/mcuxpressoide-10.3.1_2233/ide/plugins/com.nxp.mcuxpresso.tools.linux_10.3.0.201811011841/tools/bin/../lib/gcc/arm-none-eabi/7.3.1/../../../../arm-none-eabi/lib/thumb/v6-m/libcr_c.a(errno.o)
                0x000000001ffff1dc                errno
 .bss.__Ciob    0x000000001ffff1e0       0xb4 /usr/local/mcuxpressoide-10.3.1_2233/ide/plugins/com.nxp.mcuxpresso.tools.linux_10.3.0.201811011841/tools/bin/../lib/gcc/arm-none-eabi/7.3.1/../../../../arm-none-eabi/lib/thumb/v6-m/libcr_nohost_nf.a(__ciob.o)
                0x000000001ffff1e0                __Ciob
 *(SORT_BY_ALIGNMENT(COMMON))
                0x000000001ffff294                . = ALIGN (0x4)
                0x000000001ffff294                _ebss = .
                [!provide]                        PROVIDE (end = .)

.noinit         0x000000001ffff294        0x0 load address 0x0000000000005c64
                0x000000001ffff294                _noinit = .
 *(SORT_BY_ALIGNMENT(.noinit*))
                0x000000001ffff294                . = ALIGN (0x4)
                0x000000001ffff294                _end_noinit = .
                0x0000000000000400                _HeapSize = 0x400

.heap           0x000000001ffff294      0x400 load address 0x0000000000005c64
                0x000000001ffff294                _pvHeapStart = .
                0x000000001ffff694                . = (. + _HeapSize)
 *fill*         0x000000001ffff294      0x400 
                0x000000001ffff694                . = ALIGN (0x4)
                0x000000001ffff694                _pvHeapLimit = .
                0x0000000000000400                _StackSize = 0x400

.heap2stackfill
                0x000000001ffff694      0x400 load address 0x0000000000005c64
                0x000000001ffffa94                . = (. + _StackSize)
 *fill*         0x000000001ffff694      0x400 

.stack          0x0000000020002c00        0x0
                0x0000000020002c00                _vStackBase = .
                0x0000000020002c00                . = ALIGN (0x4)
                0x0000000020003000                _vStackTop = (. + _StackSize)
                0x0000000000000000                _image_start = LOADADDR (.text)
                0x0000000000005c64                _image_end = (LOADADDR (.data) + SIZEOF (.data))
                0x0000000000005c64                _image_size = (_image_end - _image_start)
OUTPUT(frdmkl25z_demo_apps_shell.axf elf32-littlearm)

.debug_info     0x0000000000000000     0xa2f6
 .debug_info    0x0000000000000000      0xf27 ./utilities/fsl_debug_console.o
 .debug_info    0x0000000000000f27      0x964 ./utilities/fsl_shell.o
 .debug_info    0x000000000000188b      0x497 ./startup/startup_mkl25z4.o
 .debug_info    0x0000000000001d22       0x4e ./source/mtb.o
 .debug_info    0x0000000000001d70       0x37 ./source/semihost_hardfault.o
 .debug_info    0x0000000000001da7      0xa54 ./source/shell.o
 .debug_info    0x00000000000027fb      0x2c0 ./freertos/list.o
 .debug_info    0x0000000000002abb      0x25a ./freertos/port.o
 .debug_info    0x0000000000002d15     0x1764 ./freertos/tasks.o
 .debug_info    0x0000000000004479     0x195e ./drivers/fsl_clock.o
 .debug_info    0x0000000000005dd7      0x41e ./drivers/fsl_common.o
 .debug_info    0x00000000000061f5     0x1388 ./drivers/fsl_lpsci.o
 .debug_info    0x000000000000757d     0x1332 ./drivers/fsl_uart.o
 .debug_info    0x00000000000088af      0x692 ./board/board.o
 .debug_info    0x0000000000008f41      0xa66 ./board/clock_config.o
 .debug_info    0x00000000000099a7      0x555 ./board/pin_mux.o
 .debug_info    0x0000000000009efc      0x3fa ./CMSIS/system_MKL25Z4.o

.debug_abbrev   0x0000000000000000     0x1efb
 .debug_abbrev  0x0000000000000000      0x291 ./utilities/fsl_debug_console.o
 .debug_abbrev  0x0000000000000291      0x204 ./utilities/fsl_shell.o
 .debug_abbrev  0x0000000000000495      0x16a ./startup/startup_mkl25z4.o
 .debug_abbrev  0x00000000000005ff       0x41 ./source/mtb.o
 .debug_abbrev  0x0000000000000640       0x2c ./source/semihost_hardfault.o
 .debug_abbrev  0x000000000000066c      0x223 ./source/shell.o
 .debug_abbrev  0x000000000000088f      0x10f ./freertos/list.o
 .debug_abbrev  0x000000000000099e      0x192 ./freertos/port.o
 .debug_abbrev  0x0000000000000b30      0x28e ./freertos/tasks.o
 .debug_abbrev  0x0000000000000dbe      0x326 ./drivers/fsl_clock.o
 .debug_abbrev  0x00000000000010e4      0x247 ./drivers/fsl_common.o
 .debug_abbrev  0x000000000000132b      0x2ca ./drivers/fsl_lpsci.o
 .debug_abbrev  0x00000000000015f5      0x2e2 ./drivers/fsl_uart.o
 .debug_abbrev  0x00000000000018d7      0x164 ./board/board.o
 .debug_abbrev  0x0000000000001a3b      0x1f1 ./board/clock_config.o
 .debug_abbrev  0x0000000000001c2c      0x196 ./board/pin_mux.o
 .debug_abbrev  0x0000000000001dc2      0x139 ./CMSIS/system_MKL25Z4.o

.debug_aranges  0x0000000000000000      0xad8
 .debug_aranges
                0x0000000000000000       0x98 ./utilities/fsl_debug_console.o
 .debug_aranges
                0x0000000000000098       0x80 ./utilities/fsl_shell.o
 .debug_aranges
                0x0000000000000118      0x160 ./startup/startup_mkl25z4.o
 .debug_aranges
                0x0000000000000278       0x18 ./source/mtb.o
 .debug_aranges
                0x0000000000000290       0x20 ./source/semihost_hardfault.o
 .debug_aranges
                0x00000000000002b0       0x58 ./source/shell.o
 .debug_aranges
                0x0000000000000308       0x40 ./freertos/list.o
 .debug_aranges
                0x0000000000000348       0x80 ./freertos/port.o
 .debug_aranges
                0x00000000000003c8      0x1e8 ./freertos/tasks.o
 .debug_aranges
                0x00000000000005b0      0x1d8 ./drivers/fsl_clock.o
 .debug_aranges
                0x0000000000000788       0x38 ./drivers/fsl_common.o
 .debug_aranges
                0x00000000000007c0      0x118 ./drivers/fsl_lpsci.o
 .debug_aranges
                0x00000000000008d8      0x130 ./drivers/fsl_uart.o
 .debug_aranges
                0x0000000000000a08       0x28 ./board/board.o
 .debug_aranges
                0x0000000000000a30       0x50 ./board/clock_config.o
 .debug_aranges
                0x0000000000000a80       0x30 ./board/pin_mux.o
 .debug_aranges
                0x0000000000000ab0       0x28 ./CMSIS/system_MKL25Z4.o

.debug_ranges   0x0000000000000000      0x9c0
 .debug_ranges  0x0000000000000000       0x88 ./utilities/fsl_debug_console.o
 .debug_ranges  0x0000000000000088       0x70 ./utilities/fsl_shell.o
 .debug_ranges  0x00000000000000f8      0x150 ./startup/startup_mkl25z4.o
 .debug_ranges  0x0000000000000248       0x10 ./source/semihost_hardfault.o
 .debug_ranges  0x0000000000000258       0x48 ./source/shell.o
 .debug_ranges  0x00000000000002a0       0x30 ./freertos/list.o
 .debug_ranges  0x00000000000002d0       0x70 ./freertos/port.o
 .debug_ranges  0x0000000000000340      0x1d8 ./freertos/tasks.o
 .debug_ranges  0x0000000000000518      0x1c8 ./drivers/fsl_clock.o
 .debug_ranges  0x00000000000006e0       0x28 ./drivers/fsl_common.o
 .debug_ranges  0x0000000000000708      0x108 ./drivers/fsl_lpsci.o
 .debug_ranges  0x0000000000000810      0x120 ./drivers/fsl_uart.o
 .debug_ranges  0x0000000000000930       0x18 ./board/board.o
 .debug_ranges  0x0000000000000948       0x40 ./board/clock_config.o
 .debug_ranges  0x0000000000000988       0x20 ./board/pin_mux.o
 .debug_ranges  0x00000000000009a8       0x18 ./CMSIS/system_MKL25Z4.o

.debug_line     0x0000000000000000     0x424f
 .debug_line    0x0000000000000000      0x6e0 ./utilities/fsl_debug_console.o
 .debug_line    0x00000000000006e0      0x4b2 ./utilities/fsl_shell.o
 .debug_line    0x0000000000000b92      0x128 ./startup/startup_mkl25z4.o
 .debug_line    0x0000000000000cba       0x30 ./source/mtb.o
 .debug_line    0x0000000000000cea       0x54 ./source/semihost_hardfault.o
 .debug_line    0x0000000000000d3e      0x2c3 ./source/shell.o
 .debug_line    0x0000000000001001      0x1e7 ./freertos/list.o
 .debug_line    0x00000000000011e8      0x28a ./freertos/port.o
 .debug_line    0x0000000000001472      0xc95 ./freertos/tasks.o
 .debug_line    0x0000000000002107      0x940 ./drivers/fsl_clock.o
 .debug_line    0x0000000000002a47      0x24e ./drivers/fsl_common.o
 .debug_line    0x0000000000002c95      0x6f3 ./drivers/fsl_lpsci.o
 .debug_line    0x0000000000003388      0x6f6 ./drivers/fsl_uart.o
 .debug_line    0x0000000000003a7e      0x1c3 ./board/board.o
 .debug_line    0x0000000000003c41      0x25d ./board/clock_config.o
 .debug_line    0x0000000000003e9e      0x1e0 ./board/pin_mux.o
 .debug_line    0x000000000000407e      0x1d1 ./CMSIS/system_MKL25Z4.o

.debug_str      0x0000000000000000     0x4edb
 .debug_str     0x0000000000000000      0xd22 ./utilities/fsl_debug_console.o
                                        0xda6 (size before relaxing)
 .debug_str     0x0000000000000d22      0x34d ./utilities/fsl_shell.o
                                        0xa08 (size before relaxing)
 .debug_str     0x000000000000106f      0x394 ./startup/startup_mkl25z4.o
                                        0x4a3 (size before relaxing)
 .debug_str     0x0000000000001403       0x1f ./source/mtb.o
                                        0x12d (size before relaxing)
 .debug_str     0x0000000000001422       0x1f ./source/semihost_hardfault.o
                                        0x12d (size before relaxing)
 .debug_str     0x0000000000001441      0x4dd ./source/shell.o
                                        0xd35 (size before relaxing)
 .debug_str     0x000000000000191e      0x147 ./freertos/list.o
                                        0x318 (size before relaxing)
 .debug_str     0x0000000000001a65      0x13d ./freertos/port.o
                                        0x35a (size before relaxing)
 .debug_str     0x0000000000001ba2      0xc62 ./freertos/tasks.o
                                        0xf97 (size before relaxing)
 .debug_str     0x0000000000002804      0xddc ./drivers/fsl_clock.o
                                       0x17ce (size before relaxing)
 .debug_str     0x00000000000035e0      0x302 ./drivers/fsl_common.o
                                        0x4f0 (size before relaxing)
 .debug_str     0x00000000000038e2      0x9ce ./drivers/fsl_lpsci.o
                                       0x1596 (size before relaxing)
 .debug_str     0x00000000000042b0      0x819 ./drivers/fsl_uart.o
                                       0x15a2 (size before relaxing)
 .debug_str     0x0000000000004ac9       0x4c ./board/board.o
                                        0x677 (size before relaxing)
 .debug_str     0x0000000000004b15      0x222 ./board/clock_config.o
                                        0xda0 (size before relaxing)
 .debug_str     0x0000000000004d37      0x155 ./board/pin_mux.o
                                        0x5ab (size before relaxing)
 .debug_str     0x0000000000004e8c       0x4f ./CMSIS/system_MKL25Z4.o
                                        0x30f (size before relaxing)

.comment        0x0000000000000000       0x7f
 .comment       0x0000000000000000       0x7f ./utilities/fsl_debug_console.o
                                         0x80 (size before relaxing)
 .comment       0x000000000000007f       0x80 ./utilities/fsl_shell.o
 .comment       0x000000000000007f       0x80 ./startup/startup_mkl25z4.o
 .comment       0x000000000000007f       0x80 ./source/mtb.o
 .comment       0x000000000000007f       0x80 ./source/semihost_hardfault.o
 .comment       0x000000000000007f       0x80 ./source/shell.o
 .comment       0x000000000000007f       0x80 ./freertos/list.o
 .comment       0x000000000000007f       0x80 ./freertos/port.o
 .comment       0x000000000000007f       0x80 ./freertos/tasks.o
 .comment       0x000000000000007f       0x80 ./drivers/fsl_clock.o
 .comment       0x000000000000007f       0x80 ./drivers/fsl_common.o
 .comment       0x000000000000007f       0x80 ./drivers/fsl_lpsci.o
 .comment       0x000000000000007f       0x80 ./drivers/fsl_uart.o
 .comment       0x000000000000007f       0x80 ./board/board.o
 .comment       0x000000000000007f       0x80 ./board/clock_config.o
 .comment       0x000000000000007f       0x80 ./board/pin_mux.o
 .comment       0x000000000000007f       0x80 ./CMSIS/system_MKL25Z4.o
 .comment       0x000000000000007f       0x80 /usr/local/mcuxpressoide-10.3.1_2233/ide/plugins/com.nxp.mcuxpresso.tools.linux_10.3.0.201811011841/tools/bin/../lib/gcc/arm-none-eabi/7.3.1/../../../../arm-none-eabi/lib/thumb/v6-m/libcr_nohost_nf.a(_cr__main.o)
 .comment       0x000000000000007f       0x80 /usr/local/mcuxpressoide-10.3.1_2233/ide/plugins/com.nxp.mcuxpresso.tools.linux_10.3.0.201811011841/tools/bin/../lib/gcc/arm-none-eabi/7.3.1/../../../../arm-none-eabi/lib/thumb/v6-m/libcr_c.a(memmove.o)
 .comment       0x000000000000007f       0x80 /usr/local/mcuxpressoide-10.3.1_2233/ide/plugins/com.nxp.mcuxpresso.tools.linux_10.3.0.201811011841/tools/bin/../lib/gcc/arm-none-eabi/7.3.1/../../../../arm-none-eabi/lib/thumb/v6-m/libcr_c.a(memset.o)
 .comment       0x000000000000007f       0x80 /usr/local/mcuxpressoide-10.3.1_2233/ide/plugins/com.nxp.mcuxpresso.tools.linux_10.3.0.201811011841/tools/bin/../lib/gcc/arm-none-eabi/7.3.1/../../../../arm-none-eabi/lib/thumb/v6-m/libcr_c.a(_hugeval.o)
 .comment       0x000000000000007f       0x80 /usr/local/mcuxpressoide-10.3.1_2233/ide/plugins/com.nxp.mcuxpresso.tools.linux_10.3.0.201811011841/tools/bin/../lib/gcc/arm-none-eabi/7.3.1/../../../../arm-none-eabi/lib/thumb/v6-m/libcr_c.a(alloc.o)
 .comment       0x000000000000007f       0x80 /usr/local/mcuxpressoide-10.3.1_2233/ide/plugins/com.nxp.mcuxpresso.tools.linux_10.3.0.201811011841/tools/bin/../lib/gcc/arm-none-eabi/7.3.1/../../../../arm-none-eabi/lib/thumb/v6-m/libcr_c.a(initio.o)
 .comment       0x000000000000007f       0x80 /usr/local/mcuxpressoide-10.3.1_2233/ide/plugins/com.nxp.mcuxpresso.tools.linux_10.3.0.201811011841/tools/bin/../lib/gcc/arm-none-eabi/7.3.1/../../../../arm-none-eabi/lib/thumb/v6-m/libcr_c.a(modf.o)
 .comment       0x000000000000007f       0x80 /usr/local/mcuxpressoide-10.3.1_2233/ide/plugins/com.nxp.mcuxpresso.tools.linux_10.3.0.201811011841/tools/bin/../lib/gcc/arm-none-eabi/7.3.1/../../../../arm-none-eabi/lib/thumb/v6-m/libcr_c.a(pow.o)
 .comment       0x000000000000007f       0x80 /usr/local/mcuxpressoide-10.3.1_2233/ide/plugins/com.nxp.mcuxpresso.tools.linux_10.3.0.201811011841/tools/bin/../lib/gcc/arm-none-eabi/7.3.1/../../../../arm-none-eabi/lib/thumb/v6-m/libcr_c.a(scanf.o)
 .comment       0x000000000000007f       0x80 /usr/local/mcuxpressoide-10.3.1_2233/ide/plugins/com.nxp.mcuxpresso.tools.linux_10.3.0.201811011841/tools/bin/../lib/gcc/arm-none-eabi/7.3.1/../../../../arm-none-eabi/lib/thumb/v6-m/libcr_c.a(setvbuf.o)
 .comment       0x000000000000007f       0x80 /usr/local/mcuxpressoide-10.3.1_2233/ide/plugins/com.nxp.mcuxpresso.tools.linux_10.3.0.201811011841/tools/bin/../lib/gcc/arm-none-eabi/7.3.1/../../../../arm-none-eabi/lib/thumb/v6-m/libcr_c.a(strcmp.o)
 .comment       0x000000000000007f       0x80 /usr/local/mcuxpressoide-10.3.1_2233/ide/plugins/com.nxp.mcuxpresso.tools.linux_10.3.0.201811011841/tools/bin/../lib/gcc/arm-none-eabi/7.3.1/../../../../arm-none-eabi/lib/thumb/v6-m/libcr_c.a(strlen.o)
 .comment       0x000000000000007f       0x80 /usr/local/mcuxpressoide-10.3.1_2233/ide/plugins/com.nxp.mcuxpresso.tools.linux_10.3.0.201811011841/tools/bin/../lib/gcc/arm-none-eabi/7.3.1/../../../../arm-none-eabi/lib/thumb/v6-m/libcr_c.a(_deferredlazyseek.o)
 .comment       0x000000000000007f       0x80 /usr/local/mcuxpressoide-10.3.1_2233/ide/plugins/com.nxp.mcuxpresso.tools.linux_10.3.0.201811011841/tools/bin/../lib/gcc/arm-none-eabi/7.3.1/../../../../arm-none-eabi/lib/thumb/v6-m/libcr_c.a(_fdopen.o)
 .comment       0x000000000000007f       0x80 /usr/local/mcuxpressoide-10.3.1_2233/ide/plugins/com.nxp.mcuxpresso.tools.linux_10.3.0.201811011841/tools/bin/../lib/gcc/arm-none-eabi/7.3.1/../../../../arm-none-eabi/lib/thumb/v6-m/libcr_c.a(_fflush.o)
 .comment       0x000000000000007f       0x80 /usr/local/mcuxpressoide-10.3.1_2233/ide/plugins/com.nxp.mcuxpresso.tools.linux_10.3.0.201811011841/tools/bin/../lib/gcc/arm-none-eabi/7.3.1/../../../../arm-none-eabi/lib/thumb/v6-m/libcr_c.a(_writebuf.o)
 .comment       0x000000000000007f       0x80 /usr/local/mcuxpressoide-10.3.1_2233/ide/plugins/com.nxp.mcuxpresso.tools.linux_10.3.0.201811011841/tools/bin/../lib/gcc/arm-none-eabi/7.3.1/../../../../arm-none-eabi/lib/thumb/v6-m/libcr_c.a(ctype.o)
 .comment       0x000000000000007f       0x80 /usr/local/mcuxpressoide-10.3.1_2233/ide/plugins/com.nxp.mcuxpresso.tools.linux_10.3.0.201811011841/tools/bin/../lib/gcc/arm-none-eabi/7.3.1/../../../../arm-none-eabi/lib/thumb/v6-m/libcr_c.a(errno.o)
 .comment       0x000000000000007f       0x80 /usr/local/mcuxpressoide-10.3.1_2233/ide/plugins/com.nxp.mcuxpresso.tools.linux_10.3.0.201811011841/tools/bin/../lib/gcc/arm-none-eabi/7.3.1/../../../../arm-none-eabi/lib/thumb/v6-m/libcr_c.a(fclose.o)
 .comment       0x000000000000007f       0x80 /usr/local/mcuxpressoide-10.3.1_2233/ide/plugins/com.nxp.mcuxpresso.tools.linux_10.3.0.201811011841/tools/bin/../lib/gcc/arm-none-eabi/7.3.1/../../../../arm-none-eabi/lib/thumb/v6-m/libcr_c.a(fflush.o)
 .comment       0x000000000000007f       0x80 /usr/local/mcuxpressoide-10.3.1_2233/ide/plugins/com.nxp.mcuxpresso.tools.linux_10.3.0.201811011841/tools/bin/../lib/gcc/arm-none-eabi/7.3.1/../../../../arm-none-eabi/lib/thumb/v6-m/libcr_c.a(frexp.o)
 .comment       0x000000000000007f       0x80 /usr/local/mcuxpressoide-10.3.1_2233/ide/plugins/com.nxp.mcuxpresso.tools.linux_10.3.0.201811011841/tools/bin/../lib/gcc/arm-none-eabi/7.3.1/../../../../arm-none-eabi/lib/thumb/v6-m/libcr_c.a(fseek.o)
 .comment       0x000000000000007f       0x80 /usr/local/mcuxpressoide-10.3.1_2233/ide/plugins/com.nxp.mcuxpresso.tools.linux_10.3.0.201811011841/tools/bin/../lib/gcc/arm-none-eabi/7.3.1/../../../../arm-none-eabi/lib/thumb/v6-m/libcr_c.a(ftell.o)
 .comment       0x000000000000007f       0x80 /usr/local/mcuxpressoide-10.3.1_2233/ide/plugins/com.nxp.mcuxpresso.tools.linux_10.3.0.201811011841/tools/bin/../lib/gcc/arm-none-eabi/7.3.1/../../../../arm-none-eabi/lib/thumb/v6-m/libcr_c.a(ldexp.o)
 .comment       0x000000000000007f       0x80 /usr/local/mcuxpressoide-10.3.1_2233/ide/plugins/com.nxp.mcuxpresso.tools.linux_10.3.0.201811011841/tools/bin/../lib/gcc/arm-none-eabi/7.3.1/../../../../arm-none-eabi/lib/thumb/v6-m/libcr_c.a(remove.o)
 .comment       0x000000000000007f       0x80 /usr/local/mcuxpressoide-10.3.1_2233/ide/plugins/com.nxp.mcuxpresso.tools.linux_10.3.0.201811011841/tools/bin/../lib/gcc/arm-none-eabi/7.3.1/../../../../arm-none-eabi/lib/thumb/v6-m/libcr_c.a(_do_fflush.o)
 .comment       0x000000000000007f       0x80 /usr/local/mcuxpressoide-10.3.1_2233/ide/plugins/com.nxp.mcuxpresso.tools.linux_10.3.0.201811011841/tools/bin/../lib/gcc/arm-none-eabi/7.3.1/thumb/v6-m/libcr_eabihelpers.a(double.o)
 .comment       0x000000000000007f       0x80 /usr/local/mcuxpressoide-10.3.1_2233/ide/plugins/com.nxp.mcuxpresso.tools.linux_10.3.0.201811011841/tools/bin/../lib/gcc/arm-none-eabi/7.3.1/../../../../arm-none-eabi/lib/thumb/v6-m/libcr_nohost_nf.a(__ciob.o)
 .comment       0x000000000000007f       0x80 /usr/local/mcuxpressoide-10.3.1_2233/ide/plugins/com.nxp.mcuxpresso.tools.linux_10.3.0.201811011841/tools/bin/../lib/gcc/arm-none-eabi/7.3.1/../../../../arm-none-eabi/lib/thumb/v6-m/libcr_nohost_nf.a(__sys_close.o)
 .comment       0x000000000000007f       0x80 /usr/local/mcuxpressoide-10.3.1_2233/ide/plugins/com.nxp.mcuxpresso.tools.linux_10.3.0.201811011841/tools/bin/../lib/gcc/arm-none-eabi/7.3.1/../../../../arm-none-eabi/lib/thumb/v6-m/libcr_nohost_nf.a(__sys_flen.o)
 .comment       0x000000000000007f       0x80 /usr/local/mcuxpressoide-10.3.1_2233/ide/plugins/com.nxp.mcuxpresso.tools.linux_10.3.0.201811011841/tools/bin/../lib/gcc/arm-none-eabi/7.3.1/../../../../arm-none-eabi/lib/thumb/v6-m/libcr_nohost_nf.a(__sys_istty.o)
 .comment       0x000000000000007f       0x80 /usr/local/mcuxpressoide-10.3.1_2233/ide/plugins/com.nxp.mcuxpresso.tools.linux_10.3.0.201811011841/tools/bin/../lib/gcc/arm-none-eabi/7.3.1/../../../../arm-none-eabi/lib/thumb/v6-m/libcr_nohost_nf.a(__sys_remove.o)
 .comment       0x000000000000007f       0x80 /usr/local/mcuxpressoide-10.3.1_2233/ide/plugins/com.nxp.mcuxpresso.tools.linux_10.3.0.201811011841/tools/bin/../lib/gcc/arm-none-eabi/7.3.1/../../../../arm-none-eabi/lib/thumb/v6-m/libcr_nohost_nf.a(__sys_seek.o)
 .comment       0x000000000000007f       0x80 /usr/local/mcuxpressoide-10.3.1_2233/ide/plugins/com.nxp.mcuxpresso.tools.linux_10.3.0.201811011841/tools/bin/../lib/gcc/arm-none-eabi/7.3.1/../../../../arm-none-eabi/lib/thumb/v6-m/libcr_nohost_nf.a(__sys_tmpnam.o)
 .comment       0x000000000000007f       0x80 /usr/local/mcuxpressoide-10.3.1_2233/ide/plugins/com.nxp.mcuxpresso.tools.linux_10.3.0.201811011841/tools/bin/../lib/gcc/arm-none-eabi/7.3.1/../../../../arm-none-eabi/lib/thumb/v6-m/libcr_nohost_nf.a(__sys_write.o)

.ARM.attributes
                0x0000000000000000       0x30
 .ARM.attributes
                0x0000000000000000       0x32 ./utilities/fsl_debug_console.o
 .ARM.attributes
                0x0000000000000032       0x32 ./utilities/fsl_shell.o
 .ARM.attributes
                0x0000000000000064       0x32 ./startup/startup_mkl25z4.o
 .ARM.attributes
                0x0000000000000096       0x32 ./source/mtb.o
 .ARM.attributes
                0x00000000000000c8       0x32 ./source/semihost_hardfault.o
 .ARM.attributes
                0x00000000000000fa       0x32 ./source/shell.o
 .ARM.attributes
                0x000000000000012c       0x32 ./freertos/list.o
 .ARM.attributes
                0x000000000000015e       0x32 ./freertos/port.o
 .ARM.attributes
                0x0000000000000190       0x32 ./freertos/tasks.o
 .ARM.attributes
                0x00000000000001c2       0x32 ./drivers/fsl_clock.o
 .ARM.attributes
                0x00000000000001f4       0x32 ./drivers/fsl_common.o
 .ARM.attributes
                0x0000000000000226       0x32 ./drivers/fsl_lpsci.o
 .ARM.attributes
                0x0000000000000258       0x32 ./drivers/fsl_uart.o
 .ARM.attributes
                0x000000000000028a       0x32 ./board/board.o
 .ARM.attributes
                0x00000000000002bc       0x32 ./board/clock_config.o
 .ARM.attributes
                0x00000000000002ee       0x32 ./board/pin_mux.o
 .ARM.attributes
                0x0000000000000320       0x32 ./CMSIS/system_MKL25Z4.o
 .ARM.attributes
                0x0000000000000352       0x31 /usr/local/mcuxpressoide-10.3.1_2233/ide/plugins/com.nxp.mcuxpresso.tools.linux_10.3.0.201811011841/tools/bin/../lib/gcc/arm-none-eabi/7.3.1/../../../../arm-none-eabi/lib/thumb/v6-m/libcr_nohost_nf.a(_cr__main.o)
 .ARM.attributes
                0x0000000000000383       0x31 /usr/local/mcuxpressoide-10.3.1_2233/ide/plugins/com.nxp.mcuxpresso.tools.linux_10.3.0.201811011841/tools/bin/../lib/gcc/arm-none-eabi/7.3.1/../../../../arm-none-eabi/lib/thumb/v6-m/libcr_c.a(memmove.o)
 .ARM.attributes
                0x00000000000003b4       0x31 /usr/local/mcuxpressoide-10.3.1_2233/ide/plugins/com.nxp.mcuxpresso.tools.linux_10.3.0.201811011841/tools/bin/../lib/gcc/arm-none-eabi/7.3.1/../../../../arm-none-eabi/lib/thumb/v6-m/libcr_c.a(memset.o)
 .ARM.attributes
                0x00000000000003e5       0x31 /usr/local/mcuxpressoide-10.3.1_2233/ide/plugins/com.nxp.mcuxpresso.tools.linux_10.3.0.201811011841/tools/bin/../lib/gcc/arm-none-eabi/7.3.1/../../../../arm-none-eabi/lib/thumb/v6-m/libcr_c.a(_hugeval.o)
 .ARM.attributes
                0x0000000000000416       0x31 /usr/local/mcuxpressoide-10.3.1_2233/ide/plugins/com.nxp.mcuxpresso.tools.linux_10.3.0.201811011841/tools/bin/../lib/gcc/arm-none-eabi/7.3.1/../../../../arm-none-eabi/lib/thumb/v6-m/libcr_c.a(alloc.o)
 .ARM.attributes
                0x0000000000000447       0x31 /usr/local/mcuxpressoide-10.3.1_2233/ide/plugins/com.nxp.mcuxpresso.tools.linux_10.3.0.201811011841/tools/bin/../lib/gcc/arm-none-eabi/7.3.1/../../../../arm-none-eabi/lib/thumb/v6-m/libcr_c.a(initio.o)
 .ARM.attributes
                0x0000000000000478       0x31 /usr/local/mcuxpressoide-10.3.1_2233/ide/plugins/com.nxp.mcuxpresso.tools.linux_10.3.0.201811011841/tools/bin/../lib/gcc/arm-none-eabi/7.3.1/../../../../arm-none-eabi/lib/thumb/v6-m/libcr_c.a(modf.o)
 .ARM.attributes
                0x00000000000004a9       0x31 /usr/local/mcuxpressoide-10.3.1_2233/ide/plugins/com.nxp.mcuxpresso.tools.linux_10.3.0.201811011841/tools/bin/../lib/gcc/arm-none-eabi/7.3.1/../../../../arm-none-eabi/lib/thumb/v6-m/libcr_c.a(pow.o)
 .ARM.attributes
                0x00000000000004da       0x31 /usr/local/mcuxpressoide-10.3.1_2233/ide/plugins/com.nxp.mcuxpresso.tools.linux_10.3.0.201811011841/tools/bin/../lib/gcc/arm-none-eabi/7.3.1/../../../../arm-none-eabi/lib/thumb/v6-m/libcr_c.a(scanf.o)
 .ARM.attributes
                0x000000000000050b       0x31 /usr/local/mcuxpressoide-10.3.1_2233/ide/plugins/com.nxp.mcuxpresso.tools.linux_10.3.0.201811011841/tools/bin/../lib/gcc/arm-none-eabi/7.3.1/../../../../arm-none-eabi/lib/thumb/v6-m/libcr_c.a(setvbuf.o)
 .ARM.attributes
                0x000000000000053c       0x31 /usr/local/mcuxpressoide-10.3.1_2233/ide/plugins/com.nxp.mcuxpresso.tools.linux_10.3.0.201811011841/tools/bin/../lib/gcc/arm-none-eabi/7.3.1/../../../../arm-none-eabi/lib/thumb/v6-m/libcr_c.a(strcmp.o)
 .ARM.attributes
                0x000000000000056d       0x31 /usr/local/mcuxpressoide-10.3.1_2233/ide/plugins/com.nxp.mcuxpresso.tools.linux_10.3.0.201811011841/tools/bin/../lib/gcc/arm-none-eabi/7.3.1/../../../../arm-none-eabi/lib/thumb/v6-m/libcr_c.a(strlen.o)
 .ARM.attributes
                0x000000000000059e       0x31 /usr/local/mcuxpressoide-10.3.1_2233/ide/plugins/com.nxp.mcuxpresso.tools.linux_10.3.0.201811011841/tools/bin/../lib/gcc/arm-none-eabi/7.3.1/../../../../arm-none-eabi/lib/thumb/v6-m/libcr_c.a(_deferredlazyseek.o)
 .ARM.attributes
                0x00000000000005cf       0x31 /usr/local/mcuxpressoide-10.3.1_2233/ide/plugins/com.nxp.mcuxpresso.tools.linux_10.3.0.201811011841/tools/bin/../lib/gcc/arm-none-eabi/7.3.1/../../../../arm-none-eabi/lib/thumb/v6-m/libcr_c.a(_fdopen.o)
 .ARM.attributes
                0x0000000000000600       0x31 /usr/local/mcuxpressoide-10.3.1_2233/ide/plugins/com.nxp.mcuxpresso.tools.linux_10.3.0.201811011841/tools/bin/../lib/gcc/arm-none-eabi/7.3.1/../../../../arm-none-eabi/lib/thumb/v6-m/libcr_c.a(_fflush.o)
 .ARM.attributes
                0x0000000000000631       0x31 /usr/local/mcuxpressoide-10.3.1_2233/ide/plugins/com.nxp.mcuxpresso.tools.linux_10.3.0.201811011841/tools/bin/../lib/gcc/arm-none-eabi/7.3.1/../../../../arm-none-eabi/lib/thumb/v6-m/libcr_c.a(_writebuf.o)
 .ARM.attributes
                0x0000000000000662       0x31 /usr/local/mcuxpressoide-10.3.1_2233/ide/plugins/com.nxp.mcuxpresso.tools.linux_10.3.0.201811011841/tools/bin/../lib/gcc/arm-none-eabi/7.3.1/../../../../arm-none-eabi/lib/thumb/v6-m/libcr_c.a(ctype.o)
 .ARM.attributes
                0x0000000000000693       0x31 /usr/local/mcuxpressoide-10.3.1_2233/ide/plugins/com.nxp.mcuxpresso.tools.linux_10.3.0.201811011841/tools/bin/../lib/gcc/arm-none-eabi/7.3.1/../../../../arm-none-eabi/lib/thumb/v6-m/libcr_c.a(errno.o)
 .ARM.attributes
                0x00000000000006c4       0x31 /usr/local/mcuxpressoide-10.3.1_2233/ide/plugins/com.nxp.mcuxpresso.tools.linux_10.3.0.201811011841/tools/bin/../lib/gcc/arm-none-eabi/7.3.1/../../../../arm-none-eabi/lib/thumb/v6-m/libcr_c.a(fclose.o)
 .ARM.attributes
                0x00000000000006f5       0x31 /usr/local/mcuxpressoide-10.3.1_2233/ide/plugins/com.nxp.mcuxpresso.tools.linux_10.3.0.201811011841/tools/bin/../lib/gcc/arm-none-eabi/7.3.1/../../../../arm-none-eabi/lib/thumb/v6-m/libcr_c.a(fflush.o)
 .ARM.attributes
                0x0000000000000726       0x31 /usr/local/mcuxpressoide-10.3.1_2233/ide/plugins/com.nxp.mcuxpresso.tools.linux_10.3.0.201811011841/tools/bin/../lib/gcc/arm-none-eabi/7.3.1/../../../../arm-none-eabi/lib/thumb/v6-m/libcr_c.a(frexp.o)
 .ARM.attributes
                0x0000000000000757       0x31 /usr/local/mcuxpressoide-10.3.1_2233/ide/plugins/com.nxp.mcuxpresso.tools.linux_10.3.0.201811011841/tools/bin/../lib/gcc/arm-none-eabi/7.3.1/../../../../arm-none-eabi/lib/thumb/v6-m/libcr_c.a(fseek.o)
 .ARM.attributes
                0x0000000000000788       0x31 /usr/local/mcuxpressoide-10.3.1_2233/ide/plugins/com.nxp.mcuxpresso.tools.linux_10.3.0.201811011841/tools/bin/../lib/gcc/arm-none-eabi/7.3.1/../../../../arm-none-eabi/lib/thumb/v6-m/libcr_c.a(ftell.o)
 .ARM.attributes
                0x00000000000007b9       0x31 /usr/local/mcuxpressoide-10.3.1_2233/ide/plugins/com.nxp.mcuxpresso.tools.linux_10.3.0.201811011841/tools/bin/../lib/gcc/arm-none-eabi/7.3.1/../../../../arm-none-eabi/lib/thumb/v6-m/libcr_c.a(ldexp.o)
 .ARM.attributes
                0x00000000000007ea       0x31 /usr/local/mcuxpressoide-10.3.1_2233/ide/plugins/com.nxp.mcuxpresso.tools.linux_10.3.0.201811011841/tools/bin/../lib/gcc/arm-none-eabi/7.3.1/../../../../arm-none-eabi/lib/thumb/v6-m/libcr_c.a(remove.o)
 .ARM.attributes
                0x000000000000081b       0x31 /usr/local/mcuxpressoide-10.3.1_2233/ide/plugins/com.nxp.mcuxpresso.tools.linux_10.3.0.201811011841/tools/bin/../lib/gcc/arm-none-eabi/7.3.1/../../../../arm-none-eabi/lib/thumb/v6-m/libcr_c.a(_do_fflush.o)
 .ARM.attributes
                0x000000000000084c       0x21 /usr/local/mcuxpressoide-10.3.1_2233/ide/plugins/com.nxp.mcuxpresso.tools.linux_10.3.0.201811011841/tools/bin/../lib/gcc/arm-none-eabi/7.3.1/thumb/v6-m/libcr_eabihelpers.a(division_32.o)
 .ARM.attributes
                0x000000000000086d       0x21 /usr/local/mcuxpressoide-10.3.1_2233/ide/plugins/com.nxp.mcuxpresso.tools.linux_10.3.0.201811011841/tools/bin/../lib/gcc/arm-none-eabi/7.3.1/thumb/v6-m/libcr_eabihelpers.a(division_idiv0.o)
 .ARM.attributes
                0x000000000000088e       0x31 /usr/local/mcuxpressoide-10.3.1_2233/ide/plugins/com.nxp.mcuxpresso.tools.linux_10.3.0.201811011841/tools/bin/../lib/gcc/arm-none-eabi/7.3.1/thumb/v6-m/libcr_eabihelpers.a(double.o)
 .ARM.attributes
                0x00000000000008bf       0x21 /usr/local/mcuxpressoide-10.3.1_2233/ide/plugins/com.nxp.mcuxpresso.tools.linux_10.3.0.201811011841/tools/bin/../lib/gcc/arm-none-eabi/7.3.1/thumb/v6-m/libcr_eabihelpers.a(llong.o)
 .ARM.attributes
                0x00000000000008e0       0x21 /usr/local/mcuxpressoide-10.3.1_2233/ide/plugins/com.nxp.mcuxpresso.tools.linux_10.3.0.201811011841/tools/bin/../lib/gcc/arm-none-eabi/7.3.1/thumb/v6-m/libcr_eabihelpers.a(memcpy.o)
 .ARM.attributes
                0x0000000000000901       0x31 /usr/local/mcuxpressoide-10.3.1_2233/ide/plugins/com.nxp.mcuxpresso.tools.linux_10.3.0.201811011841/tools/bin/../lib/gcc/arm-none-eabi/7.3.1/../../../../arm-none-eabi/lib/thumb/v6-m/libcr_nohost_nf.a(__ciob.o)
 .ARM.attributes
                0x0000000000000932       0x31 /usr/local/mcuxpressoide-10.3.1_2233/ide/plugins/com.nxp.mcuxpresso.tools.linux_10.3.0.201811011841/tools/bin/../lib/gcc/arm-none-eabi/7.3.1/../../../../arm-none-eabi/lib/thumb/v6-m/libcr_nohost_nf.a(__sys_close.o)
 .ARM.attributes
                0x0000000000000963       0x31 /usr/local/mcuxpressoide-10.3.1_2233/ide/plugins/com.nxp.mcuxpresso.tools.linux_10.3.0.201811011841/tools/bin/../lib/gcc/arm-none-eabi/7.3.1/../../../../arm-none-eabi/lib/thumb/v6-m/libcr_nohost_nf.a(__sys_flen.o)
 .ARM.attributes
                0x0000000000000994       0x31 /usr/local/mcuxpressoide-10.3.1_2233/ide/plugins/com.nxp.mcuxpresso.tools.linux_10.3.0.201811011841/tools/bin/../lib/gcc/arm-none-eabi/7.3.1/../../../../arm-none-eabi/lib/thumb/v6-m/libcr_nohost_nf.a(__sys_istty.o)
 .ARM.attributes
                0x00000000000009c5       0x31 /usr/local/mcuxpressoide-10.3.1_2233/ide/plugins/com.nxp.mcuxpresso.tools.linux_10.3.0.201811011841/tools/bin/../lib/gcc/arm-none-eabi/7.3.1/../../../../arm-none-eabi/lib/thumb/v6-m/libcr_nohost_nf.a(__sys_remove.o)
 .ARM.attributes
                0x00000000000009f6       0x31 /usr/local/mcuxpressoide-10.3.1_2233/ide/plugins/com.nxp.mcuxpresso.tools.linux_10.3.0.201811011841/tools/bin/../lib/gcc/arm-none-eabi/7.3.1/../../../../arm-none-eabi/lib/thumb/v6-m/libcr_nohost_nf.a(__sys_seek.o)
 .ARM.attributes
                0x0000000000000a27       0x31 /usr/local/mcuxpressoide-10.3.1_2233/ide/plugins/com.nxp.mcuxpresso.tools.linux_10.3.0.201811011841/tools/bin/../lib/gcc/arm-none-eabi/7.3.1/../../../../arm-none-eabi/lib/thumb/v6-m/libcr_nohost_nf.a(__sys_tmpnam.o)
 .ARM.attributes
                0x0000000000000a58       0x31 /usr/local/mcuxpressoide-10.3.1_2233/ide/plugins/com.nxp.mcuxpresso.tools.linux_10.3.0.201811011841/tools/bin/../lib/gcc/arm-none-eabi/7.3.1/../../../../arm-none-eabi/lib/thumb/v6-m/libcr_nohost_nf.a(__sys_write.o)

.debug_frame    0x0000000000000000     0x23cc
 .debug_frame   0x0000000000000000      0x218 ./utilities/fsl_debug_console.o
 .debug_frame   0x0000000000000218      0x1b8 ./utilities/fsl_shell.o
 .debug_frame   0x00000000000003d0      0x3b0 ./startup/startup_mkl25z4.o
 .debug_frame   0x0000000000000780       0x20 ./source/semihost_hardfault.o
 .debug_frame   0x00000000000007a0      0x110 ./source/shell.o
 .debug_frame   0x00000000000008b0       0xb0 ./freertos/list.o
 .debug_frame   0x0000000000000960      0x154 ./freertos/port.o
 .debug_frame   0x0000000000000ab4      0x73c ./freertos/tasks.o
 .debug_frame   0x00000000000011f0      0x6e0 ./drivers/fsl_clock.o
 .debug_frame   0x00000000000018d0       0x90 ./drivers/fsl_common.o
 .debug_frame   0x0000000000001960      0x418 ./drivers/fsl_lpsci.o
 .debug_frame   0x0000000000001d78      0x468 ./drivers/fsl_uart.o
 .debug_frame   0x00000000000021e0       0x50 ./board/board.o
 .debug_frame   0x0000000000002230       0xe4 ./board/clock_config.o
 .debug_frame   0x0000000000002314       0x6c ./board/pin_mux.o
 .debug_frame   0x0000000000002380       0x4c ./CMSIS/system_MKL25Z4.o
