Archive member included to satisfy reference by file (symbol)

/usr/local/mcuxpressoide-10.3.1_2233/ide/plugins/com.nxp.mcuxpresso.tools.linux_10.3.0.201811011841/tools/bin/../lib/gcc/arm-none-eabi/7.3.1/../../../../arm-none-eabi/lib/thumb/v6-m/libcr_nohost_nf.a(__ciob.o)
                              ./source/MKL25Z128xxx4_Project.o (__Ciob)
/usr/local/mcuxpressoide-10.3.1_2233/ide/plugins/com.nxp.mcuxpresso.tools.linux_10.3.0.201811011841/tools/bin/../lib/gcc/arm-none-eabi/7.3.1/../../../../arm-none-eabi/lib/thumb/v6-m/libcr_nohost_nf.a(_cr__main.o)
                              ./startup/startup_mkl25z4.o (__main)
/usr/local/mcuxpressoide-10.3.1_2233/ide/plugins/com.nxp.mcuxpresso.tools.linux_10.3.0.201811011841/tools/bin/../lib/gcc/arm-none-eabi/7.3.1/../../../../arm-none-eabi/lib/thumb/v6-m/libcr_nohost_nf.a(_cr_assert.o)
                              ./utilities/fsl_shell.o (__assertion_failed)
/usr/local/mcuxpressoide-10.3.1_2233/ide/plugins/com.nxp.mcuxpresso.tools.linux_10.3.0.201811011841/tools/bin/../lib/gcc/arm-none-eabi/7.3.1/../../../../arm-none-eabi/lib/thumb/v6-m/libcr_nohost_nf.a(__sys_appexit.o)
                              /usr/local/mcuxpressoide-10.3.1_2233/ide/plugins/com.nxp.mcuxpresso.tools.linux_10.3.0.201811011841/tools/bin/../lib/gcc/arm-none-eabi/7.3.1/../../../../arm-none-eabi/lib/thumb/v6-m/libcr_nohost_nf.a(_cr_assert.o) (__sys_appexit)
/usr/local/mcuxpressoide-10.3.1_2233/ide/plugins/com.nxp.mcuxpresso.tools.linux_10.3.0.201811011841/tools/bin/../lib/gcc/arm-none-eabi/7.3.1/../../../../arm-none-eabi/lib/thumb/v6-m/libcr_c.a(memcpy.o)
                              ./freertos/queue.o (memcpy)
/usr/local/mcuxpressoide-10.3.1_2233/ide/plugins/com.nxp.mcuxpresso.tools.linux_10.3.0.201811011841/tools/bin/../lib/gcc/arm-none-eabi/7.3.1/../../../../arm-none-eabi/lib/thumb/v6-m/libcr_c.a(memmove.o)
                              ./utilities/fsl_shell.o (memmove)
/usr/local/mcuxpressoide-10.3.1_2233/ide/plugins/com.nxp.mcuxpresso.tools.linux_10.3.0.201811011841/tools/bin/../lib/gcc/arm-none-eabi/7.3.1/../../../../arm-none-eabi/lib/thumb/v6-m/libcr_c.a(memset.o)
                              ./utilities/fsl_shell.o (memset)
/usr/local/mcuxpressoide-10.3.1_2233/ide/plugins/com.nxp.mcuxpresso.tools.linux_10.3.0.201811011841/tools/bin/../lib/gcc/arm-none-eabi/7.3.1/../../../../arm-none-eabi/lib/thumb/v6-m/libcr_c.a(__fillbuf.o)
                              ./source/MKL25Z128xxx4_Project.o (__filbuf)
/usr/local/mcuxpressoide-10.3.1_2233/ide/plugins/com.nxp.mcuxpresso.tools.linux_10.3.0.201811011841/tools/bin/../lib/gcc/arm-none-eabi/7.3.1/../../../../arm-none-eabi/lib/thumb/v6-m/libcr_c.a(_deferredlazyseek.o)
                              /usr/local/mcuxpressoide-10.3.1_2233/ide/plugins/com.nxp.mcuxpresso.tools.linux_10.3.0.201811011841/tools/bin/../lib/gcc/arm-none-eabi/7.3.1/../../../../arm-none-eabi/lib/thumb/v6-m/libcr_c.a(__fillbuf.o) (_deferredlazyseek)
/usr/local/mcuxpressoide-10.3.1_2233/ide/plugins/com.nxp.mcuxpresso.tools.linux_10.3.0.201811011841/tools/bin/../lib/gcc/arm-none-eabi/7.3.1/../../../../arm-none-eabi/lib/thumb/v6-m/libcr_c.a(_fflush.o)
                              /usr/local/mcuxpressoide-10.3.1_2233/ide/plugins/com.nxp.mcuxpresso.tools.linux_10.3.0.201811011841/tools/bin/../lib/gcc/arm-none-eabi/7.3.1/../../../../arm-none-eabi/lib/thumb/v6-m/libcr_c.a(__fillbuf.o) (_fflush)
/usr/local/mcuxpressoide-10.3.1_2233/ide/plugins/com.nxp.mcuxpresso.tools.linux_10.3.0.201811011841/tools/bin/../lib/gcc/arm-none-eabi/7.3.1/../../../../arm-none-eabi/lib/thumb/v6-m/libcr_c.a(_writebuf.o)
                              /usr/local/mcuxpressoide-10.3.1_2233/ide/plugins/com.nxp.mcuxpresso.tools.linux_10.3.0.201811011841/tools/bin/../lib/gcc/arm-none-eabi/7.3.1/../../../../arm-none-eabi/lib/thumb/v6-m/libcr_c.a(_deferredlazyseek.o) (_Cwritebuf)
/usr/local/mcuxpressoide-10.3.1_2233/ide/plugins/com.nxp.mcuxpresso.tools.linux_10.3.0.201811011841/tools/bin/../lib/gcc/arm-none-eabi/7.3.1/../../../../arm-none-eabi/lib/thumb/v6-m/libcr_c.a(alloc.o)
                              /usr/local/mcuxpressoide-10.3.1_2233/ide/plugins/com.nxp.mcuxpresso.tools.linux_10.3.0.201811011841/tools/bin/../lib/gcc/arm-none-eabi/7.3.1/../../../../arm-none-eabi/lib/thumb/v6-m/libcr_c.a(__fillbuf.o) (_Csys_alloc)
/usr/local/mcuxpressoide-10.3.1_2233/ide/plugins/com.nxp.mcuxpresso.tools.linux_10.3.0.201811011841/tools/bin/../lib/gcc/arm-none-eabi/7.3.1/../../../../arm-none-eabi/lib/thumb/v6-m/libcr_c.a(fputs.o)
                              /usr/local/mcuxpressoide-10.3.1_2233/ide/plugins/com.nxp.mcuxpresso.tools.linux_10.3.0.201811011841/tools/bin/../lib/gcc/arm-none-eabi/7.3.1/../../../../arm-none-eabi/lib/thumb/v6-m/libcr_nohost_nf.a(_cr_assert.o) (fputs)
/usr/local/mcuxpressoide-10.3.1_2233/ide/plugins/com.nxp.mcuxpresso.tools.linux_10.3.0.201811011841/tools/bin/../lib/gcc/arm-none-eabi/7.3.1/../../../../arm-none-eabi/lib/thumb/v6-m/libcr_c.a(fseek.o)
[...]
Memory Configuration

Name             Origin             Length             Attributes
PROGRAM_FLASH    0x0000000000000000 0x0000000000020000 xr
SRAM             0x000000001ffff000 0x0000000000004000 xrw
*default*        0x0000000000000000 0xffffffffffffffff

Linker script and memory map

LOAD ./utilities/fsl_debug_console.o
LOAD ./utilities/fsl_shell.o
LOAD ./startup/startup_mkl25z4.o
LOAD ./source/MKL25Z128xxx4_Project.o
LOAD ./source/mtb.o
LOAD ./source/semihost_hardfault.o
LOAD ./freertos/croutine.o
LOAD ./freertos/event_groups.o
LOAD ./freertos/fsl_tickless_lptmr.o
LOAD ./freertos/fsl_tickless_systick.o
LOAD ./freertos/heap_4.o
LOAD ./freertos/list.o
LOAD ./freertos/port.o
LOAD ./freertos/queue.o
LOAD ./freertos/tasks.o
LOAD ./freertos/timers.o
LOAD ./drivers/fsl_clock.o
LOAD ./drivers/fsl_common.o
LOAD ./drivers/fsl_flash.o
LOAD ./drivers/fsl_gpio.o
LOAD ./drivers/fsl_lpsci.o
LOAD ./drivers/fsl_smc.o
LOAD ./drivers/fsl_uart.o
LOAD ./board/board.o
LOAD ./board/clock_config.o
LOAD ./board/pin_mux.o
LOAD ./CMSIS/system_MKL25Z4.o
START GROUP
LOAD /usr/local/mcuxpressoide-10.3.1_2233/ide/plugins/com.nxp.mcuxpresso.tools.linux_10.3.0.201811011841/tools/bin/../lib/gcc/arm-none-eabi/7.3.1/../../../../arm-none-eabi/lib/thumb/v6-m/libcr_nohost_nf.a
LOAD /usr/local/mcuxpressoide-10.3.1_2233/ide/plugins/com.nxp.mcuxpresso.tools.linux_10.3.0.201811011841/tools/bin/../lib/gcc/arm-none-eabi/7.3.1/../../../../arm-none-eabi/lib/thumb/v6-m/libcr_c.a
LOAD /usr/local/mcuxpressoide-10.3.1_2233/ide/plugins/com.nxp.mcuxpresso.tools.linux_10.3.0.201811011841/tools/bin/../lib/gcc/arm-none-eabi/7.3.1/thumb/v6-m/libcr_eabihelpers.a
LOAD /usr/local/mcuxpressoide-10.3.1_2233/ide/plugins/com.nxp.mcuxpresso.tools.linux_10.3.0.201811011841/tools/bin/../lib/gcc/arm-none-eabi/7.3.1/thumb/v6-m/libgcc.a
END GROUP
                0x0000000000000000                __base_PROGRAM_FLASH = 0x0
                0x0000000000000000                __base_Flash = 0x0
                0x0000000000020000                __top_PROGRAM_FLASH = 0x20000
                0x0000000000020000                __top_Flash = 0x20000
                0x000000001ffff000                __base_SRAM = 0x1ffff000
                0x000000001ffff000                __base_RAM = 0x1ffff000
                0x0000000020003000                __top_SRAM = 0x20003000
                0x0000000020003000                __top_RAM = 0x20003000

.text           0x0000000000000000     0x56a4
 FILL mask 0xff
                0x0000000000000000                __vectors_start__ = ABSOLUTE (.)
 *(SORT_BY_ALIGNMENT(.isr_vector))
 .isr_vector    0x0000000000000000       0xc0 ./startup/startup_mkl25z4.o
                0x0000000000000000                __Vectors
                0x0000000000000000                g_pfnVectors
                0x00000000000000c0                . = ALIGN (0x4)
                0x00000000000000c0                __section_table_start = .
                0x00000000000000c0                __data_section_table = .
                0x00000000000000c0        0x4 LONG 0x56a4 LOADADDR (.data)
                0x00000000000000c4        0x4 LONG 0x1ffff080 ADDR (.data)
                0x00000000000000c8        0x4 LONG 0x8 SIZEOF (.data)
                0x00000000000000cc                __data_section_table_end = .
                0x00000000000000cc                __bss_section_table = .
                0x00000000000000cc        0x4 LONG 0x1ffff088 ADDR (.bss)
                0x00000000000000d0        0x4 LONG 0x214 SIZEOF (.bss)
                0x00000000000000d4                __bss_section_table_end = .
                0x00000000000000d4                __section_table_end = .
 *(SORT_BY_ALIGNMENT(.after_vectors*))
 .after_vectors.reset
                0x00000000000000d4       0x4c ./startup/startup_mkl25z4.o
                0x00000000000000d4                ResetISR
 .after_vectors.init_data
                0x0000000000000120       0x16 ./startup/startup_mkl25z4.o
                0x0000000000000120                data_init
 .after_vectors.init_bss
                0x0000000000000136       0x12 ./startup/startup_mkl25z4.o
                0x0000000000000136                bss_init
 .after_vectors
                0x0000000000000148      0x10c ./startup/startup_mkl25z4.o
                0x0000000000000148                NMI_Handler
                0x0000000000000152                PIT_DriverIRQHandler
                0x0000000000000152                Reserved39_DriverIRQHandler
                0x0000000000000152                DMA0_DriverIRQHandler
                0x0000000000000152                SPI1_DriverIRQHandler
                0x0000000000000152                LPTMR0_DriverIRQHandler
                0x0000000000000152                TPM2_DriverIRQHandler
                0x0000000000000152                TSI0_DriverIRQHandler
                0x0000000000000152                RTC_Seconds_DriverIRQHandler
                0x0000000000000152                LLWU_DriverIRQHandler
                0x0000000000000152                MCG_DriverIRQHandler
                0x0000000000000152                FTFA_DriverIRQHandler
                0x0000000000000152                IntDefaultHandler
                0x0000000000000152                USB0_DriverIRQHandler
                0x0000000000000152                DAC0_DriverIRQHandler
                0x0000000000000152                LVD_LVW_DriverIRQHandler
                0x0000000000000152                TPM0_DriverIRQHandler
                0x0000000000000152                Reserved20_DriverIRQHandler
                0x0000000000000152                DMA3_DriverIRQHandler
                0x0000000000000152                Reserved45_DriverIRQHandler
                0x0000000000000152                PORTA_DriverIRQHandler
                0x0000000000000152                TPM1_DriverIRQHandler
                0x0000000000000152                RTC_DriverIRQHandler
                0x0000000000000152                DMA1_DriverIRQHandler
                0x0000000000000152                I2C1_DriverIRQHandler
                0x0000000000000152                SPI0_DriverIRQHandler
                0x0000000000000152                ADC0_DriverIRQHandler
                0x0000000000000152                CMP0_DriverIRQHandler
                0x0000000000000152                DMA2_DriverIRQHandler
                0x0000000000000152                PORTD_DriverIRQHandler
                0x0000000000000152                I2C0_DriverIRQHandler
                0x0000000000000154                DMA0_IRQHandler
                0x000000000000015c                DMA1_IRQHandler
                0x0000000000000164                DMA2_IRQHandler
                0x000000000000016c                DMA3_IRQHandler
                0x0000000000000174                Reserved20_IRQHandler
                0x000000000000017c                FTFA_IRQHandler
                0x0000000000000184                LVD_LVW_IRQHandler
                0x000000000000018c                LLWU_IRQHandler
                0x0000000000000194                I2C0_IRQHandler
                0x000000000000019c                I2C1_IRQHandler
                0x00000000000001a4                SPI0_IRQHandler
                0x00000000000001ac                SPI1_IRQHandler
                0x00000000000001b4                UART0_IRQHandler
                0x00000000000001bc                UART1_IRQHandler
                0x00000000000001c4                UART2_IRQHandler
                0x00000000000001cc                ADC0_IRQHandler
                0x00000000000001d4                CMP0_IRQHandler
                0x00000000000001dc                TPM0_IRQHandler
                0x00000000000001e4                TPM1_IRQHandler
                0x00000000000001ec                TPM2_IRQHandler
                0x00000000000001f4                RTC_IRQHandler
                0x00000000000001fc                RTC_Seconds_IRQHandler
                0x0000000000000204                PIT_IRQHandler
                0x000000000000020c                Reserved39_IRQHandler
                0x0000000000000214                USB0_IRQHandler
                0x000000000000021c                DAC0_IRQHandler
                0x0000000000000224                TSI0_IRQHandler
                0x000000000000022c                MCG_IRQHandler
                0x0000000000000234                LPTMR0_IRQHandler
                0x000000000000023c                Reserved45_IRQHandler
                0x0000000000000244                PORTA_IRQHandler
                0x000000000000024c                PORTD_IRQHandler
                0x0000000000000400                . = 0x400
 *fill*         0x0000000000000254      0x1ac ff
                0x0000000000000400                PROVIDE (__FLASH_CONFIG_START__ = .)
 *(SORT_BY_ALIGNMENT(.FlashConfig))
 .FlashConfig   0x0000000000000400       0x10 ./startup/startup_mkl25z4.o
                0x0000000000000400                Flash_Config
                0x0000000000000410                PROVIDE (__FLASH_CONFIG_END__ = .)
                0x0000000000000001                ASSERT (! ((__FLASH_CONFIG_START__ == __FLASH_CONFIG_END__)), Linker Flash Config Support Enabled, but no .FlashConfig section provided within application)
 *(SORT_BY_ALIGNMENT(.text*))
 .text.PendSV_Handler
                0x0000000000000410       0x48 ./freertos/port.o
                0x0000000000000410                PendSV_Handler
 .text.DbgConsole_Init
                0x0000000000000458       0xf4 ./utilities/fsl_debug_console.o
                0x0000000000000458                DbgConsole_Init
 .text.__sys_write
                0x000000000000054c       0x58 ./utilities/fsl_debug_console.o
                0x000000000000054c                __sys_write
 .text.__sys_readc
                0x00000000000005a4       0x34 ./utilities/fsl_debug_console.o
                0x00000000000005a4                __sys_readc
 .text.SHELL_Init
                0x00000000000005d8       0x9c ./utilities/fsl_shell.o
                0x00000000000005d8                SHELL_Init
 .text.SHELL_Main
                0x0000000000000674      0x4a0 ./utilities/fsl_shell.o
                0x0000000000000674                SHELL_Main
 .text.HelpCommand
                0x0000000000000b14       0x5c ./utilities/fsl_shell.o
 .text.ExitCommand
                0x0000000000000b70       0x30 ./utilities/fsl_shell.o
 .text.ProcessCommand
                0x0000000000000ba0      0x2f4 ./utilities/fsl_shell.o
 .text.GetHistoryCommand
                0x0000000000000e94       0xe0 ./utilities/fsl_shell.o
 .text.AutoComplete
                0x0000000000000f74      0x13c ./utilities/fsl_shell.o
 .text.ParseLine
                0x00000000000010b0       0xfc ./utilities/fsl_shell.o
 .text.SHELL_RegisterCommand
                0x00000000000011ac       0x48 ./utilities/fsl_shell.o
                0x00000000000011ac                SHELL_RegisterCommand
 .text.Led_Init
                0x00000000000011f4       0x60 ./source/MKL25Z128xxx4_Project.o
                0x00000000000011f4                Led_Init
 .text.SHELL_SendDataCallback
                0x0000000000001254       0x64 ./source/MKL25Z128xxx4_Project.o
                0x0000000000001254                SHELL_SendDataCallback
 .text.SHELL_ReceiveDataCallback
                0x00000000000012b8       0x58 ./source/MKL25Z128xxx4_Project.o
                0x00000000000012b8                SHELL_ReceiveDataCallback
 .text.LedControl
                0x0000000000001310      0x134 ./source/MKL25Z128xxx4_Project.o
 .text.main     0x0000000000001444       0x50 ./source/MKL25Z128xxx4_Project.o
                0x0000000000001444                main
 .text.HardFault_Handler
                0x0000000000001494       0x30 ./source/semihost_hardfault.o
                0x0000000000001494                HardFault_Handler
 .text.SysTick_Handler
                0x00000000000014c4       0x34 ./freertos/port.o
                0x00000000000014c4                SysTick_Handler
 .text.xTaskIncrementTick
                0x00000000000014f8      0x14c ./freertos/tasks.o
                0x00000000000014f8                xTaskIncrementTick
 .text.vTaskSwitchContext
                0x0000000000001644       0xa4 ./freertos/tasks.o
                0x0000000000001644                vTaskSwitchContext
 .text.prvResetNextTaskUnblockTime
                0x00000000000016e8       0x48 ./freertos/tasks.o
 .text.CLOCK_SetEr32kClock
                0x0000000000001730       0x34 ./drivers/fsl_clock.o
 .text.CLOCK_SetPllFllSelClock
                0x0000000000001764       0x38 ./drivers/fsl_clock.o
 .text.CLOCK_GetMcgExtClkFreq
                0x000000000000179c       0x28 ./drivers/fsl_clock.o
 .text.CLOCK_GetFllExtRefClkFreq
                0x00000000000017c4       0xa4 ./drivers/fsl_clock.o
 .text.CLOCK_GetFllRefClkFreq
                0x0000000000001868       0x2c ./drivers/fsl_clock.o
 .text.CLOCK_GetOscRangeFromFreq
                0x0000000000001894       0x4c ./drivers/fsl_clock.o
 .text.CLOCK_GetPllFllSelClkFreq
                0x00000000000018e0       0x4c ./drivers/fsl_clock.o
                0x00000000000018e0                CLOCK_GetPllFllSelClkFreq
 .text.CLOCK_SetSimConfig
                0x000000000000192c       0x38 ./drivers/fsl_clock.o
                0x000000000000192c                CLOCK_SetSimConfig
 .text.CLOCK_GetFllFreq
                0x0000000000001964       0x84 ./drivers/fsl_clock.o
                0x0000000000001964                CLOCK_GetFllFreq
 .text.CLOCK_GetPll0Freq
                0x00000000000019e8       0x70 ./drivers/fsl_clock.o
                0x00000000000019e8                CLOCK_GetPll0Freq
 .text.CLOCK_SetInternalRefClkConfig
                0x0000000000001a58      0x128 ./drivers/fsl_clock.o
                0x0000000000001a58                CLOCK_SetInternalRefClkConfig
 .text.CLOCK_EnablePll0
                0x0000000000001b80       0x90 ./drivers/fsl_clock.o
                0x0000000000001b80                CLOCK_EnablePll0
 .text.CLOCK_InitOsc0
                0x0000000000001c10       0x94 ./drivers/fsl_clock.o
                0x0000000000001c10                CLOCK_InitOsc0
 .text.CLOCK_SetPbeMode
                0x0000000000001ca4       0xb0 ./drivers/fsl_clock.o
                0x0000000000001ca4                CLOCK_SetPbeMode
 .text.CLOCK_BootToPeeMode
                0x0000000000001d54       0x70 ./drivers/fsl_clock.o
                0x0000000000001d54                CLOCK_BootToPeeMode
 .text.CLOCK_EnableClock
                0x0000000000001dc4       0x34 ./drivers/fsl_lpsci.o
 .text.LPSCI_GetInstance
                0x0000000000001df8       0x48 ./drivers/fsl_lpsci.o
                0x0000000000001df8                LPSCI_GetInstance
 .text.LPSCI_Init
                0x0000000000001e40      0x260 ./drivers/fsl_lpsci.o
                0x0000000000001e40                LPSCI_Init
 .text.LPSCI_GetDefaultConfig
                0x00000000000020a0       0x44 ./drivers/fsl_lpsci.o
                0x00000000000020a0                LPSCI_GetDefaultConfig
 .text.LPSCI_ClearStatusFlags
                0x00000000000020e4       0x94 ./drivers/fsl_lpsci.o
                0x00000000000020e4                LPSCI_ClearStatusFlags
 .text.LPSCI_WriteBlocking
                0x0000000000002178       0x4c ./drivers/fsl_lpsci.o
                0x0000000000002178                LPSCI_WriteBlocking
 .text.LPSCI_ReadBlocking
                0x00000000000021c4       0xc0 ./drivers/fsl_lpsci.o
                0x00000000000021c4                LPSCI_ReadBlocking
 .text.UART0_DriverIRQHandler
                0x0000000000002284       0x24 ./drivers/fsl_lpsci.o
                0x0000000000002284                UART0_DriverIRQHandler
 .text.CLOCK_EnableClock
                0x00000000000022a8       0x34 ./drivers/fsl_uart.o
 .text.UART_GetInstance
                0x00000000000022dc       0x54 ./drivers/fsl_uart.o
                0x00000000000022dc                UART_GetInstance
 .text.UART_Init
                0x0000000000002330      0x1e8 ./drivers/fsl_uart.o
                0x0000000000002330                UART_Init
 .text.UART_GetDefaultConfig
                0x0000000000002518       0x44 ./drivers/fsl_uart.o
                0x0000000000002518                UART_GetDefaultConfig
 .text.UART_ReadBlocking
                0x000000000000255c       0x98 ./drivers/fsl_uart.o
                0x000000000000255c                UART_ReadBlocking
 .text.UART1_DriverIRQHandler
                0x00000000000025f4       0x24 ./drivers/fsl_uart.o
                0x00000000000025f4                UART1_DriverIRQHandler
 .text.UART2_DriverIRQHandler
                0x0000000000002618       0x24 ./drivers/fsl_uart.o
                0x0000000000002618                UART2_DriverIRQHandler
 .text.CLOCK_SetLpsci0Clock
                0x000000000000263c       0x38 ./board/board.o
 .text.BOARD_InitDebugConsole
                0x0000000000002674       0x30 ./board/board.o
                0x0000000000002674                BOARD_InitDebugConsole
 .text.CLOCK_SetSimSafeDivs
                0x00000000000026a4       0x20 ./board/clock_config.o
 .text.CLOCK_SetXtal0Freq
                0x00000000000026c4       0x1c ./board/clock_config.o
 .text.CLOCK_CONFIG_SetFllExtRefDiv
                0x00000000000026e0       0x3c ./board/clock_config.o
 .text.BOARD_BootClockRUN
                0x000000000000271c       0x64 ./board/clock_config.o
                0x000000000000271c                BOARD_BootClockRUN
 .text.CLOCK_EnableClock
                0x0000000000002780       0x34 ./board/pin_mux.o
 .text.PORT_SetPinMux
                0x00000000000027b4       0x40 ./board/pin_mux.o
 .text.BOARD_InitPins
                0x00000000000027f4       0x90 ./board/pin_mux.o
                0x00000000000027f4                BOARD_InitPins
 .text.SystemInit
                0x0000000000002884       0x18 ./CMSIS/system_MKL25Z4.o
                0x0000000000002884                SystemInit
 .text.__assertion_failed
                0x000000000000289c       0x4c /usr/local/mcuxpressoide-10.3.1_2233/ide/plugins/com.nxp.mcuxpresso.tools.linux_10.3.0.201811011841/tools/bin/../lib/gcc/arm-none-eabi/7.3.1/../../../../arm-none-eabi/lib/thumb/v6-m/libcr_nohost_nf.a(_cr_assert.o)
                0x000000000000289c                __assertion_failed
 .text.__filbuf
                0x00000000000028e8      0x188 /usr/local/mcuxpressoide-10.3.1_2233/ide/plugins/com.nxp.mcuxpresso.tools.linux_10.3.0.201811011841/tools/bin/../lib/gcc/arm-none-eabi/7.3.1/../../../../arm-none-eabi/lib/thumb/v6-m/libcr_c.a(__fillbuf.o)
                0x00000000000028e8                __filbuf
 .text._deferredlazyseek
                0x0000000000002a70       0x40 /usr/local/mcuxpressoide-10.3.1_2233/ide/plugins/com.nxp.mcuxpresso.tools.linux_10.3.0.201811011841/tools/bin/../lib/gcc/arm-none-eabi/7.3.1/../../../../arm-none-eabi/lib/thumb/v6-m/libcr_c.a(_deferredlazyseek.o)
                0x0000000000002a70                _deferredlazyseek
 .text.__flsbuf
                0x0000000000002ab0      0x14c /usr/local/mcuxpressoide-10.3.1_2233/ide/plugins/com.nxp.mcuxpresso.tools.linux_10.3.0.201811011841/tools/bin/../lib/gcc/arm-none-eabi/7.3.1/../../../../arm-none-eabi/lib/thumb/v6-m/libcr_c.a(_deferredlazyseek.o)
                0x0000000000002ab0                __flsbuf
 .text._fflush  0x0000000000002bfc       0x5c /usr/local/mcuxpressoide-10.3.1_2233/ide/plugins/com.nxp.mcuxpresso.tools.linux_10.3.0.201811011841/tools/bin/../lib/gcc/arm-none-eabi/7.3.1/../../../../arm-none-eabi/lib/thumb/v6-m/libcr_c.a(_fflush.o)
                0x0000000000002bfc                _fflush
 .text._Cwritebuf
                0x0000000000002c58       0x68 /usr/local/mcuxpressoide-10.3.1_2233/ide/plugins/com.nxp.mcuxpresso.tools.linux_10.3.0.201811011841/tools/bin/../lib/gcc/arm-none-eabi/7.3.1/../../../../arm-none-eabi/lib/thumb/v6-m/libcr_c.a(_writebuf.o)
                0x0000000000002c58                _Cwritebuf
 .text.malloc   0x0000000000002cc0       0xcc /usr/local/mcuxpressoide-10.3.1_2233/ide/plugins/com.nxp.mcuxpresso.tools.linux_10.3.0.201811011841/tools/bin/../lib/gcc/arm-none-eabi/7.3.1/../../../../arm-none-eabi/lib/thumb/v6-m/libcr_c.a(alloc.o)
                0x0000000000002cc0                malloc
 .text._Csys_alloc
                0x0000000000002d8c       0x20 /usr/local/mcuxpressoide-10.3.1_2233/ide/plugins/com.nxp.mcuxpresso.tools.linux_10.3.0.201811011841/tools/bin/../lib/gcc/arm-none-eabi/7.3.1/../../../../arm-none-eabi/lib/thumb/v6-m/libcr_c.a(alloc.o)
                0x0000000000002d8c                _Csys_alloc
 .text.fseek    0x0000000000002dac       0xf0 /usr/local/mcuxpressoide-10.3.1_2233/ide/plugins/com.nxp.mcuxpresso.tools.linux_10.3.0.201811011841/tools/bin/../lib/gcc/arm-none-eabi/7.3.1/../../../../arm-none-eabi/lib/thumb/v6-m/libcr_c.a(fseek.o)
                0x0000000000002dac                fseek
 .text.ftell    0x0000000000002e9c       0x48 /usr/local/mcuxpressoide-10.3.1_2233/ide/plugins/com.nxp.mcuxpresso.tools.linux_10.3.0.201811011841/tools/bin/../lib/gcc/arm-none-eabi/7.3.1/../../../../arm-none-eabi/lib/thumb/v6-m/libcr_c.a(ftell.o)
                0x0000000000002e9c                ftell
 .text._initio  0x0000000000002ee4       0x7c /usr/local/mcuxpressoide-10.3.1_2233/ide/plugins/com.nxp.mcuxpresso.tools.linux_10.3.0.201811011841/tools/bin/../lib/gcc/arm-none-eabi/7.3.1/../../../../arm-none-eabi/lib/thumb/v6-m/libcr_c.a(initio.o)
                0x0000000000002ee4                _initio
 .text.__vfprintf
                0x0000000000002f60      0xcb8 /usr/local/mcuxpressoide-10.3.1_2233/ide/plugins/com.nxp.mcuxpresso.tools.linux_10.3.0.201811011841/tools/bin/../lib/gcc/arm-none-eabi/7.3.1/../../../../arm-none-eabi/lib/thumb/v6-m/libcr_c.a(printf.o)
                0x0000000000002f60                __vfprintf
 .text._vsnprintf
                0x0000000000003c18       0x70 /usr/local/mcuxpressoide-10.3.1_2233/ide/plugins/com.nxp.mcuxpresso.tools.linux_10.3.0.201811011841/tools/bin/../lib/gcc/arm-none-eabi/7.3.1/../../../../arm-none-eabi/lib/thumb/v6-m/libcr_c.a(printf.o)
                0x0000000000003c18                _vsnprintf
 .text._printf  0x0000000000003c88       0x50 /usr/local/mcuxpressoide-10.3.1_2233/ide/plugins/com.nxp.mcuxpresso.tools.linux_10.3.0.201811011841/tools/bin/../lib/gcc/arm-none-eabi/7.3.1/../../../../arm-none-eabi/lib/thumb/v6-m/libcr_c.a(printf.o)
                0x0000000000003c88                _printf
 .text.ch_val   0x0000000000003cd8       0x30 /usr/local/mcuxpressoide-10.3.1_2233/ide/plugins/com.nxp.mcuxpresso.tools.linux_10.3.0.201811011841/tools/bin/../lib/gcc/arm-none-eabi/7.3.1/../../../../arm-none-eabi/lib/thumb/v6-m/libcr_c.a(scanf.o)
 .text._strtoul
                0x0000000000003d08       0xcc /usr/local/mcuxpressoide-10.3.1_2233/ide/plugins/com.nxp.mcuxpresso.tools.linux_10.3.0.201811011841/tools/bin/../lib/gcc/arm-none-eabi/7.3.1/../../../../arm-none-eabi/lib/thumb/v6-m/libcr_c.a(scanf.o)
 .text.strtol   0x0000000000003dd4       0x84 /usr/local/mcuxpressoide-10.3.1_2233/ide/plugins/com.nxp.mcuxpresso.tools.linux_10.3.0.201811011841/tools/bin/../lib/gcc/arm-none-eabi/7.3.1/../../../../arm-none-eabi/lib/thumb/v6-m/libcr_c.a(scanf.o)
                0x0000000000003dd4                strtol
 .text.atoi     0x0000000000003e58       0x18 /usr/local/mcuxpressoide-10.3.1_2233/ide/plugins/com.nxp.mcuxpresso.tools.linux_10.3.0.201811011841/tools/bin/../lib/gcc/arm-none-eabi/7.3.1/../../../../arm-none-eabi/lib/thumb/v6-m/libcr_c.a(scanf.o)
                0x0000000000003e58                atoi
 .text.setvbuf  0x0000000000003e70       0x48 /usr/local/mcuxpressoide-10.3.1_2233/ide/plugins/com.nxp.mcuxpresso.tools.linux_10.3.0.201811011841/tools/bin/../lib/gcc/arm-none-eabi/7.3.1/../../../../arm-none-eabi/lib/thumb/v6-m/libcr_c.a(setvbuf.o)
                0x0000000000003e70                setvbuf
 .text.strcmp   0x0000000000003eb8       0x44 /usr/local/mcuxpressoide-10.3.1_2233/ide/plugins/com.nxp.mcuxpresso.tools.linux_10.3.0.201811011841/tools/bin/../lib/gcc/arm-none-eabi/7.3.1/../../../../arm-none-eabi/lib/thumb/v6-m/libcr_c.a(strcmp.o)
                0x0000000000003eb8                strcmp
 .text.strlen   0x0000000000003efc       0x58 /usr/local/mcuxpressoide-10.3.1_2233/ide/plugins/com.nxp.mcuxpresso.tools.linux_10.3.0.201811011841/tools/bin/../lib/gcc/arm-none-eabi/7.3.1/../../../../arm-none-eabi/lib/thumb/v6-m/libcr_c.a(strlen.o)
                0x0000000000003efc                strlen
 .text._sbrk    0x0000000000003f54       0x40 /usr/local/mcuxpressoide-10.3.1_2233/ide/plugins/com.nxp.mcuxpresso.tools.linux_10.3.0.201811011841/tools/bin/../lib/gcc/arm-none-eabi/7.3.1/../../../../arm-none-eabi/lib/thumb/v6-m/libcr_c.a(_cr_sbrk.o)
                0x0000000000003f54                _sbrk
 .text._fdopen  0x0000000000003f94       0x74 /usr/local/mcuxpressoide-10.3.1_2233/ide/plugins/com.nxp.mcuxpresso.tools.linux_10.3.0.201811011841/tools/bin/../lib/gcc/arm-none-eabi/7.3.1/../../../../arm-none-eabi/lib/thumb/v6-m/libcr_c.a(_fdopen.o)
                0x0000000000003f94                _fdopen
 .text.fclose   0x0000000000004008       0x5c /usr/local/mcuxpressoide-10.3.1_2233/ide/plugins/com.nxp.mcuxpresso.tools.linux_10.3.0.201811011841/tools/bin/../lib/gcc/arm-none-eabi/7.3.1/../../../../arm-none-eabi/lib/thumb/v6-m/libcr_c.a(fclose.o)
                0x0000000000004008                fclose
 .text.fflush   0x0000000000004064       0x44 /usr/local/mcuxpressoide-10.3.1_2233/ide/plugins/com.nxp.mcuxpresso.tools.linux_10.3.0.201811011841/tools/bin/../lib/gcc/arm-none-eabi/7.3.1/../../../../arm-none-eabi/lib/thumb/v6-m/libcr_c.a(fflush.o)
                0x0000000000004064                fflush
 .text.__check_heap_overflow
                0x00000000000040a8       0x14 /usr/local/mcuxpressoide-10.3.1_2233/ide/plugins/com.nxp.mcuxpresso.tools.linux_10.3.0.201811011841/tools/bin/../lib/gcc/arm-none-eabi/7.3.1/../../../../arm-none-eabi/lib/thumb/v6-m/libcr_c.a(_cr_check_heap.o)
                0x00000000000040a8                __check_heap_overflow
 .text._do_fflush
                0x00000000000040bc       0x44 /usr/local/mcuxpressoide-10.3.1_2233/ide/plugins/com.nxp.mcuxpresso.tools.linux_10.3.0.201811011841/tools/bin/../lib/gcc/arm-none-eabi/7.3.1/../../../../arm-none-eabi/lib/thumb/v6-m/libcr_c.a(_do_fflush.o)
                0x00000000000040bc                _do_fflush
 .text.UART_EnableTx
                0x0000000000004100       0x40 ./utilities/fsl_debug_console.o
 .text.UART_EnableRx
                0x0000000000004140       0x40 ./utilities/fsl_debug_console.o
 .text.LPSCI_EnableTx
                0x0000000000004180       0x40 ./utilities/fsl_debug_console.o
 .text.LPSCI_EnableRx
                0x00000000000041c0       0x40 ./utilities/fsl_debug_console.o
 .text.StrCopy  0x0000000000004200       0x42 ./utilities/fsl_shell.o
 .text.StrLen   0x0000000000004242       0x2c ./utilities/fsl_shell.o
 .text.StrCompare
                0x000000000000426e       0x48 ./utilities/fsl_shell.o
 .text.GetChar  0x00000000000042b6       0x22 ./utilities/fsl_shell.o
 .text.GPIO_WritePinOutput
                0x00000000000042d8       0x34 ./source/MKL25Z128xxx4_Project.o
 .text.GPIO_SetPinsOutput
                0x000000000000430c       0x18 ./source/MKL25Z128xxx4_Project.o
 .text.GPIO_ClearPinsOutput
                0x0000000000004324       0x18 ./source/MKL25Z128xxx4_Project.o
 .text.vListInsertEnd
                0x000000000000433c       0x44 ./freertos/list.o
                0x000000000000433c                vListInsertEnd
 .text.uxListRemove
                0x0000000000004380       0x50 ./freertos/list.o
                0x0000000000004380                uxListRemove
 .text.SVC_Handler
                0x00000000000043d0        0xa ./freertos/port.o
                0x00000000000043d0                SVC_Handler
 .text.ulSetInterruptMaskFromISR
                0x00000000000043da        0xc ./freertos/port.o
                0x00000000000043da                ulSetInterruptMaskFromISR
 .text.vClearInterruptMaskFromISR
                0x00000000000043e6        0x8 ./freertos/port.o
                0x00000000000043e6                vClearInterruptMaskFromISR
 .text.OSC_SetExtRefClkConfig
                0x00000000000043ee       0x3e ./drivers/fsl_clock.o
 .text.OSC_SetCapLoad
                0x000000000000442c       0x42 ./drivers/fsl_clock.o
 .text.CLOCK_GetPll0RefFreq
                0x000000000000446e       0x10 ./drivers/fsl_clock.o
 .text.CLOCK_SetExternalRefClkConfig
                0x000000000000447e       0x16 ./drivers/fsl_clock.o
                0x000000000000447e                CLOCK_SetExternalRefClkConfig
 .text.LPSCI_GetStatusFlags
                0x0000000000004494       0x26 ./drivers/fsl_lpsci.o
                0x0000000000004494                LPSCI_GetStatusFlags
 .text.UART_GetStatusFlags
                0x00000000000044ba       0x26 ./drivers/fsl_uart.o
                0x00000000000044ba                UART_GetStatusFlags
 .text.UART_WriteBlocking
                0x00000000000044e0       0x3a ./drivers/fsl_uart.o
                0x00000000000044e0                UART_WriteBlocking
 .text.__main   0x000000000000451a        0xc /usr/local/mcuxpressoide-10.3.1_2233/ide/plugins/com.nxp.mcuxpresso.tools.linux_10.3.0.201811011841/tools/bin/../lib/gcc/arm-none-eabi/7.3.1/../../../../arm-none-eabi/lib/thumb/v6-m/libcr_nohost_nf.a(_cr__main.o)
                0x000000000000451a                __main
 .text.__sys_appexit
                0x0000000000004526        0x2 /usr/local/mcuxpressoide-10.3.1_2233/ide/plugins/com.nxp.mcuxpresso.tools.linux_10.3.0.201811011841/tools/bin/../lib/gcc/arm-none-eabi/7.3.1/../../../../arm-none-eabi/lib/thumb/v6-m/libcr_nohost_nf.a(__sys_appexit.o)
                0x0000000000004526                __exit
                0x0000000000004526                __sys_appexit
 .text.memmove  0x0000000000004528        0x8 /usr/local/mcuxpressoide-10.3.1_2233/ide/plugins/com.nxp.mcuxpresso.tools.linux_10.3.0.201811011841/tools/bin/../lib/gcc/arm-none-eabi/7.3.1/../../../../arm-none-eabi/lib/thumb/v6-m/libcr_c.a(memmove.o)
                0x0000000000004528                memmove
 .text.memset   0x0000000000004530        0x8 /usr/local/mcuxpressoide-10.3.1_2233/ide/plugins/com.nxp.mcuxpresso.tools.linux_10.3.0.201811011841/tools/bin/../lib/gcc/arm-none-eabi/7.3.1/../../../../arm-none-eabi/lib/thumb/v6-m/libcr_c.a(memset.o)
                0x0000000000004530                memset
 .text._Csys_read_
                0x0000000000004538       0x24 /usr/local/mcuxpressoide-10.3.1_2233/ide/plugins/com.nxp.mcuxpresso.tools.linux_10.3.0.201811011841/tools/bin/../lib/gcc/arm-none-eabi/7.3.1/../../../../arm-none-eabi/lib/thumb/v6-m/libcr_c.a(__fillbuf.o)
                0x0000000000004538                _Csys_read_
 .text.free     0x000000000000455c       0x2c /usr/local/mcuxpressoide-10.3.1_2233/ide/plugins/com.nxp.mcuxpresso.tools.linux_10.3.0.201811011841/tools/bin/../lib/gcc/arm-none-eabi/7.3.1/../../../../arm-none-eabi/lib/thumb/v6-m/libcr_c.a(alloc.o)
                0x000000000000455c                free
 .text.fputs    0x0000000000004588       0x2e /usr/local/mcuxpressoide-10.3.1_2233/ide/plugins/com.nxp.mcuxpresso.tools.linux_10.3.0.201811011841/tools/bin/../lib/gcc/arm-none-eabi/7.3.1/../../../../arm-none-eabi/lib/thumb/v6-m/libcr_c.a(fputs.o)
                0x0000000000004588                fputs
 .text.no_fp_display
                0x00000000000045b6        0x4 /usr/local/mcuxpressoide-10.3.1_2233/ide/plugins/com.nxp.mcuxpresso.tools.linux_10.3.0.201811011841/tools/bin/../lib/gcc/arm-none-eabi/7.3.1/../../../../arm-none-eabi/lib/thumb/v6-m/libcr_c.a(printf.o)
 .text.remove   0x00000000000045ba       0x12 /usr/local/mcuxpressoide-10.3.1_2233/ide/plugins/com.nxp.mcuxpresso.tools.linux_10.3.0.201811011841/tools/bin/../lib/gcc/arm-none-eabi/7.3.1/../../../../arm-none-eabi/lib/thumb/v6-m/libcr_c.a(remove.o)
                0x00000000000045ba                remove
 .text.__aeabi_division_idivmod
                0x00000000000045cc       0x78 /usr/local/mcuxpressoide-10.3.1_2233/ide/plugins/com.nxp.mcuxpresso.tools.linux_10.3.0.201811011841/tools/bin/../lib/gcc/arm-none-eabi/7.3.1/thumb/v6-m/libcr_eabihelpers.a(division_32.o)
                0x00000000000045cc                __aeabi_idiv
                0x00000000000045cc                __aeabi_idivmod
                0x00000000000045d2                __aeabi_uidiv
                0x00000000000045d2                __aeabi_uidivmod
 .text.__aeabi_division_idiv0
                0x0000000000004644        0x2 /usr/local/mcuxpressoide-10.3.1_2233/ide/plugins/com.nxp.mcuxpresso.tools.linux_10.3.0.201811011841/tools/bin/../lib/gcc/arm-none-eabi/7.3.1/thumb/v6-m/libcr_eabihelpers.a(division_idiv0.o)
                0x0000000000004644                __aeabi_idiv0
 .text.__aeabi_llong_lmul
                0x0000000000004646       0x2e /usr/local/mcuxpressoide-10.3.1_2233/ide/plugins/com.nxp.mcuxpresso.tools.linux_10.3.0.201811011841/tools/bin/../lib/gcc/arm-none-eabi/7.3.1/thumb/v6-m/libcr_eabihelpers.a(llong.o)
                0x0000000000004646                __aeabi_lmul
 .text.__aeabi_memcpy
                0x0000000000004674       0x2c /usr/local/mcuxpressoide-10.3.1_2233/ide/plugins/com.nxp.mcuxpresso.tools.linux_10.3.0.201811011841/tools/bin/../lib/gcc/arm-none-eabi/7.3.1/thumb/v6-m/libcr_eabihelpers.a(memcpy.o)
                0x0000000000004674                __aeabi_memcpy
                0x0000000000004674                __aeabi_memcpy4
                0x0000000000004674                __aeabi_memcpy8
 .text.__aeabi_memmove
                0x00000000000046a0       0x1c /usr/local/mcuxpressoide-10.3.1_2233/ide/plugins/com.nxp.mcuxpresso.tools.linux_10.3.0.201811011841/tools/bin/../lib/gcc/arm-none-eabi/7.3.1/thumb/v6-m/libcr_eabihelpers.a(memcpy.o)
                0x00000000000046a0                __aeabi_memmove8
                0x00000000000046a0                __aeabi_memmove
                0x00000000000046a0                __aeabi_memmove4
 .text.__aeabi_memset_lowlevel
                0x00000000000046bc       0x2a /usr/local/mcuxpressoide-10.3.1_2233/ide/plugins/com.nxp.mcuxpresso.tools.linux_10.3.0.201811011841/tools/bin/../lib/gcc/arm-none-eabi/7.3.1/thumb/v6-m/libcr_eabihelpers.a(memcpy.o)
                0x00000000000046bc                __aeabi_lowlevel_memset
 .text.__sys_close
                0x00000000000046e6        0x6 /usr/local/mcuxpressoide-10.3.1_2233/ide/plugins/com.nxp.mcuxpresso.tools.linux_10.3.0.201811011841/tools/bin/../lib/gcc/arm-none-eabi/7.3.1/../../../../arm-none-eabi/lib/thumb/v6-m/libcr_nohost_nf.a(__sys_close.o)
                0x00000000000046e6                __sys_close
 .text.__sys_flen
                0x00000000000046ec        0x6 /usr/local/mcuxpressoide-10.3.1_2233/ide/plugins/com.nxp.mcuxpresso.tools.linux_10.3.0.201811011841/tools/bin/../lib/gcc/arm-none-eabi/7.3.1/../../../../arm-none-eabi/lib/thumb/v6-m/libcr_nohost_nf.a(__sys_flen.o)
                0x00000000000046ec                __sys_flen
 .text.__sys_istty
                0x00000000000046f2        0x6 /usr/local/mcuxpressoide-10.3.1_2233/ide/plugins/com.nxp.mcuxpresso.tools.linux_10.3.0.201811011841/tools/bin/../lib/gcc/arm-none-eabi/7.3.1/../../../../arm-none-eabi/lib/thumb/v6-m/libcr_nohost_nf.a(__sys_istty.o)
                0x00000000000046f2                __sys_istty
 .text.__sys_read
                0x00000000000046f8        0x4 /usr/local/mcuxpressoide-10.3.1_2233/ide/plugins/com.nxp.mcuxpresso.tools.linux_10.3.0.201811011841/tools/bin/../lib/gcc/arm-none-eabi/7.3.1/../../../../arm-none-eabi/lib/thumb/v6-m/libcr_nohost_nf.a(__sys_read.o)
                0x00000000000046f8                __sys_read
 .text.__sys_remove
                0x00000000000046fc        0x6 /usr/local/mcuxpressoide-10.3.1_2233/ide/plugins/com.nxp.mcuxpresso.tools.linux_10.3.0.201811011841/tools/bin/../lib/gcc/arm-none-eabi/7.3.1/../../../../arm-none-eabi/lib/thumb/v6-m/libcr_nohost_nf.a(__sys_remove.o)
                0x00000000000046fc                __sys_remove
 .text.__sys_seek
                0x0000000000004702        0x6 /usr/local/mcuxpressoide-10.3.1_2233/ide/plugins/com.nxp.mcuxpresso.tools.linux_10.3.0.201811011841/tools/bin/../lib/gcc/arm-none-eabi/7.3.1/../../../../arm-none-eabi/lib/thumb/v6-m/libcr_nohost_nf.a(__sys_seek.o)
                0x0000000000004702                __sys_seek
 .text.__sys_tmpnam
                0x0000000000004708        0x6 /usr/local/mcuxpressoide-10.3.1_2233/ide/plugins/com.nxp.mcuxpresso.tools.linux_10.3.0.201811011841/tools/bin/../lib/gcc/arm-none-eabi/7.3.1/../../../../arm-none-eabi/lib/thumb/v6-m/libcr_nohost_nf.a(__sys_tmpnam.o)
                0x0000000000004708                __sys_tmpnam
 *(SORT_BY_ALIGNMENT(.rodata) SORT_BY_ALIGNMENT(.rodata.*) SORT_BY_ALIGNMENT(.constdata) SORT_BY_ALIGNMENT(.constdata.*))
 *fill*         0x000000000000470e        0x2 ff
 .rodata        0x0000000000004710      0x261 ./utilities/fsl_shell.o
 *fill*         0x0000000000004971        0x3 ff
 .rodata.xHelpCommand
                0x0000000000004974       0x10 ./utilities/fsl_shell.o
 .rodata.xExitCommand
                0x0000000000004984       0x10 ./utilities/fsl_shell.o
 .rodata        0x0000000000004994       0xc5 ./source/MKL25Z128xxx4_Project.o
 *fill*         0x0000000000004a59        0x3 ff
 .rodata.xLedCommand
                0x0000000000004a5c       0x10 ./source/MKL25Z128xxx4_Project.o
 .rodata        0x0000000000004a6c      0x11d ./drivers/fsl_clock.o
 *fill*         0x0000000000004b89        0x3 ff
 .rodata.fllFactorTable.5188
                0x0000000000004b8c       0x10 ./drivers/fsl_clock.o
 .rodata        0x0000000000004b9c      0x48c ./drivers/fsl_lpsci.o
 .rodata.s_uartBases
                0x0000000000005028        0xc ./drivers/fsl_uart.o
 .rodata.s_uartClock
                0x0000000000005034        0xc ./drivers/fsl_uart.o
 .rodata        0x0000000000005040      0x45b ./drivers/fsl_uart.o
 *fill*         0x000000000000549b        0x1 ff
 .rodata.mcgConfig_BOARD_BootClockRUN
                0x000000000000549c        0xa ./board/clock_config.o
                0x000000000000549c                mcgConfig_BOARD_BootClockRUN
 *fill*         0x00000000000054a6        0x2 ff
 .rodata.simConfig_BOARD_BootClockRUN
                0x00000000000054a8        0x8 ./board/clock_config.o
                0x00000000000054a8                simConfig_BOARD_BootClockRUN
 .rodata.oscConfig_BOARD_BootClockRUN
                0x00000000000054b0        0x8 ./board/clock_config.o
                0x00000000000054b0                oscConfig_BOARD_BootClockRUN
 .rodata.__num_Ciob_streams
                0x00000000000054b8        0x4 /usr/local/mcuxpressoide-10.3.1_2233/ide/plugins/com.nxp.mcuxpresso.tools.linux_10.3.0.201811011841/tools/bin/../lib/gcc/arm-none-eabi/7.3.1/../../../../arm-none-eabi/lib/thumb/v6-m/libcr_nohost_nf.a(__ciob.o)
                0x00000000000054b8                __num_Ciob_streams
 .rodata.__assertion_failed.str1.1
                0x00000000000054bc       0x15 /usr/local/mcuxpressoide-10.3.1_2233/ide/plugins/com.nxp.mcuxpresso.tools.linux_10.3.0.201811011841/tools/bin/../lib/gcc/arm-none-eabi/7.3.1/../../../../arm-none-eabi/lib/thumb/v6-m/libcr_nohost_nf.a(_cr_assert.o)
 .rodata._Csys_alloc.str1.1
                0x00000000000054d1       0x18 /usr/local/mcuxpressoide-10.3.1_2233/ide/plugins/com.nxp.mcuxpresso.tools.linux_10.3.0.201811011841/tools/bin/../lib/gcc/arm-none-eabi/7.3.1/../../../../arm-none-eabi/lib/thumb/v6-m/libcr_c.a(alloc.o)
 .rodata._initio.str1.1
                0x00000000000054e9        0x4 /usr/local/mcuxpressoide-10.3.1_2233/ide/plugins/com.nxp.mcuxpresso.tools.linux_10.3.0.201811011841/tools/bin/../lib/gcc/arm-none-eabi/7.3.1/../../../../arm-none-eabi/lib/thumb/v6-m/libcr_c.a(initio.o)
 .rodata.__vfprintf.str1.1
                0x00000000000054ed       0x35 /usr/local/mcuxpressoide-10.3.1_2233/ide/plugins/com.nxp.mcuxpresso.tools.linux_10.3.0.201811011841/tools/bin/../lib/gcc/arm-none-eabi/7.3.1/../../../../arm-none-eabi/lib/thumb/v6-m/libcr_c.a(printf.o)
                                         0x38 (size before relaxing)
 .rodata.__ctype
                0x0000000000005522      0x180 /usr/local/mcuxpressoide-10.3.1_2233/ide/plugins/com.nxp.mcuxpresso.tools.linux_10.3.0.201811011841/tools/bin/../lib/gcc/arm-none-eabi/7.3.1/../../../../arm-none-eabi/lib/thumb/v6-m/libcr_c.a(ctype.o)
                0x0000000000005522                __ctype
                0x00000000000056a4                . = ALIGN (0x4)
 *fill*         0x00000000000056a2        0x2 ff

.glue_7         0x00000000000056a4        0x0
 .glue_7        0x00000000000056a4        0x0 linker stubs

.glue_7t        0x00000000000056a4        0x0
 .glue_7t       0x00000000000056a4        0x0 linker stubs

.vfp11_veneer   0x00000000000056a4        0x0
 .vfp11_veneer  0x00000000000056a4        0x0 linker stubs

.v4_bx          0x00000000000056a4        0x0
 .v4_bx         0x00000000000056a4        0x0 linker stubs

.iplt           0x00000000000056a4        0x0
 .iplt          0x00000000000056a4        0x0 ./utilities/fsl_debug_console.o

.rel.dyn        0x00000000000056a4        0x0
 .rel.iplt      0x00000000000056a4        0x0 ./utilities/fsl_debug_console.o

.ARM.extab
 *(SORT_BY_ALIGNMENT(.ARM.extab*) SORT_BY_ALIGNMENT(.gnu.linkonce.armextab.*))
                0x00000000000056a4                __exidx_start = .

.ARM.exidx
 *(SORT_BY_ALIGNMENT(.ARM.exidx*) SORT_BY_ALIGNMENT(.gnu.linkonce.armexidx.*))
                0x00000000000056a4                __exidx_end = .
                0x00000000000056a4                _etext = .

.m_usb_data
 *(SORT_BY_ALIGNMENT(m_usb_bdt))

.mtb_buffer_default
                0x000000001ffff000       0x80
 *(SORT_BY_ALIGNMENT(.mtb*))
 .mtb.$RAM1     0x000000001ffff000       0x80 ./source/mtb.o
                0x000000001ffff000                __mtb_buffer__

.uninit_RESERVED
                0x000000001ffff080        0x0
 *(SORT_BY_ALIGNMENT(.bss.$RESERVED*))
                0x000000001ffff080                . = ALIGN (0x4)
                0x000000001ffff080                _end_uninit_RESERVED = .

.data           0x000000001ffff080        0x8 load address 0x00000000000056a4
 FILL mask 0xff
                0x000000001ffff080                _data = .
 *(SORT_BY_ALIGNMENT(vtable))
 *(SORT_BY_ALIGNMENT(.ramfunc*))
 *(SORT_BY_ALIGNMENT(.data*))
 .data.s_slowIrcFreq
                0x000000001ffff080        0x4 ./drivers/fsl_clock.o
 .data.SystemCoreClock
                0x000000001ffff084        0x4 ./CMSIS/system_MKL25Z4.o
                0x000000001ffff084                SystemCoreClock
                0x000000001ffff088                . = ALIGN (0x4)
                0x000000001ffff088                _edata = .

.igot.plt       0x000000001ffff088        0x0 load address 0x00000000000056ac
 .igot.plt      0x000000001ffff088        0x0 ./utilities/fsl_debug_console.o

.bss            0x000000001ffff088      0x214 load address 0x00000000000056ac
                0x000000001ffff088                _bss = .
 *(SORT_BY_ALIGNMENT(.bss*))
 .bss.s_debugConsole
                0x000000001ffff088       0x10 ./utilities/fsl_debug_console.o
 .bss.g_RegisteredCommands
                0x000000001ffff098       0x54 ./utilities/fsl_shell.o
 .bss.g_paramBuffer
                0x000000001ffff0ec       0x40 ./utilities/fsl_shell.o
 .bss.tmpCommand.5190
                0x000000001ffff12c        0x4 ./utilities/fsl_shell.o
 .bss.tmpCommandString.5191
                0x000000001ffff130        0x4 ./utilities/fsl_shell.o
 .bss.pxCurrentTCB
                0x000000001ffff134        0x4 ./freertos/tasks.o
                0x000000001ffff134                pxCurrentTCB
 .bss.pxReadyTasksLists
                0x000000001ffff138       0x64 ./freertos/tasks.o
 .bss.pxDelayedTaskList
                0x000000001ffff19c        0x4 ./freertos/tasks.o
 .bss.pxOverflowDelayedTaskList
                0x000000001ffff1a0        0x4 ./freertos/tasks.o
 .bss.xTickCount
                0x000000001ffff1a4        0x4 ./freertos/tasks.o
 .bss.uxTopReadyPriority
                0x000000001ffff1a8        0x4 ./freertos/tasks.o
 .bss.uxPendedTicks
                0x000000001ffff1ac        0x4 ./freertos/tasks.o
 .bss.xYieldPending
                0x000000001ffff1b0        0x4 ./freertos/tasks.o
 .bss.xNumOfOverflows
                0x000000001ffff1b4        0x4 ./freertos/tasks.o
 .bss.xNextTaskUnblockTime
                0x000000001ffff1b8        0x4 ./freertos/tasks.o
 .bss.uxSchedulerSuspended
                0x000000001ffff1bc        0x4 ./freertos/tasks.o
 .bss.g_xtal0Freq
                0x000000001ffff1c0        0x4 ./drivers/fsl_clock.o
                0x000000001ffff1c0                g_xtal0Freq
 .bss.s_lpsciHandle
                0x000000001ffff1c4        0x4 ./drivers/fsl_lpsci.o
 .bss.s_lpsciIsr
                0x000000001ffff1c8        0x4 ./drivers/fsl_lpsci.o
 .bss.s_uartHandle
                0x000000001ffff1cc        0xc ./drivers/fsl_uart.o
 .bss.s_uartIsr
                0x000000001ffff1d8        0x4 ./drivers/fsl_uart.o
 .bss.__Ciob    0x000000001ffff1dc       0xb4 /usr/local/mcuxpressoide-10.3.1_2233/ide/plugins/com.nxp.mcuxpresso.tools.linux_10.3.0.201811011841/tools/bin/../lib/gcc/arm-none-eabi/7.3.1/../../../../arm-none-eabi/lib/thumb/v6-m/libcr_nohost_nf.a(__ciob.o)
                0x000000001ffff1dc                __Ciob
 .bss.__end_of_heap
                0x000000001ffff290        0x4 /usr/local/mcuxpressoide-10.3.1_2233/ide/plugins/com.nxp.mcuxpresso.tools.linux_10.3.0.201811011841/tools/bin/../lib/gcc/arm-none-eabi/7.3.1/../../../../arm-none-eabi/lib/thumb/v6-m/libcr_c.a(__init_alloc.o)
                0x000000001ffff290                __end_of_heap
 .bss.__heaps   0x000000001ffff294        0x4 /usr/local/mcuxpressoide-10.3.1_2233/ide/plugins/com.nxp.mcuxpresso.tools.linux_10.3.0.201811011841/tools/bin/../lib/gcc/arm-none-eabi/7.3.1/../../../../arm-none-eabi/lib/thumb/v6-m/libcr_c.a(__init_alloc.o)
                0x000000001ffff294                __heaps
 .bss.errno     0x000000001ffff298        0x4 /usr/local/mcuxpressoide-10.3.1_2233/ide/plugins/com.nxp.mcuxpresso.tools.linux_10.3.0.201811011841/tools/bin/../lib/gcc/arm-none-eabi/7.3.1/../../../../arm-none-eabi/lib/thumb/v6-m/libcr_c.a(errno.o)
                0x000000001ffff298                errno
 *(SORT_BY_ALIGNMENT(COMMON))
                0x000000001ffff29c                . = ALIGN (0x4)
                0x000000001ffff29c                _ebss = .
                [!provide]                        PROVIDE (end = .)

.noinit         0x000000001ffff29c        0x0 load address 0x00000000000056ac
                0x000000001ffff29c                _noinit = .
 *(SORT_BY_ALIGNMENT(.noinit*))
                0x000000001ffff29c                . = ALIGN (0x4)
                0x000000001ffff29c                _end_noinit = .
                0x0000000000000400                _HeapSize = 0x400

.heap           0x000000001ffff29c      0x400 load address 0x00000000000056ac
                0x000000001ffff29c                _pvHeapStart = .
                0x000000001ffff69c                . = (. + _HeapSize)
 *fill*         0x000000001ffff29c      0x400 
                0x000000001ffff69c                . = ALIGN (0x4)
                0x000000001ffff69c                _pvHeapLimit = .
                0x0000000000000400                _StackSize = 0x400

.heap2stackfill
                0x000000001ffff69c      0x400 load address 0x00000000000056ac
                0x000000001ffffa9c                . = (. + _StackSize)
 *fill*         0x000000001ffff69c      0x400 

.stack          0x0000000020002c00        0x0
                0x0000000020002c00                _vStackBase = .
                0x0000000020002c00                . = ALIGN (0x4)
                0x0000000020003000                _vStackTop = (. + _StackSize)
                0x0000000000000000                _image_start = LOADADDR (.text)
                0x00000000000056ac                _image_end = (LOADADDR (.data) + SIZEOF (.data))
                0x00000000000056ac                _image_size = (_image_end - _image_start)
OUTPUT(MKL25Z128xxx4_Project.axf elf32-littlearm)

.debug_info     0x0000000000000000     0x9ac9
 .debug_info    0x0000000000000000      0x9dd ./utilities/fsl_debug_console.o
 .debug_info    0x00000000000009dd      0x968 ./utilities/fsl_shell.o
 .debug_info    0x0000000000001345      0x49b ./startup/startup_mkl25z4.o
 .debug_info    0x00000000000017e0      0xa58 ./source/MKL25Z128xxx4_Project.o
 .debug_info    0x0000000000002238       0x52 ./source/mtb.o
 .debug_info    0x000000000000228a       0x3b ./source/semihost_hardfault.o
 .debug_info    0x00000000000022c5      0x2c4 ./freertos/list.o
 .debug_info    0x0000000000002589      0x25e ./freertos/port.o
 .debug_info    0x00000000000027e7     0x1768 ./freertos/tasks.o
 .debug_info    0x0000000000003f4f     0x1962 ./drivers/fsl_clock.o
 .debug_info    0x00000000000058b1     0x138c ./drivers/fsl_lpsci.o
 .debug_info    0x0000000000006c3d     0x1336 ./drivers/fsl_uart.o
 .debug_info    0x0000000000007f73      0x795 ./board/board.o
 .debug_info    0x0000000000008708      0xa6a ./board/clock_config.o
 .debug_info    0x0000000000009172      0x559 ./board/pin_mux.o
 .debug_info    0x00000000000096cb      0x3fe ./CMSIS/system_MKL25Z4.o

.debug_abbrev   0x0000000000000000     0x1c70
 .debug_abbrev  0x0000000000000000      0x202 ./utilities/fsl_debug_console.o
 .debug_abbrev  0x0000000000000202      0x207 ./utilities/fsl_shell.o
 .debug_abbrev  0x0000000000000409      0x16d ./startup/startup_mkl25z4.o
 .debug_abbrev  0x0000000000000576      0x226 ./source/MKL25Z128xxx4_Project.o
 .debug_abbrev  0x000000000000079c       0x44 ./source/mtb.o
 .debug_abbrev  0x00000000000007e0       0x2f ./source/semihost_hardfault.o
 .debug_abbrev  0x000000000000080f      0x112 ./freertos/list.o
 .debug_abbrev  0x0000000000000921      0x195 ./freertos/port.o
 .debug_abbrev  0x0000000000000ab6      0x291 ./freertos/tasks.o
 .debug_abbrev  0x0000000000000d47      0x329 ./drivers/fsl_clock.o
 .debug_abbrev  0x0000000000001070      0x2cd ./drivers/fsl_lpsci.o
 .debug_abbrev  0x000000000000133d      0x2e5 ./drivers/fsl_uart.o
 .debug_abbrev  0x0000000000001622      0x185 ./board/board.o
 .debug_abbrev  0x00000000000017a7      0x1f4 ./board/clock_config.o
 .debug_abbrev  0x000000000000199b      0x199 ./board/pin_mux.o
 .debug_abbrev  0x0000000000001b34      0x13c ./CMSIS/system_MKL25Z4.o

.debug_aranges  0x0000000000000000      0xa60
 .debug_aranges
                0x0000000000000000       0x58 ./utilities/fsl_debug_console.o
 .debug_aranges
                0x0000000000000058       0x80 ./utilities/fsl_shell.o
 .debug_aranges
                0x00000000000000d8      0x160 ./startup/startup_mkl25z4.o
 .debug_aranges
                0x0000000000000238       0x58 ./source/MKL25Z128xxx4_Project.o
 .debug_aranges
                0x0000000000000290       0x18 ./source/mtb.o
 .debug_aranges
                0x00000000000002a8       0x20 ./source/semihost_hardfault.o
 .debug_aranges
                0x00000000000002c8       0x40 ./freertos/list.o
 .debug_aranges
                0x0000000000000308       0x80 ./freertos/port.o
 .debug_aranges
                0x0000000000000388      0x1e8 ./freertos/tasks.o
 .debug_aranges
                0x0000000000000570      0x1d8 ./drivers/fsl_clock.o
 .debug_aranges
                0x0000000000000748      0x118 ./drivers/fsl_lpsci.o
 .debug_aranges
                0x0000000000000860      0x130 ./drivers/fsl_uart.o
 .debug_aranges
                0x0000000000000990       0x28 ./board/board.o
 .debug_aranges
                0x00000000000009b8       0x50 ./board/clock_config.o
 .debug_aranges
                0x0000000000000a08       0x30 ./board/pin_mux.o
 .debug_aranges
                0x0000000000000a38       0x28 ./CMSIS/system_MKL25Z4.o

.debug_ranges   0x0000000000000000      0x958
 .debug_ranges  0x0000000000000000       0x48 ./utilities/fsl_debug_console.o
 .debug_ranges  0x0000000000000048       0x70 ./utilities/fsl_shell.o
 .debug_ranges  0x00000000000000b8      0x150 ./startup/startup_mkl25z4.o
 .debug_ranges  0x0000000000000208       0x48 ./source/MKL25Z128xxx4_Project.o
 .debug_ranges  0x0000000000000250       0x10 ./source/semihost_hardfault.o
 .debug_ranges  0x0000000000000260       0x30 ./freertos/list.o
 .debug_ranges  0x0000000000000290       0x70 ./freertos/port.o
 .debug_ranges  0x0000000000000300      0x1d8 ./freertos/tasks.o
 .debug_ranges  0x00000000000004d8      0x1c8 ./drivers/fsl_clock.o
 .debug_ranges  0x00000000000006a0      0x108 ./drivers/fsl_lpsci.o
 .debug_ranges  0x00000000000007a8      0x120 ./drivers/fsl_uart.o
 .debug_ranges  0x00000000000008c8       0x18 ./board/board.o
 .debug_ranges  0x00000000000008e0       0x40 ./board/clock_config.o
 .debug_ranges  0x0000000000000920       0x20 ./board/pin_mux.o
 .debug_ranges  0x0000000000000940       0x18 ./CMSIS/system_MKL25Z4.o

.debug_macro    0x0000000000000000     0x9119
 .debug_macro   0x0000000000000000      0x13a ./utilities/fsl_debug_console.o
 .debug_macro   0x000000000000013a      0xa84 ./utilities/fsl_debug_console.o
 .debug_macro   0x0000000000000bbe       0x10 ./utilities/fsl_debug_console.o
 .debug_macro   0x0000000000000bce       0x16 ./utilities/fsl_debug_console.o
 .debug_macro   0x0000000000000be4       0x10 ./utilities/fsl_debug_console.o
 .debug_macro   0x0000000000000bf4      0x12d ./utilities/fsl_debug_console.o
 .debug_macro   0x0000000000000d21       0x28 ./utilities/fsl_debug_console.o
 .debug_macro   0x0000000000000d49       0xc4 ./utilities/fsl_debug_console.o
 .debug_macro   0x0000000000000e0d       0x16 ./utilities/fsl_debug_console.o
 .debug_macro   0x0000000000000e23       0x22 ./utilities/fsl_debug_console.o
 .debug_macro   0x0000000000000e45      0x5b2 ./utilities/fsl_debug_console.o
 .debug_macro   0x00000000000013f7       0x10 ./utilities/fsl_debug_console.o
 .debug_macro   0x0000000000001407       0x3f ./utilities/fsl_debug_console.o
 .debug_macro   0x0000000000001446       0x3a ./utilities/fsl_debug_console.o
 .debug_macro   0x0000000000001480       0x26 ./utilities/fsl_debug_console.o
 .debug_macro   0x00000000000014a6      0x329 ./utilities/fsl_debug_console.o
 .debug_macro   0x00000000000017cf       0x30 ./utilities/fsl_debug_console.o
 .debug_macro   0x00000000000017ff     0x51e2 ./utilities/fsl_debug_console.o
 .debug_macro   0x00000000000069e1     0x1352 ./utilities/fsl_debug_console.o
 .debug_macro   0x0000000000007d33       0x3a ./utilities/fsl_debug_console.o
 .debug_macro   0x0000000000007d6d       0xf4 ./utilities/fsl_debug_console.o
 .debug_macro   0x0000000000007e61       0x35 ./utilities/fsl_debug_console.o
 .debug_macro   0x0000000000007e96       0xd2 ./utilities/fsl_debug_console.o
 .debug_macro   0x0000000000007f68       0x2e ./utilities/fsl_debug_console.o
 .debug_macro   0x0000000000007f96       0x10 ./utilities/fsl_debug_console.o
 .debug_macro   0x0000000000007fa6       0x10 ./utilities/fsl_debug_console.o
 .debug_macro   0x0000000000007fb6      0x100 ./utilities/fsl_shell.o
 .debug_macro   0x00000000000080b6       0x1c ./utilities/fsl_shell.o
 .debug_macro   0x00000000000080d2       0x3a ./utilities/fsl_shell.o
 .debug_macro   0x000000000000810c       0x29 ./startup/startup_mkl25z4.o
 .debug_macro   0x0000000000008135      0x18b ./source/MKL25Z128xxx4_Project.o
 .debug_macro   0x00000000000082c0       0xd8 ./source/MKL25Z128xxx4_Project.o
 .debug_macro   0x0000000000008398       0x22 ./source/MKL25Z128xxx4_Project.o
 .debug_macro   0x00000000000083ba       0x16 ./source/MKL25Z128xxx4_Project.o
 .debug_macro   0x00000000000083d0       0x10 ./source/MKL25Z128xxx4_Project.o
 .debug_macro   0x00000000000083e0      0x15f ./source/MKL25Z128xxx4_Project.o
 .debug_macro   0x000000000000853f       0x40 ./source/MKL25Z128xxx4_Project.o
 .debug_macro   0x000000000000857f       0x34 ./source/MKL25Z128xxx4_Project.o
 .debug_macro   0x00000000000085b3       0x2f ./source/mtb.o
 .debug_macro   0x00000000000085e2       0x82 ./source/mtb.o
 .debug_macro   0x0000000000008664       0x10 ./source/mtb.o
 .debug_macro   0x0000000000008674       0x11 ./source/semihost_hardfault.o
 .debug_macro   0x0000000000008685       0xb9 ./freertos/list.o
 .debug_macro   0x000000000000873e       0xcf ./freertos/port.o
 .debug_macro   0x000000000000880d      0x182 ./freertos/tasks.o
 .debug_macro   0x000000000000898f       0x11 ./freertos/tasks.o
 .debug_macro   0x00000000000089a0      0x196 ./drivers/fsl_clock.o
 .debug_macro   0x0000000000008b36       0xec ./drivers/fsl_lpsci.o
 .debug_macro   0x0000000000008c22       0xf2 ./drivers/fsl_uart.o
 .debug_macro   0x0000000000008d14      0x12b ./board/board.o
 .debug_macro   0x0000000000008e3f      0x123 ./board/clock_config.o
 .debug_macro   0x0000000000008f62      0x113 ./board/pin_mux.o
 .debug_macro   0x0000000000009075       0x10 ./board/pin_mux.o
 .debug_macro   0x0000000000009085       0x94 ./CMSIS/system_MKL25Z4.o

.debug_line     0x0000000000000000     0x46c3
 .debug_line    0x0000000000000000      0x3ab ./utilities/fsl_debug_console.o
 .debug_line    0x00000000000003ab      0x57b ./utilities/fsl_shell.o
 .debug_line    0x0000000000000926      0x128 ./startup/startup_mkl25z4.o
 .debug_line    0x0000000000000a4e      0x3e7 ./source/MKL25Z128xxx4_Project.o
 .debug_line    0x0000000000000e35       0xd5 ./source/mtb.o
 .debug_line    0x0000000000000f0a       0x54 ./source/semihost_hardfault.o
 .debug_line    0x0000000000000f5e      0x28e ./freertos/list.o
 .debug_line    0x00000000000011ec      0x345 ./freertos/port.o
 .debug_line    0x0000000000001531      0xd57 ./freertos/tasks.o
 .debug_line    0x0000000000002288      0x9ed ./drivers/fsl_clock.o
 .debug_line    0x0000000000002c75      0x79d ./drivers/fsl_lpsci.o
 .debug_line    0x0000000000003412      0x7a0 ./drivers/fsl_uart.o
 .debug_line    0x0000000000003bb2      0x2d7 ./board/board.o
 .debug_line    0x0000000000003e89      0x319 ./board/clock_config.o
 .debug_line    0x00000000000041a2      0x2b9 ./board/pin_mux.o
 .debug_line    0x000000000000445b      0x268 ./CMSIS/system_MKL25Z4.o

.debug_str      0x0000000000000000    0x3b704
 .debug_str     0x0000000000000000    0x314ed ./utilities/fsl_debug_console.o
                                      0x31772 (size before relaxing)
 .debug_str     0x00000000000314ed      0x454 ./utilities/fsl_shell.o
                                      0x30d65 (size before relaxing)
 .debug_str     0x0000000000031941      0x3a5 ./startup/startup_mkl25z4.o
                                       0x311f (size before relaxing)
 .debug_str     0x0000000000031ce6     0x10a7 ./source/MKL25Z128xxx4_Project.o
                                      0x3209c (size before relaxing)
 .debug_str     0x0000000000032d8d      0x532 ./source/mtb.o
                                       0x322b (size before relaxing)
 .debug_str     0x00000000000332bf       0x1f ./source/semihost_hardfault.o
                                       0x2d18 (size before relaxing)
 .debug_str     0x00000000000332de     0x2ea5 ./freertos/list.o
                                       0x734c (size before relaxing)
 .debug_str     0x0000000000036183      0xb38 ./freertos/port.o
                                       0x7d3b (size before relaxing)
 .debug_str     0x0000000000036cbb     0x1b8d ./freertos/tasks.o
                                       0x9519 (size before relaxing)
 .debug_str     0x0000000000038848     0x15a8 ./drivers/fsl_clock.o
                                      0x32226 (size before relaxing)
 .debug_str     0x0000000000039df0      0xb57 ./drivers/fsl_lpsci.o
                                      0x3182e (size before relaxing)
 .debug_str     0x000000000003a947      0x832 ./drivers/fsl_uart.o
                                      0x31851 (size before relaxing)
 .debug_str     0x000000000003b179       0x4c ./board/board.o
                                      0x317ca (size before relaxing)
 .debug_str     0x000000000003b1c5      0x2eb ./board/clock_config.o
                                      0x3113f (size before relaxing)
 .debug_str     0x000000000003b4b0      0x205 ./board/pin_mux.o
                                      0x308c0 (size before relaxing)
 .debug_str     0x000000000003b6b5       0x4f ./CMSIS/system_MKL25Z4.o
                                      0x2fb90 (size before relaxing)

.comment        0x0000000000000000       0x7f
 .comment       0x0000000000000000       0x7f ./utilities/fsl_debug_console.o
                                         0x80 (size before relaxing)
 .comment       0x000000000000007f       0x80 ./utilities/fsl_shell.o
 .comment       0x000000000000007f       0x80 ./startup/startup_mkl25z4.o
 .comment       0x000000000000007f       0x80 ./source/MKL25Z128xxx4_Project.o
 .comment       0x000000000000007f       0x80 ./source/mtb.o
 .comment       0x000000000000007f       0x80 ./source/semihost_hardfault.o
 .comment       0x000000000000007f       0x80 ./freertos/list.o
 .comment       0x000000000000007f       0x80 ./freertos/port.o
 .comment       0x000000000000007f       0x80 ./freertos/tasks.o
 .comment       0x000000000000007f       0x80 ./drivers/fsl_clock.o
 .comment       0x000000000000007f       0x80 ./drivers/fsl_lpsci.o
 .comment       0x000000000000007f       0x80 ./drivers/fsl_uart.o
 .comment       0x000000000000007f       0x80 ./board/board.o
 .comment       0x000000000000007f       0x80 ./board/clock_config.o
 .comment       0x000000000000007f       0x80 ./board/pin_mux.o
 .comment       0x000000000000007f       0x80 ./CMSIS/system_MKL25Z4.o
 .comment       0x000000000000007f       0x80 /usr/local/mcuxpressoide-10.3.1_2233/ide/plugins/com.nxp.mcuxpresso.tools.linux_10.3.0.201811011841/tools/bin/../lib/gcc/arm-none-eabi/7.3.1/../../../../arm-none-eabi/lib/thumb/v6-m/libcr_nohost_nf.a(__ciob.o)
 .comment       0x000000000000007f       0x80 /usr/local/mcuxpressoide-10.3.1_2233/ide/plugins/com.nxp.mcuxpresso.tools.linux_10.3.0.201811011841/tools/bin/../lib/gcc/arm-none-eabi/7.3.1/../../../../arm-none-eabi/lib/thumb/v6-m/libcr_nohost_nf.a(_cr__main.o)
 .comment       0x000000000000007f       0x80 /usr/local/mcuxpressoide-10.3.1_2233/ide/plugins/com.nxp.mcuxpresso.tools.linux_10.3.0.201811011841/tools/bin/../lib/gcc/arm-none-eabi/7.3.1/../../../../arm-none-eabi/lib/thumb/v6-m/libcr_nohost_nf.a(_cr_assert.o)
 .comment       0x000000000000007f       0x80 /usr/local/mcuxpressoide-10.3.1_2233/ide/plugins/com.nxp.mcuxpresso.tools.linux_10.3.0.201811011841/tools/bin/../lib/gcc/arm-none-eabi/7.3.1/../../../../arm-none-eabi/lib/thumb/v6-m/libcr_nohost_nf.a(__sys_appexit.o)
 .comment       0x000000000000007f       0x80 /usr/local/mcuxpressoide-10.3.1_2233/ide/plugins/com.nxp.mcuxpresso.tools.linux_10.3.0.201811011841/tools/bin/../lib/gcc/arm-none-eabi/7.3.1/../../../../arm-none-eabi/lib/thumb/v6-m/libcr_c.a(memmove.o)
 .comment       0x000000000000007f       0x80 /usr/local/mcuxpressoide-10.3.1_2233/ide/plugins/com.nxp.mcuxpresso.tools.linux_10.3.0.201811011841/tools/bin/../lib/gcc/arm-none-eabi/7.3.1/../../../../arm-none-eabi/lib/thumb/v6-m/libcr_c.a(memset.o)
 .comment       0x000000000000007f       0x80 /usr/local/mcuxpressoide-10.3.1_2233/ide/plugins/com.nxp.mcuxpresso.tools.linux_10.3.0.201811011841/tools/bin/../lib/gcc/arm-none-eabi/7.3.1/../../../../arm-none-eabi/lib/thumb/v6-m/libcr_c.a(__fillbuf.o)
 .comment       0x000000000000007f       0x80 /usr/local/mcuxpressoide-10.3.1_2233/ide/plugins/com.nxp.mcuxpresso.tools.linux_10.3.0.201811011841/tools/bin/../lib/gcc/arm-none-eabi/7.3.1/../../../../arm-none-eabi/lib/thumb/v6-m/libcr_c.a(_deferredlazyseek.o)
 .comment       0x000000000000007f       0x80 /usr/local/mcuxpressoide-10.3.1_2233/ide/plugins/com.nxp.mcuxpresso.tools.linux_10.3.0.201811011841/tools/bin/../lib/gcc/arm-none-eabi/7.3.1/../../../../arm-none-eabi/lib/thumb/v6-m/libcr_c.a(_fflush.o)
 .comment       0x000000000000007f       0x80 /usr/local/mcuxpressoide-10.3.1_2233/ide/plugins/com.nxp.mcuxpresso.tools.linux_10.3.0.201811011841/tools/bin/../lib/gcc/arm-none-eabi/7.3.1/../../../../arm-none-eabi/lib/thumb/v6-m/libcr_c.a(_writebuf.o)
 .comment       0x000000000000007f       0x80 /usr/local/mcuxpressoide-10.3.1_2233/ide/plugins/com.nxp.mcuxpresso.tools.linux_10.3.0.201811011841/tools/bin/../lib/gcc/arm-none-eabi/7.3.1/../../../../arm-none-eabi/lib/thumb/v6-m/libcr_c.a(alloc.o)
 .comment       0x000000000000007f       0x80 /usr/local/mcuxpressoide-10.3.1_2233/ide/plugins/com.nxp.mcuxpresso.tools.linux_10.3.0.201811011841/tools/bin/../lib/gcc/arm-none-eabi/7.3.1/../../../../arm-none-eabi/lib/thumb/v6-m/libcr_c.a(fputs.o)
 .comment       0x000000000000007f       0x80 /usr/local/mcuxpressoide-10.3.1_2233/ide/plugins/com.nxp.mcuxpresso.tools.linux_10.3.0.201811011841/tools/bin/../lib/gcc/arm-none-eabi/7.3.1/../../../../arm-none-eabi/lib/thumb/v6-m/libcr_c.a(fseek.o)
 .comment       0x000000000000007f       0x80 /usr/local/mcuxpressoide-10.3.1_2233/ide/plugins/com.nxp.mcuxpresso.tools.linux_10.3.0.201811011841/tools/bin/../lib/gcc/arm-none-eabi/7.3.1/../../../../arm-none-eabi/lib/thumb/v6-m/libcr_c.a(ftell.o)
 .comment       0x000000000000007f       0x80 /usr/local/mcuxpressoide-10.3.1_2233/ide/plugins/com.nxp.mcuxpresso.tools.linux_10.3.0.201811011841/tools/bin/../lib/gcc/arm-none-eabi/7.3.1/../../../../arm-none-eabi/lib/thumb/v6-m/libcr_c.a(initio.o)
 .comment       0x000000000000007f       0x80 /usr/local/mcuxpressoide-10.3.1_2233/ide/plugins/com.nxp.mcuxpresso.tools.linux_10.3.0.201811011841/tools/bin/../lib/gcc/arm-none-eabi/7.3.1/../../../../arm-none-eabi/lib/thumb/v6-m/libcr_c.a(printf.o)
 .comment       0x000000000000007f       0x80 /usr/local/mcuxpressoide-10.3.1_2233/ide/plugins/com.nxp.mcuxpresso.tools.linux_10.3.0.201811011841/tools/bin/../lib/gcc/arm-none-eabi/7.3.1/../../../../arm-none-eabi/lib/thumb/v6-m/libcr_c.a(scanf.o)
 .comment       0x000000000000007f       0x80 /usr/local/mcuxpressoide-10.3.1_2233/ide/plugins/com.nxp.mcuxpresso.tools.linux_10.3.0.201811011841/tools/bin/../lib/gcc/arm-none-eabi/7.3.1/../../../../arm-none-eabi/lib/thumb/v6-m/libcr_c.a(setvbuf.o)
 .comment       0x000000000000007f       0x80 /usr/local/mcuxpressoide-10.3.1_2233/ide/plugins/com.nxp.mcuxpresso.tools.linux_10.3.0.201811011841/tools/bin/../lib/gcc/arm-none-eabi/7.3.1/../../../../arm-none-eabi/lib/thumb/v6-m/libcr_c.a(strcmp.o)
 .comment       0x000000000000007f       0x80 /usr/local/mcuxpressoide-10.3.1_2233/ide/plugins/com.nxp.mcuxpresso.tools.linux_10.3.0.201811011841/tools/bin/../lib/gcc/arm-none-eabi/7.3.1/../../../../arm-none-eabi/lib/thumb/v6-m/libcr_c.a(strlen.o)
 .comment       0x000000000000007f       0x80 /usr/local/mcuxpressoide-10.3.1_2233/ide/plugins/com.nxp.mcuxpresso.tools.linux_10.3.0.201811011841/tools/bin/../lib/gcc/arm-none-eabi/7.3.1/../../../../arm-none-eabi/lib/thumb/v6-m/libcr_c.a(__init_alloc.o)
 .comment       0x000000000000007f       0x80 /usr/local/mcuxpressoide-10.3.1_2233/ide/plugins/com.nxp.mcuxpresso.tools.linux_10.3.0.201811011841/tools/bin/../lib/gcc/arm-none-eabi/7.3.1/../../../../arm-none-eabi/lib/thumb/v6-m/libcr_c.a(_cr_sbrk.o)
 .comment       0x000000000000007f       0x80 /usr/local/mcuxpressoide-10.3.1_2233/ide/plugins/com.nxp.mcuxpresso.tools.linux_10.3.0.201811011841/tools/bin/../lib/gcc/arm-none-eabi/7.3.1/../../../../arm-none-eabi/lib/thumb/v6-m/libcr_c.a(_fdopen.o)
 .comment       0x000000000000007f       0x80 /usr/local/mcuxpressoide-10.3.1_2233/ide/plugins/com.nxp.mcuxpresso.tools.linux_10.3.0.201811011841/tools/bin/../lib/gcc/arm-none-eabi/7.3.1/../../../../arm-none-eabi/lib/thumb/v6-m/libcr_c.a(ctype.o)
 .comment       0x000000000000007f       0x80 /usr/local/mcuxpressoide-10.3.1_2233/ide/plugins/com.nxp.mcuxpresso.tools.linux_10.3.0.201811011841/tools/bin/../lib/gcc/arm-none-eabi/7.3.1/../../../../arm-none-eabi/lib/thumb/v6-m/libcr_c.a(errno.o)
 .comment       0x000000000000007f       0x80 /usr/local/mcuxpressoide-10.3.1_2233/ide/plugins/com.nxp.mcuxpresso.tools.linux_10.3.0.201811011841/tools/bin/../lib/gcc/arm-none-eabi/7.3.1/../../../../arm-none-eabi/lib/thumb/v6-m/libcr_c.a(fclose.o)
 .comment       0x000000000000007f       0x80 /usr/local/mcuxpressoide-10.3.1_2233/ide/plugins/com.nxp.mcuxpresso.tools.linux_10.3.0.201811011841/tools/bin/../lib/gcc/arm-none-eabi/7.3.1/../../../../arm-none-eabi/lib/thumb/v6-m/libcr_c.a(fflush.o)
 .comment       0x000000000000007f       0x80 /usr/local/mcuxpressoide-10.3.1_2233/ide/plugins/com.nxp.mcuxpresso.tools.linux_10.3.0.201811011841/tools/bin/../lib/gcc/arm-none-eabi/7.3.1/../../../../arm-none-eabi/lib/thumb/v6-m/libcr_c.a(remove.o)
 .comment       0x000000000000007f       0x80 /usr/local/mcuxpressoide-10.3.1_2233/ide/plugins/com.nxp.mcuxpresso.tools.linux_10.3.0.201811011841/tools/bin/../lib/gcc/arm-none-eabi/7.3.1/../../../../arm-none-eabi/lib/thumb/v6-m/libcr_c.a(_cr_check_heap.o)
 .comment       0x000000000000007f       0x80 /usr/local/mcuxpressoide-10.3.1_2233/ide/plugins/com.nxp.mcuxpresso.tools.linux_10.3.0.201811011841/tools/bin/../lib/gcc/arm-none-eabi/7.3.1/../../../../arm-none-eabi/lib/thumb/v6-m/libcr_c.a(_do_fflush.o)
 .comment       0x000000000000007f       0x80 /usr/local/mcuxpressoide-10.3.1_2233/ide/plugins/com.nxp.mcuxpresso.tools.linux_10.3.0.201811011841/tools/bin/../lib/gcc/arm-none-eabi/7.3.1/../../../../arm-none-eabi/lib/thumb/v6-m/libcr_nohost_nf.a(__sys_close.o)
 .comment       0x000000000000007f       0x80 /usr/local/mcuxpressoide-10.3.1_2233/ide/plugins/com.nxp.mcuxpresso.tools.linux_10.3.0.201811011841/tools/bin/../lib/gcc/arm-none-eabi/7.3.1/../../../../arm-none-eabi/lib/thumb/v6-m/libcr_nohost_nf.a(__sys_flen.o)
 .comment       0x000000000000007f       0x80 /usr/local/mcuxpressoide-10.3.1_2233/ide/plugins/com.nxp.mcuxpresso.tools.linux_10.3.0.201811011841/tools/bin/../lib/gcc/arm-none-eabi/7.3.1/../../../../arm-none-eabi/lib/thumb/v6-m/libcr_nohost_nf.a(__sys_istty.o)
 .comment       0x000000000000007f       0x80 /usr/local/mcuxpressoide-10.3.1_2233/ide/plugins/com.nxp.mcuxpresso.tools.linux_10.3.0.201811011841/tools/bin/../lib/gcc/arm-none-eabi/7.3.1/../../../../arm-none-eabi/lib/thumb/v6-m/libcr_nohost_nf.a(__sys_read.o)
 .comment       0x000000000000007f       0x80 /usr/local/mcuxpressoide-10.3.1_2233/ide/plugins/com.nxp.mcuxpresso.tools.linux_10.3.0.201811011841/tools/bin/../lib/gcc/arm-none-eabi/7.3.1/../../../../arm-none-eabi/lib/thumb/v6-m/libcr_nohost_nf.a(__sys_remove.o)
 .comment       0x000000000000007f       0x80 /usr/local/mcuxpressoide-10.3.1_2233/ide/plugins/com.nxp.mcuxpresso.tools.linux_10.3.0.201811011841/tools/bin/../lib/gcc/arm-none-eabi/7.3.1/../../../../arm-none-eabi/lib/thumb/v6-m/libcr_nohost_nf.a(__sys_seek.o)
 .comment       0x000000000000007f       0x80 /usr/local/mcuxpressoide-10.3.1_2233/ide/plugins/com.nxp.mcuxpresso.tools.linux_10.3.0.201811011841/tools/bin/../lib/gcc/arm-none-eabi/7.3.1/../../../../arm-none-eabi/lib/thumb/v6-m/libcr_nohost_nf.a(__sys_tmpnam.o)

.ARM.attributes
                0x0000000000000000       0x30
 .ARM.attributes
                0x0000000000000000       0x32 ./utilities/fsl_debug_console.o
 .ARM.attributes
                0x0000000000000032       0x32 ./utilities/fsl_shell.o
 .ARM.attributes
                0x0000000000000064       0x32 ./startup/startup_mkl25z4.o
 .ARM.attributes
                0x0000000000000096       0x32 ./source/MKL25Z128xxx4_Project.o
 .ARM.attributes
                0x00000000000000c8       0x32 ./source/mtb.o
 .ARM.attributes
                0x00000000000000fa       0x32 ./source/semihost_hardfault.o
 .ARM.attributes
                0x000000000000012c       0x32 ./freertos/list.o
 .ARM.attributes
                0x000000000000015e       0x32 ./freertos/port.o
 .ARM.attributes
                0x0000000000000190       0x32 ./freertos/tasks.o
 .ARM.attributes
                0x00000000000001c2       0x32 ./drivers/fsl_clock.o
 .ARM.attributes
                0x00000000000001f4       0x32 ./drivers/fsl_lpsci.o
 .ARM.attributes
                0x0000000000000226       0x32 ./drivers/fsl_uart.o
 .ARM.attributes
                0x0000000000000258       0x32 ./board/board.o
 .ARM.attributes
                0x000000000000028a       0x32 ./board/clock_config.o
 .ARM.attributes
                0x00000000000002bc       0x32 ./board/pin_mux.o
 .ARM.attributes
                0x00000000000002ee       0x32 ./CMSIS/system_MKL25Z4.o
 .ARM.attributes
                0x0000000000000320       0x31 /usr/local/mcuxpressoide-10.3.1_2233/ide/plugins/com.nxp.mcuxpresso.tools.linux_10.3.0.201811011841/tools/bin/../lib/gcc/arm-none-eabi/7.3.1/../../../../arm-none-eabi/lib/thumb/v6-m/libcr_nohost_nf.a(__ciob.o)
 .ARM.attributes
                0x0000000000000351       0x31 /usr/local/mcuxpressoide-10.3.1_2233/ide/plugins/com.nxp.mcuxpresso.tools.linux_10.3.0.201811011841/tools/bin/../lib/gcc/arm-none-eabi/7.3.1/../../../../arm-none-eabi/lib/thumb/v6-m/libcr_nohost_nf.a(_cr__main.o)
 .ARM.attributes
                0x0000000000000382       0x31 /usr/local/mcuxpressoide-10.3.1_2233/ide/plugins/com.nxp.mcuxpresso.tools.linux_10.3.0.201811011841/tools/bin/../lib/gcc/arm-none-eabi/7.3.1/../../../../arm-none-eabi/lib/thumb/v6-m/libcr_nohost_nf.a(_cr_assert.o)
 .ARM.attributes
                0x00000000000003b3       0x31 /usr/local/mcuxpressoide-10.3.1_2233/ide/plugins/com.nxp.mcuxpresso.tools.linux_10.3.0.201811011841/tools/bin/../lib/gcc/arm-none-eabi/7.3.1/../../../../arm-none-eabi/lib/thumb/v6-m/libcr_nohost_nf.a(__sys_appexit.o)
 .ARM.attributes
                0x00000000000003e4       0x31 /usr/local/mcuxpressoide-10.3.1_2233/ide/plugins/com.nxp.mcuxpresso.tools.linux_10.3.0.201811011841/tools/bin/../lib/gcc/arm-none-eabi/7.3.1/../../../../arm-none-eabi/lib/thumb/v6-m/libcr_c.a(memmove.o)
 .ARM.attributes
                0x0000000000000415       0x31 /usr/local/mcuxpressoide-10.3.1_2233/ide/plugins/com.nxp.mcuxpresso.tools.linux_10.3.0.201811011841/tools/bin/../lib/gcc/arm-none-eabi/7.3.1/../../../../arm-none-eabi/lib/thumb/v6-m/libcr_c.a(memset.o)
 .ARM.attributes
                0x0000000000000446       0x31 /usr/local/mcuxpressoide-10.3.1_2233/ide/plugins/com.nxp.mcuxpresso.tools.linux_10.3.0.201811011841/tools/bin/../lib/gcc/arm-none-eabi/7.3.1/../../../../arm-none-eabi/lib/thumb/v6-m/libcr_c.a(__fillbuf.o)
 .ARM.attributes
                0x0000000000000477       0x31 /usr/local/mcuxpressoide-10.3.1_2233/ide/plugins/com.nxp.mcuxpresso.tools.linux_10.3.0.201811011841/tools/bin/../lib/gcc/arm-none-eabi/7.3.1/../../../../arm-none-eabi/lib/thumb/v6-m/libcr_c.a(_deferredlazyseek.o)
 .ARM.attributes
                0x00000000000004a8       0x31 /usr/local/mcuxpressoide-10.3.1_2233/ide/plugins/com.nxp.mcuxpresso.tools.linux_10.3.0.201811011841/tools/bin/../lib/gcc/arm-none-eabi/7.3.1/../../../../arm-none-eabi/lib/thumb/v6-m/libcr_c.a(_fflush.o)
 .ARM.attributes
                0x00000000000004d9       0x31 /usr/local/mcuxpressoide-10.3.1_2233/ide/plugins/com.nxp.mcuxpresso.tools.linux_10.3.0.201811011841/tools/bin/../lib/gcc/arm-none-eabi/7.3.1/../../../../arm-none-eabi/lib/thumb/v6-m/libcr_c.a(_writebuf.o)
 .ARM.attributes
                0x000000000000050a       0x31 /usr/local/mcuxpressoide-10.3.1_2233/ide/plugins/com.nxp.mcuxpresso.tools.linux_10.3.0.201811011841/tools/bin/../lib/gcc/arm-none-eabi/7.3.1/../../../../arm-none-eabi/lib/thumb/v6-m/libcr_c.a(alloc.o)
 .ARM.attributes
                0x000000000000053b       0x31 /usr/local/mcuxpressoide-10.3.1_2233/ide/plugins/com.nxp.mcuxpresso.tools.linux_10.3.0.201811011841/tools/bin/../lib/gcc/arm-none-eabi/7.3.1/../../../../arm-none-eabi/lib/thumb/v6-m/libcr_c.a(fputs.o)
 .ARM.attributes
                0x000000000000056c       0x31 /usr/local/mcuxpressoide-10.3.1_2233/ide/plugins/com.nxp.mcuxpresso.tools.linux_10.3.0.201811011841/tools/bin/../lib/gcc/arm-none-eabi/7.3.1/../../../../arm-none-eabi/lib/thumb/v6-m/libcr_c.a(fseek.o)
 .ARM.attributes
                0x000000000000059d       0x31 /usr/local/mcuxpressoide-10.3.1_2233/ide/plugins/com.nxp.mcuxpresso.tools.linux_10.3.0.201811011841/tools/bin/../lib/gcc/arm-none-eabi/7.3.1/../../../../arm-none-eabi/lib/thumb/v6-m/libcr_c.a(ftell.o)
 .ARM.attributes
                0x00000000000005ce       0x31 /usr/local/mcuxpressoide-10.3.1_2233/ide/plugins/com.nxp.mcuxpresso.tools.linux_10.3.0.201811011841/tools/bin/../lib/gcc/arm-none-eabi/7.3.1/../../../../arm-none-eabi/lib/thumb/v6-m/libcr_c.a(initio.o)
 .ARM.attributes
                0x00000000000005ff       0x31 /usr/local/mcuxpressoide-10.3.1_2233/ide/plugins/com.nxp.mcuxpresso.tools.linux_10.3.0.201811011841/tools/bin/../lib/gcc/arm-none-eabi/7.3.1/../../../../arm-none-eabi/lib/thumb/v6-m/libcr_c.a(printf.o)
 .ARM.attributes
                0x0000000000000630       0x31 /usr/local/mcuxpressoide-10.3.1_2233/ide/plugins/com.nxp.mcuxpresso.tools.linux_10.3.0.201811011841/tools/bin/../lib/gcc/arm-none-eabi/7.3.1/../../../../arm-none-eabi/lib/thumb/v6-m/libcr_c.a(scanf.o)
 .ARM.attributes
                0x0000000000000661       0x31 /usr/local/mcuxpressoide-10.3.1_2233/ide/plugins/com.nxp.mcuxpresso.tools.linux_10.3.0.201811011841/tools/bin/../lib/gcc/arm-none-eabi/7.3.1/../../../../arm-none-eabi/lib/thumb/v6-m/libcr_c.a(setvbuf.o)
 .ARM.attributes
                0x0000000000000692       0x31 /usr/local/mcuxpressoide-10.3.1_2233/ide/plugins/com.nxp.mcuxpresso.tools.linux_10.3.0.201811011841/tools/bin/../lib/gcc/arm-none-eabi/7.3.1/../../../../arm-none-eabi/lib/thumb/v6-m/libcr_c.a(strcmp.o)
 .ARM.attributes
                0x00000000000006c3       0x31 /usr/local/mcuxpressoide-10.3.1_2233/ide/plugins/com.nxp.mcuxpresso.tools.linux_10.3.0.201811011841/tools/bin/../lib/gcc/arm-none-eabi/7.3.1/../../../../arm-none-eabi/lib/thumb/v6-m/libcr_c.a(strlen.o)
 .ARM.attributes
                0x00000000000006f4       0x31 /usr/local/mcuxpressoide-10.3.1_2233/ide/plugins/com.nxp.mcuxpresso.tools.linux_10.3.0.201811011841/tools/bin/../lib/gcc/arm-none-eabi/7.3.1/../../../../arm-none-eabi/lib/thumb/v6-m/libcr_c.a(__init_alloc.o)
 .ARM.attributes
                0x0000000000000725       0x31 /usr/local/mcuxpressoide-10.3.1_2233/ide/plugins/com.nxp.mcuxpresso.tools.linux_10.3.0.201811011841/tools/bin/../lib/gcc/arm-none-eabi/7.3.1/../../../../arm-none-eabi/lib/thumb/v6-m/libcr_c.a(_cr_sbrk.o)
 .ARM.attributes
                0x0000000000000756       0x31 /usr/local/mcuxpressoide-10.3.1_2233/ide/plugins/com.nxp.mcuxpresso.tools.linux_10.3.0.201811011841/tools/bin/../lib/gcc/arm-none-eabi/7.3.1/../../../../arm-none-eabi/lib/thumb/v6-m/libcr_c.a(_fdopen.o)
 .ARM.attributes
                0x0000000000000787       0x31 /usr/local/mcuxpressoide-10.3.1_2233/ide/plugins/com.nxp.mcuxpresso.tools.linux_10.3.0.201811011841/tools/bin/../lib/gcc/arm-none-eabi/7.3.1/../../../../arm-none-eabi/lib/thumb/v6-m/libcr_c.a(ctype.o)
 .ARM.attributes
                0x00000000000007b8       0x31 /usr/local/mcuxpressoide-10.3.1_2233/ide/plugins/com.nxp.mcuxpresso.tools.linux_10.3.0.201811011841/tools/bin/../lib/gcc/arm-none-eabi/7.3.1/../../../../arm-none-eabi/lib/thumb/v6-m/libcr_c.a(errno.o)
 .ARM.attributes
                0x00000000000007e9       0x31 /usr/local/mcuxpressoide-10.3.1_2233/ide/plugins/com.nxp.mcuxpresso.tools.linux_10.3.0.201811011841/tools/bin/../lib/gcc/arm-none-eabi/7.3.1/../../../../arm-none-eabi/lib/thumb/v6-m/libcr_c.a(fclose.o)
 .ARM.attributes
                0x000000000000081a       0x31 /usr/local/mcuxpressoide-10.3.1_2233/ide/plugins/com.nxp.mcuxpresso.tools.linux_10.3.0.201811011841/tools/bin/../lib/gcc/arm-none-eabi/7.3.1/../../../../arm-none-eabi/lib/thumb/v6-m/libcr_c.a(fflush.o)
 .ARM.attributes
                0x000000000000084b       0x31 /usr/local/mcuxpressoide-10.3.1_2233/ide/plugins/com.nxp.mcuxpresso.tools.linux_10.3.0.201811011841/tools/bin/../lib/gcc/arm-none-eabi/7.3.1/../../../../arm-none-eabi/lib/thumb/v6-m/libcr_c.a(remove.o)
 .ARM.attributes
                0x000000000000087c       0x31 /usr/local/mcuxpressoide-10.3.1_2233/ide/plugins/com.nxp.mcuxpresso.tools.linux_10.3.0.201811011841/tools/bin/../lib/gcc/arm-none-eabi/7.3.1/../../../../arm-none-eabi/lib/thumb/v6-m/libcr_c.a(_cr_check_heap.o)
 .ARM.attributes
                0x00000000000008ad       0x31 /usr/local/mcuxpressoide-10.3.1_2233/ide/plugins/com.nxp.mcuxpresso.tools.linux_10.3.0.201811011841/tools/bin/../lib/gcc/arm-none-eabi/7.3.1/../../../../arm-none-eabi/lib/thumb/v6-m/libcr_c.a(_do_fflush.o)
 .ARM.attributes
                0x00000000000008de       0x21 /usr/local/mcuxpressoide-10.3.1_2233/ide/plugins/com.nxp.mcuxpresso.tools.linux_10.3.0.201811011841/tools/bin/../lib/gcc/arm-none-eabi/7.3.1/thumb/v6-m/libcr_eabihelpers.a(division_32.o)
 .ARM.attributes
                0x00000000000008ff       0x21 /usr/local/mcuxpressoide-10.3.1_2233/ide/plugins/com.nxp.mcuxpresso.tools.linux_10.3.0.201811011841/tools/bin/../lib/gcc/arm-none-eabi/7.3.1/thumb/v6-m/libcr_eabihelpers.a(division_idiv0.o)
 .ARM.attributes
                0x0000000000000920       0x21 /usr/local/mcuxpressoide-10.3.1_2233/ide/plugins/com.nxp.mcuxpresso.tools.linux_10.3.0.201811011841/tools/bin/../lib/gcc/arm-none-eabi/7.3.1/thumb/v6-m/libcr_eabihelpers.a(llong.o)
 .ARM.attributes
                0x0000000000000941       0x21 /usr/local/mcuxpressoide-10.3.1_2233/ide/plugins/com.nxp.mcuxpresso.tools.linux_10.3.0.201811011841/tools/bin/../lib/gcc/arm-none-eabi/7.3.1/thumb/v6-m/libcr_eabihelpers.a(memcpy.o)
 .ARM.attributes
                0x0000000000000962       0x31 /usr/local/mcuxpressoide-10.3.1_2233/ide/plugins/com.nxp.mcuxpresso.tools.linux_10.3.0.201811011841/tools/bin/../lib/gcc/arm-none-eabi/7.3.1/../../../../arm-none-eabi/lib/thumb/v6-m/libcr_nohost_nf.a(__sys_close.o)
 .ARM.attributes
                0x0000000000000993       0x31 /usr/local/mcuxpressoide-10.3.1_2233/ide/plugins/com.nxp.mcuxpresso.tools.linux_10.3.0.201811011841/tools/bin/../lib/gcc/arm-none-eabi/7.3.1/../../../../arm-none-eabi/lib/thumb/v6-m/libcr_nohost_nf.a(__sys_flen.o)
 .ARM.attributes
                0x00000000000009c4       0x31 /usr/local/mcuxpressoide-10.3.1_2233/ide/plugins/com.nxp.mcuxpresso.tools.linux_10.3.0.201811011841/tools/bin/../lib/gcc/arm-none-eabi/7.3.1/../../../../arm-none-eabi/lib/thumb/v6-m/libcr_nohost_nf.a(__sys_istty.o)
 .ARM.attributes
                0x00000000000009f5       0x31 /usr/local/mcuxpressoide-10.3.1_2233/ide/plugins/com.nxp.mcuxpresso.tools.linux_10.3.0.201811011841/tools/bin/../lib/gcc/arm-none-eabi/7.3.1/../../../../arm-none-eabi/lib/thumb/v6-m/libcr_nohost_nf.a(__sys_read.o)
 .ARM.attributes
                0x0000000000000a26       0x31 /usr/local/mcuxpressoide-10.3.1_2233/ide/plugins/com.nxp.mcuxpresso.tools.linux_10.3.0.201811011841/tools/bin/../lib/gcc/arm-none-eabi/7.3.1/../../../../arm-none-eabi/lib/thumb/v6-m/libcr_nohost_nf.a(__sys_remove.o)
 .ARM.attributes
                0x0000000000000a57       0x31 /usr/local/mcuxpressoide-10.3.1_2233/ide/plugins/com.nxp.mcuxpresso.tools.linux_10.3.0.201811011841/tools/bin/../lib/gcc/arm-none-eabi/7.3.1/../../../../arm-none-eabi/lib/thumb/v6-m/libcr_nohost_nf.a(__sys_seek.o)
 .ARM.attributes
                0x0000000000000a88       0x31 /usr/local/mcuxpressoide-10.3.1_2233/ide/plugins/com.nxp.mcuxpresso.tools.linux_10.3.0.201811011841/tools/bin/../lib/gcc/arm-none-eabi/7.3.1/../../../../arm-none-eabi/lib/thumb/v6-m/libcr_nohost_nf.a(__sys_tmpnam.o)

.debug_frame    0x0000000000000000     0x2230
 .debug_frame   0x0000000000000000      0x10c ./utilities/fsl_debug_console.o
 .debug_frame   0x000000000000010c      0x1b8 ./utilities/fsl_shell.o
 .debug_frame   0x00000000000002c4      0x3b0 ./startup/startup_mkl25z4.o
 .debug_frame   0x0000000000000674      0x110 ./source/MKL25Z128xxx4_Project.o
 .debug_frame   0x0000000000000784       0x20 ./source/semihost_hardfault.o
 .debug_frame   0x00000000000007a4       0xb0 ./freertos/list.o
 .debug_frame   0x0000000000000854      0x154 ./freertos/port.o
 .debug_frame   0x00000000000009a8      0x73c ./freertos/tasks.o
 .debug_frame   0x00000000000010e4      0x6e0 ./drivers/fsl_clock.o
 .debug_frame   0x00000000000017c4      0x418 ./drivers/fsl_lpsci.o
 .debug_frame   0x0000000000001bdc      0x468 ./drivers/fsl_uart.o
 .debug_frame   0x0000000000002044       0x50 ./board/board.o
 .debug_frame   0x0000000000002094       0xe4 ./board/clock_config.o
 .debug_frame   0x0000000000002178       0x6c ./board/pin_mux.o
 .debug_frame   0x00000000000021e4       0x4c ./CMSIS/system_MKL25Z4.o
