Archive member included to satisfy reference by file (symbol)

/usr/local/mcuxpressoide-10.3.1_2233/ide/plugins/com.nxp.mcuxpresso.tools.linux_10.3.0.201811011841/tools/bin/../lib/gcc/arm-none-eabi/7.3.1/../../../../arm-none-eabi/lib/thumb/v6-m/libcr_nohost_nf.a(_cr__main.o)
                              ./startup/startup_mkl25z4.o (__main)
/usr/local/mcuxpressoide-10.3.1_2233/ide/plugins/com.nxp.mcuxpresso.tools.linux_10.3.0.201811011841/tools/bin/../lib/gcc/arm-none-eabi/7.3.1/../../../../arm-none-eabi/lib/thumb/v6-m/libcr_c.a(memcpy.o)
                              ./freertos/queue.o (memcpy)
/usr/local/mcuxpressoide-10.3.1_2233/ide/plugins/com.nxp.mcuxpresso.tools.linux_10.3.0.201811011841/tools/bin/../lib/gcc/arm-none-eabi/7.3.1/../../../../arm-none-eabi/lib/thumb/v6-m/libcr_c.a(memmove.o)
                              ./utilities/fsl_shell.o (memmove)
/usr/local/mcuxpressoide-10.3.1_2233/ide/plugins/com.nxp.mcuxpresso.tools.linux_10.3.0.201811011841/tools/bin/../lib/gcc/arm-none-eabi/7.3.1/../../../../arm-none-eabi/lib/thumb/v6-m/libcr_c.a(memset.o)
                              ./utilities/fsl_shell.o (memset)
/usr/local/mcuxpressoide-10.3.1_2233/ide/plugins/com.nxp.mcuxpresso.tools.linux_10.3.0.201811011841/tools/bin/../lib/gcc/arm-none-eabi/7.3.1/../../../../arm-none-eabi/lib/thumb/v6-m/libcr_c.a(initio.o)
                              /usr/local/mcuxpressoide-10.3.1_2233/ide/plugins/com.nxp.mcuxpresso.tools.linux_10.3.0.201811011841/tools/bin/../lib/gcc/arm-none-eabi/7.3.1/../../../../arm-none-eabi/lib/thumb/v6-m/libcr_nohost_nf.a(_cr__main.o) (_initio)
/usr/local/mcuxpressoide-10.3.1_2233/ide/plugins/com.nxp.mcuxpresso.tools.linux_10.3.0.201811011841/tools/bin/../lib/gcc/arm-none-eabi/7.3.1/../../../../arm-none-eabi/lib/thumb/v6-m/libcr_c.a(modf.o)
                              ./utilities/fsl_debug_console.o (modf)
/usr/local/mcuxpressoide-10.3.1_2233/ide/plugins/com.nxp.mcuxpresso.tools.linux_10.3.0.201811011841/tools/bin/../lib/gcc/arm-none-eabi/7.3.1/../../../../arm-none-eabi/lib/thumb/v6-m/libcr_c.a(pow.o)
                              ./utilities/fsl_debug_console.o (pow)
/usr/local/mcuxpressoide-10.3.1_2233/ide/plugins/com.nxp.mcuxpresso.tools.linux_10.3.0.201811011841/tools/bin/../lib/gcc/arm-none-eabi/7.3.1/../../../../arm-none-eabi/lib/thumb/v6-m/libcr_c.a(scanf.o)
                              ./source/main.o (atof)
/usr/local/mcuxpressoide-10.3.1_2233/ide/plugins/com.nxp.mcuxpresso.tools.linux_10.3.0.201811011841/tools/bin/../lib/gcc/arm-none-eabi/7.3.1/../../../../arm-none-eabi/lib/thumb/v6-m/libcr_c.a(setvbuf.o)
                              /usr/local/mcuxpressoide-10.3.1_2233/ide/plugins/com.nxp.mcuxpresso.tools.linux_10.3.0.201811011841/tools/bin/../lib/gcc/arm-none-eabi/7.3.1/../../../../arm-none-eabi/lib/thumb/v6-m/libcr_c.a(initio.o) (setvbuf)
/usr/local/mcuxpressoide-10.3.1_2233/ide/plugins/com.nxp.mcuxpresso.tools.linux_10.3.0.201811011841/tools/bin/../lib/gcc/arm-none-eabi/7.3.1/../../../../arm-none-eabi/lib/thumb/v6-m/libcr_c.a(strcmp.o)
                              ./source/main.o (strcmp)
/usr/local/mcuxpressoide-10.3.1_2233/ide/plugins/com.nxp.mcuxpresso.tools.linux_10.3.0.201811011841/tools/bin/../lib/gcc/arm-none-eabi/7.3.1/../../../../arm-none-eabi/lib/thumb/v6-m/libcr_c.a(strlen.o)
                              ./utilities/fsl_debug_console.o (strlen)
/usr/local/mcuxpressoide-10.3.1_2233/ide/plugins/com.nxp.mcuxpresso.tools.linux_10.3.0.201811011841/tools/bin/../lib/gcc/arm-none-eabi/7.3.1/../../../../arm-none-eabi/lib/thumb/v6-m/libcr_c.a(ungetc.o)
                              /usr/local/mcuxpressoide-10.3.1_2233/ide/plugins/com.nxp.mcuxpresso.tools.linux_10.3.0.201811011841/tools/bin/../lib/gcc/arm-none-eabi/7.3.1/../../../../arm-none-eabi/lib/thumb/v6-m/libcr_c.a(scanf.o) (ungetc)
/usr/local/mcuxpressoide-10.3.1_2233/ide/plugins/com.nxp.mcuxpresso.tools.linux_10.3.0.201811011841/tools/bin/../lib/gcc/arm-none-eabi/7.3.1/../../../../arm-none-eabi/lib/thumb/v6-m/libcr_c.a(__fillbuf.o)
                              /usr/local/mcuxpressoide-10.3.1_2233/ide/plugins/com.nxp.mcuxpresso.tools.linux_10.3.0.201811011841/tools/bin/../lib/gcc/arm-none-eabi/7.3.1/../../../../arm-none-eabi/lib/thumb/v6-m/libcr_c.a(scanf.o) (__filbuf)
/usr/local/mcuxpressoide-10.3.1_2233/ide/plugins/com.nxp.mcuxpresso.tools.linux_10.3.0.201811011841/tools/bin/../lib/gcc/arm-none-eabi/7.3.1/../../../../arm-none-eabi/lib/thumb/v6-m/libcr_c.a(_deferredlazyseek.o)
                              /usr/local/mcuxpressoide-10.3.1_2233/ide/plugins/com.nxp.mcuxpresso.tools.linux_10.3.0.201811011841/tools/bin/../lib/gcc/arm-none-eabi/7.3.1/../../../../arm-none-eabi/lib/thumb/v6-m/libcr_c.a(__fillbuf.o) (_deferredlazyseek)
/usr/local/mcuxpressoide-10.3.1_2233/ide/plugins/com.nxp.mcuxpresso.tools.linux_10.3.0.201811011841/tools/bin/../lib/gcc/arm-none-eabi/7.3.1/../../../../arm-none-eabi/lib/thumb/v6-m/libcr_c.a(_fdopen.o)
[...]
Memory Configuration

Name             Origin             Length             Attributes
PROGRAM_FLASH    0x0000000000000000 0x0000000000020000 xr
SRAM             0x000000001ffff000 0x0000000000004000 xrw
*default*        0x0000000000000000 0xffffffffffffffff

Linker script and memory map

LOAD ./utilities/fsl_debug_console.o
LOAD ./utilities/fsl_shell.o
LOAD ./startup/startup_mkl25z4.o
LOAD ./source/main.o
LOAD ./source/mtb.o
LOAD ./source/semihost_hardfault.o
LOAD ./freertos/croutine.o
LOAD ./freertos/event_groups.o
LOAD ./freertos/fsl_tickless_lptmr.o
LOAD ./freertos/fsl_tickless_systick.o
LOAD ./freertos/heap_4.o
LOAD ./freertos/list.o
LOAD ./freertos/port.o
LOAD ./freertos/queue.o
LOAD ./freertos/tasks.o
LOAD ./freertos/timers.o
LOAD ./drivers/fsl_clock.o
LOAD ./drivers/fsl_common.o
LOAD ./drivers/fsl_flash.o
LOAD ./drivers/fsl_gpio.o
LOAD ./drivers/fsl_lpsci.o
LOAD ./drivers/fsl_smc.o
LOAD ./drivers/fsl_uart.o
LOAD ./board/board.o
LOAD ./board/clock_config.o
LOAD ./board/pin_mux.o
LOAD ./CMSIS/system_MKL25Z4.o
START GROUP
LOAD /usr/local/mcuxpressoide-10.3.1_2233/ide/plugins/com.nxp.mcuxpresso.tools.linux_10.3.0.201811011841/tools/bin/../lib/gcc/arm-none-eabi/7.3.1/../../../../arm-none-eabi/lib/thumb/v6-m/libcr_nohost_nf.a
LOAD /usr/local/mcuxpressoide-10.3.1_2233/ide/plugins/com.nxp.mcuxpresso.tools.linux_10.3.0.201811011841/tools/bin/../lib/gcc/arm-none-eabi/7.3.1/../../../../arm-none-eabi/lib/thumb/v6-m/libcr_c.a
LOAD /usr/local/mcuxpressoide-10.3.1_2233/ide/plugins/com.nxp.mcuxpresso.tools.linux_10.3.0.201811011841/tools/bin/../lib/gcc/arm-none-eabi/7.3.1/thumb/v6-m/libcr_eabihelpers.a
LOAD /usr/local/mcuxpressoide-10.3.1_2233/ide/plugins/com.nxp.mcuxpresso.tools.linux_10.3.0.201811011841/tools/bin/../lib/gcc/arm-none-eabi/7.3.1/thumb/v6-m/libgcc.a
END GROUP
                0x0000000000000000                __base_PROGRAM_FLASH = 0x0
                0x0000000000000000                __base_Flash = 0x0
                0x0000000000020000                __top_PROGRAM_FLASH = 0x20000
                0x0000000000020000                __top_Flash = 0x20000
                0x000000001ffff000                __base_SRAM = 0x1ffff000
                0x000000001ffff000                __base_RAM = 0x1ffff000
                0x0000000020003000                __top_SRAM = 0x20003000
                0x0000000020003000                __top_RAM = 0x20003000

.text           0x0000000000000000     0x6e60
 FILL mask 0xff
                0x0000000000000000                __vectors_start__ = ABSOLUTE (.)
 *(SORT_BY_ALIGNMENT(.isr_vector))
 .isr_vector    0x0000000000000000       0xc0 ./startup/startup_mkl25z4.o
                0x0000000000000000                __Vectors
                0x0000000000000000                g_pfnVectors
                0x00000000000000c0                . = ALIGN (0x4)
                0x00000000000000c0                __section_table_start = .
                0x00000000000000c0                __data_section_table = .
                0x00000000000000c0        0x4 LONG 0x6e60 LOADADDR (.data)
                0x00000000000000c4        0x4 LONG 0x1ffff080 ADDR (.data)
                0x00000000000000c8        0x4 LONG 0x10 SIZEOF (.data)
                0x00000000000000cc                __data_section_table_end = .
                0x00000000000000cc                __bss_section_table = .
                0x00000000000000cc        0x4 LONG 0x1ffff090 ADDR (.bss)
                0x00000000000000d0        0x4 LONG 0x214 SIZEOF (.bss)
                0x00000000000000d4                __bss_section_table_end = .
                0x00000000000000d4                __section_table_end = .
 *(SORT_BY_ALIGNMENT(.after_vectors*))
 .after_vectors.reset
                0x00000000000000d4       0x4c ./startup/startup_mkl25z4.o
                0x00000000000000d4                ResetISR
 .after_vectors.init_data
                0x0000000000000120       0x16 ./startup/startup_mkl25z4.o
                0x0000000000000120                data_init
 .after_vectors.init_bss
                0x0000000000000136       0x12 ./startup/startup_mkl25z4.o
                0x0000000000000136                bss_init
 .after_vectors
                0x0000000000000148      0x10c ./startup/startup_mkl25z4.o
                0x0000000000000148                NMI_Handler
                0x0000000000000152                PIT_DriverIRQHandler
                0x0000000000000152                Reserved39_DriverIRQHandler
                0x0000000000000152                DMA0_DriverIRQHandler
                0x0000000000000152                SPI1_DriverIRQHandler
                0x0000000000000152                LPTMR0_DriverIRQHandler
                0x0000000000000152                TPM2_DriverIRQHandler
                0x0000000000000152                TSI0_DriverIRQHandler
                0x0000000000000152                RTC_Seconds_DriverIRQHandler
                0x0000000000000152                LLWU_DriverIRQHandler
                0x0000000000000152                MCG_DriverIRQHandler
                0x0000000000000152                FTFA_DriverIRQHandler
                0x0000000000000152                IntDefaultHandler
                0x0000000000000152                USB0_DriverIRQHandler
                0x0000000000000152                DAC0_DriverIRQHandler
                0x0000000000000152                LVD_LVW_DriverIRQHandler
                0x0000000000000152                TPM0_DriverIRQHandler
                0x0000000000000152                Reserved20_DriverIRQHandler
                0x0000000000000152                DMA3_DriverIRQHandler
                0x0000000000000152                Reserved45_DriverIRQHandler
                0x0000000000000152                PORTA_DriverIRQHandler
                0x0000000000000152                TPM1_DriverIRQHandler
                0x0000000000000152                RTC_DriverIRQHandler
                0x0000000000000152                DMA1_DriverIRQHandler
                0x0000000000000152                I2C1_DriverIRQHandler
                0x0000000000000152                SPI0_DriverIRQHandler
                0x0000000000000152                ADC0_DriverIRQHandler
                0x0000000000000152                CMP0_DriverIRQHandler
                0x0000000000000152                DMA2_DriverIRQHandler
                0x0000000000000152                PORTD_DriverIRQHandler
                0x0000000000000152                I2C0_DriverIRQHandler
                0x0000000000000154                DMA0_IRQHandler
                0x000000000000015c                DMA1_IRQHandler
                0x0000000000000164                DMA2_IRQHandler
                0x000000000000016c                DMA3_IRQHandler
                0x0000000000000174                Reserved20_IRQHandler
                0x000000000000017c                FTFA_IRQHandler
                0x0000000000000184                LVD_LVW_IRQHandler
                0x000000000000018c                LLWU_IRQHandler
                0x0000000000000194                I2C0_IRQHandler
                0x000000000000019c                I2C1_IRQHandler
                0x00000000000001a4                SPI0_IRQHandler
                0x00000000000001ac                SPI1_IRQHandler
                0x00000000000001b4                UART0_IRQHandler
                0x00000000000001bc                UART1_IRQHandler
                0x00000000000001c4                UART2_IRQHandler
                0x00000000000001cc                ADC0_IRQHandler
                0x00000000000001d4                CMP0_IRQHandler
                0x00000000000001dc                TPM0_IRQHandler
                0x00000000000001e4                TPM1_IRQHandler
                0x00000000000001ec                TPM2_IRQHandler
                0x00000000000001f4                RTC_IRQHandler
                0x00000000000001fc                RTC_Seconds_IRQHandler
                0x0000000000000204                PIT_IRQHandler
                0x000000000000020c                Reserved39_IRQHandler
                0x0000000000000214                USB0_IRQHandler
                0x000000000000021c                DAC0_IRQHandler
                0x0000000000000224                TSI0_IRQHandler
                0x000000000000022c                MCG_IRQHandler
                0x0000000000000234                LPTMR0_IRQHandler
                0x000000000000023c                Reserved45_IRQHandler
                0x0000000000000244                PORTA_IRQHandler
                0x000000000000024c                PORTD_IRQHandler
                0x0000000000000400                . = 0x400
 *fill*         0x0000000000000254      0x1ac ff
                0x0000000000000400                PROVIDE (__FLASH_CONFIG_START__ = .)
 *(SORT_BY_ALIGNMENT(.FlashConfig))
 .FlashConfig   0x0000000000000400       0x10 ./startup/startup_mkl25z4.o
                0x0000000000000400                Flash_Config
                0x0000000000000410                PROVIDE (__FLASH_CONFIG_END__ = .)
                0x0000000000000001                ASSERT (! ((__FLASH_CONFIG_START__ == __FLASH_CONFIG_END__)), Linker Flash Config Support Enabled, but no .FlashConfig section provided within application)
 *(SORT_BY_ALIGNMENT(.text*))
 .text.PendSV_Handler
                0x0000000000000410       0x48 ./freertos/port.o
                0x0000000000000410                PendSV_Handler
 .text.DbgConsole_Init
                0x0000000000000458       0xf4 ./utilities/fsl_debug_console.o
                0x0000000000000458                DbgConsole_Init
 .text.DbgConsole_Printf
                0x000000000000054c       0x44 ./utilities/fsl_debug_console.o
                0x000000000000054c                DbgConsole_Printf
 .text.DbgConsole_Putchar
                0x0000000000000590       0x34 ./utilities/fsl_debug_console.o
                0x0000000000000590                DbgConsole_Putchar
 .text.DbgConsole_Getchar
                0x00000000000005c4       0x40 ./utilities/fsl_debug_console.o
                0x00000000000005c4                DbgConsole_Getchar
 .text.DbgConsole_ConvertFloatRadixNumToString
                0x0000000000000604      0x2a4 ./utilities/fsl_debug_console.o
 .text.SHELL_Init
                0x00000000000008a8       0x9c ./utilities/fsl_shell.o
                0x00000000000008a8                SHELL_Init
 .text.SHELL_Main
                0x0000000000000944      0x4a0 ./utilities/fsl_shell.o
                0x0000000000000944                SHELL_Main
 .text.HelpCommand
                0x0000000000000de4       0x5c ./utilities/fsl_shell.o
 .text.ExitCommand
                0x0000000000000e40       0x30 ./utilities/fsl_shell.o
 .text.ProcessCommand
                0x0000000000000e70      0x2f4 ./utilities/fsl_shell.o
 .text.GetHistoryCommand
                0x0000000000001164       0xe0 ./utilities/fsl_shell.o
 .text.AutoComplete
                0x0000000000001244      0x13c ./utilities/fsl_shell.o
 .text.ParseLine
                0x0000000000001380       0xfc ./utilities/fsl_shell.o
 .text.SHELL_RegisterCommand
                0x000000000000147c       0x48 ./utilities/fsl_shell.o
                0x000000000000147c                SHELL_RegisterCommand
 .text.Led_Init
                0x00000000000014c4       0x60 ./source/main.o
                0x00000000000014c4                Led_Init
 .text.PidCalc  0x0000000000001524       0xb8 ./source/main.o
 .text.LedControl
                0x00000000000015dc      0x134 ./source/main.o
 .text.main     0x0000000000001710       0x5c ./source/main.o
                0x0000000000001710                main
 .text.HardFault_Handler
                0x000000000000176c       0x30 ./source/semihost_hardfault.o
                0x000000000000176c                HardFault_Handler
 .text.SysTick_Handler
                0x000000000000179c       0x34 ./freertos/port.o
                0x000000000000179c                SysTick_Handler
 .text.xTaskIncrementTick
                0x00000000000017d0      0x14c ./freertos/tasks.o
                0x00000000000017d0                xTaskIncrementTick
 .text.vTaskSwitchContext
                0x000000000000191c       0xa4 ./freertos/tasks.o
                0x000000000000191c                vTaskSwitchContext
 .text.prvResetNextTaskUnblockTime
                0x00000000000019c0       0x48 ./freertos/tasks.o
 .text.CLOCK_SetEr32kClock
                0x0000000000001a08       0x34 ./drivers/fsl_clock.o
 .text.CLOCK_SetPllFllSelClock
                0x0000000000001a3c       0x38 ./drivers/fsl_clock.o
 .text.CLOCK_GetMcgExtClkFreq
                0x0000000000001a74       0x28 ./drivers/fsl_clock.o
 .text.CLOCK_GetFllExtRefClkFreq
                0x0000000000001a9c       0xa4 ./drivers/fsl_clock.o
 .text.CLOCK_GetFllRefClkFreq
                0x0000000000001b40       0x2c ./drivers/fsl_clock.o
 .text.CLOCK_GetOscRangeFromFreq
                0x0000000000001b6c       0x4c ./drivers/fsl_clock.o
 .text.CLOCK_GetPllFllSelClkFreq
                0x0000000000001bb8       0x4c ./drivers/fsl_clock.o
                0x0000000000001bb8                CLOCK_GetPllFllSelClkFreq
 .text.CLOCK_SetSimConfig
                0x0000000000001c04       0x38 ./drivers/fsl_clock.o
                0x0000000000001c04                CLOCK_SetSimConfig
 .text.CLOCK_GetFllFreq
                0x0000000000001c3c       0x84 ./drivers/fsl_clock.o
                0x0000000000001c3c                CLOCK_GetFllFreq
 .text.CLOCK_GetPll0Freq
                0x0000000000001cc0       0x70 ./drivers/fsl_clock.o
                0x0000000000001cc0                CLOCK_GetPll0Freq
 .text.CLOCK_SetInternalRefClkConfig
                0x0000000000001d30      0x128 ./drivers/fsl_clock.o
                0x0000000000001d30                CLOCK_SetInternalRefClkConfig
 .text.CLOCK_EnablePll0
                0x0000000000001e58       0x90 ./drivers/fsl_clock.o
                0x0000000000001e58                CLOCK_EnablePll0
 .text.CLOCK_InitOsc0
                0x0000000000001ee8       0x94 ./drivers/fsl_clock.o
                0x0000000000001ee8                CLOCK_InitOsc0
 .text.CLOCK_SetPbeMode
                0x0000000000001f7c       0xb0 ./drivers/fsl_clock.o
                0x0000000000001f7c                CLOCK_SetPbeMode
 .text.CLOCK_BootToPeeMode
                0x000000000000202c       0x70 ./drivers/fsl_clock.o
                0x000000000000202c                CLOCK_BootToPeeMode
 .text.__assertion_failed
                0x000000000000209c       0x1c ./drivers/fsl_common.o
                0x000000000000209c                __assertion_failed
 .text.CLOCK_EnableClock
                0x00000000000020b8       0x34 ./drivers/fsl_lpsci.o
 .text.LPSCI_GetInstance
                0x00000000000020ec       0x48 ./drivers/fsl_lpsci.o
                0x00000000000020ec                LPSCI_GetInstance
 .text.LPSCI_Init
                0x0000000000002134      0x260 ./drivers/fsl_lpsci.o
                0x0000000000002134                LPSCI_Init
 .text.LPSCI_GetDefaultConfig
                0x0000000000002394       0x44 ./drivers/fsl_lpsci.o
                0x0000000000002394                LPSCI_GetDefaultConfig
 .text.LPSCI_ClearStatusFlags
                0x00000000000023d8       0x94 ./drivers/fsl_lpsci.o
                0x00000000000023d8                LPSCI_ClearStatusFlags
 .text.LPSCI_WriteBlocking
                0x000000000000246c       0x4c ./drivers/fsl_lpsci.o
                0x000000000000246c                LPSCI_WriteBlocking
 .text.LPSCI_ReadBlocking
                0x00000000000024b8       0xc0 ./drivers/fsl_lpsci.o
                0x00000000000024b8                LPSCI_ReadBlocking
 .text.UART0_DriverIRQHandler
                0x0000000000002578       0x24 ./drivers/fsl_lpsci.o
                0x0000000000002578                UART0_DriverIRQHandler
 .text.CLOCK_EnableClock
                0x000000000000259c       0x34 ./drivers/fsl_uart.o
 .text.UART_GetInstance
                0x00000000000025d0       0x54 ./drivers/fsl_uart.o
                0x00000000000025d0                UART_GetInstance
 .text.UART_Init
                0x0000000000002624      0x1e8 ./drivers/fsl_uart.o
                0x0000000000002624                UART_Init
 .text.UART_GetDefaultConfig
                0x000000000000280c       0x44 ./drivers/fsl_uart.o
                0x000000000000280c                UART_GetDefaultConfig
 .text.UART_ReadBlocking
                0x0000000000002850       0x98 ./drivers/fsl_uart.o
                0x0000000000002850                UART_ReadBlocking
 .text.UART1_DriverIRQHandler
                0x00000000000028e8       0x24 ./drivers/fsl_uart.o
                0x00000000000028e8                UART1_DriverIRQHandler
 .text.UART2_DriverIRQHandler
                0x000000000000290c       0x24 ./drivers/fsl_uart.o
                0x000000000000290c                UART2_DriverIRQHandler
 .text.CLOCK_SetLpsci0Clock
                0x0000000000002930       0x38 ./board/board.o
 .text.BOARD_InitDebugConsole
                0x0000000000002968       0x30 ./board/board.o
                0x0000000000002968                BOARD_InitDebugConsole
 .text.CLOCK_SetSimSafeDivs
                0x0000000000002998       0x20 ./board/clock_config.o
 .text.CLOCK_SetXtal0Freq
                0x00000000000029b8       0x1c ./board/clock_config.o
 .text.CLOCK_CONFIG_SetFllExtRefDiv
                0x00000000000029d4       0x3c ./board/clock_config.o
 .text.BOARD_BootClockRUN
                0x0000000000002a10       0x64 ./board/clock_config.o
                0x0000000000002a10                BOARD_BootClockRUN
 .text.CLOCK_EnableClock
                0x0000000000002a74       0x34 ./board/pin_mux.o
 .text.PORT_SetPinMux
                0x0000000000002aa8       0x40 ./board/pin_mux.o
 .text.BOARD_InitPins
                0x0000000000002ae8       0x90 ./board/pin_mux.o
                0x0000000000002ae8                BOARD_InitPins
 .text.SystemInit
                0x0000000000002b78       0x18 ./CMSIS/system_MKL25Z4.o
                0x0000000000002b78                SystemInit
 .text._initio  0x0000000000002b90       0x7c /usr/local/mcuxpressoide-10.3.1_2233/ide/plugins/com.nxp.mcuxpresso.tools.linux_10.3.0.201811011841/tools/bin/../lib/gcc/arm-none-eabi/7.3.1/../../../../arm-none-eabi/lib/thumb/v6-m/libcr_c.a(initio.o)
                0x0000000000002b90                _initio
 .text.modf     0x0000000000002c0c       0x94 /usr/local/mcuxpressoide-10.3.1_2233/ide/plugins/com.nxp.mcuxpresso.tools.linux_10.3.0.201811011841/tools/bin/../lib/gcc/arm-none-eabi/7.3.1/../../../../arm-none-eabi/lib/thumb/v6-m/libcr_c.a(modf.o)
                0x0000000000002c0c                modf
 .text.pow      0x0000000000002ca0      0x554 /usr/local/mcuxpressoide-10.3.1_2233/ide/plugins/com.nxp.mcuxpresso.tools.linux_10.3.0.201811011841/tools/bin/../lib/gcc/arm-none-eabi/7.3.1/../../../../arm-none-eabi/lib/thumb/v6-m/libcr_c.a(pow.o)
                0x0000000000002ca0                pow
 .text.ch_val   0x00000000000031f4       0x30 /usr/local/mcuxpressoide-10.3.1_2233/ide/plugins/com.nxp.mcuxpresso.tools.linux_10.3.0.201811011841/tools/bin/../lib/gcc/arm-none-eabi/7.3.1/../../../../arm-none-eabi/lib/thumb/v6-m/libcr_c.a(scanf.o)
 .text._strtoul
                0x0000000000003224       0xcc /usr/local/mcuxpressoide-10.3.1_2233/ide/plugins/com.nxp.mcuxpresso.tools.linux_10.3.0.201811011841/tools/bin/../lib/gcc/arm-none-eabi/7.3.1/../../../../arm-none-eabi/lib/thumb/v6-m/libcr_c.a(scanf.o)
 .text.cr_rd_int
                0x00000000000032f0      0x1c4 /usr/local/mcuxpressoide-10.3.1_2233/ide/plugins/com.nxp.mcuxpresso.tools.linux_10.3.0.201811011841/tools/bin/../lib/gcc/arm-none-eabi/7.3.1/../../../../arm-none-eabi/lib/thumb/v6-m/libcr_c.a(scanf.o)
 .text.vfscanf  0x00000000000034b4      0x940 /usr/local/mcuxpressoide-10.3.1_2233/ide/plugins/com.nxp.mcuxpresso.tools.linux_10.3.0.201811011841/tools/bin/../lib/gcc/arm-none-eabi/7.3.1/../../../../arm-none-eabi/lib/thumb/v6-m/libcr_c.a(scanf.o)
                0x00000000000034b4                vfscanf
 .text.strtod   0x0000000000003df4       0x38 /usr/local/mcuxpressoide-10.3.1_2233/ide/plugins/com.nxp.mcuxpresso.tools.linux_10.3.0.201811011841/tools/bin/../lib/gcc/arm-none-eabi/7.3.1/../../../../arm-none-eabi/lib/thumb/v6-m/libcr_c.a(scanf.o)
                0x0000000000003df4                strtod
 .text.strtol   0x0000000000003e2c       0x84 /usr/local/mcuxpressoide-10.3.1_2233/ide/plugins/com.nxp.mcuxpresso.tools.linux_10.3.0.201811011841/tools/bin/../lib/gcc/arm-none-eabi/7.3.1/../../../../arm-none-eabi/lib/thumb/v6-m/libcr_c.a(scanf.o)
                0x0000000000003e2c                strtol
 .text.atof     0x0000000000003eb0       0x14 /usr/local/mcuxpressoide-10.3.1_2233/ide/plugins/com.nxp.mcuxpresso.tools.linux_10.3.0.201811011841/tools/bin/../lib/gcc/arm-none-eabi/7.3.1/../../../../arm-none-eabi/lib/thumb/v6-m/libcr_c.a(scanf.o)
                0x0000000000003eb0                atof
 .text.atoi     0x0000000000003ec4       0x18 /usr/local/mcuxpressoide-10.3.1_2233/ide/plugins/com.nxp.mcuxpresso.tools.linux_10.3.0.201811011841/tools/bin/../lib/gcc/arm-none-eabi/7.3.1/../../../../arm-none-eabi/lib/thumb/v6-m/libcr_c.a(scanf.o)
                0x0000000000003ec4                atoi
 .text.setvbuf  0x0000000000003edc       0x48 /usr/local/mcuxpressoide-10.3.1_2233/ide/plugins/com.nxp.mcuxpresso.tools.linux_10.3.0.201811011841/tools/bin/../lib/gcc/arm-none-eabi/7.3.1/../../../../arm-none-eabi/lib/thumb/v6-m/libcr_c.a(setvbuf.o)
                0x0000000000003edc                setvbuf
 .text.strcmp   0x0000000000003f24       0x44 /usr/local/mcuxpressoide-10.3.1_2233/ide/plugins/com.nxp.mcuxpresso.tools.linux_10.3.0.201811011841/tools/bin/../lib/gcc/arm-none-eabi/7.3.1/../../../../arm-none-eabi/lib/thumb/v6-m/libcr_c.a(strcmp.o)
                0x0000000000003f24                strcmp
 .text.strlen   0x0000000000003f68       0x58 /usr/local/mcuxpressoide-10.3.1_2233/ide/plugins/com.nxp.mcuxpresso.tools.linux_10.3.0.201811011841/tools/bin/../lib/gcc/arm-none-eabi/7.3.1/../../../../arm-none-eabi/lib/thumb/v6-m/libcr_c.a(strlen.o)
                0x0000000000003f68                strlen
 .text.ungetc   0x0000000000003fc0       0x38 /usr/local/mcuxpressoide-10.3.1_2233/ide/plugins/com.nxp.mcuxpresso.tools.linux_10.3.0.201811011841/tools/bin/../lib/gcc/arm-none-eabi/7.3.1/../../../../arm-none-eabi/lib/thumb/v6-m/libcr_c.a(ungetc.o)
                0x0000000000003fc0                ungetc
 .text.__filbuf
                0x0000000000003ff8      0x188 /usr/local/mcuxpressoide-10.3.1_2233/ide/plugins/com.nxp.mcuxpresso.tools.linux_10.3.0.201811011841/tools/bin/../lib/gcc/arm-none-eabi/7.3.1/../../../../arm-none-eabi/lib/thumb/v6-m/libcr_c.a(__fillbuf.o)
                0x0000000000003ff8                __filbuf
 .text._deferredlazyseek
                0x0000000000004180       0x40 /usr/local/mcuxpressoide-10.3.1_2233/ide/plugins/com.nxp.mcuxpresso.tools.linux_10.3.0.201811011841/tools/bin/../lib/gcc/arm-none-eabi/7.3.1/../../../../arm-none-eabi/lib/thumb/v6-m/libcr_c.a(_deferredlazyseek.o)
                0x0000000000004180                _deferredlazyseek
 .text._fdopen  0x00000000000041c0       0x74 /usr/local/mcuxpressoide-10.3.1_2233/ide/plugins/com.nxp.mcuxpresso.tools.linux_10.3.0.201811011841/tools/bin/../lib/gcc/arm-none-eabi/7.3.1/../../../../arm-none-eabi/lib/thumb/v6-m/libcr_c.a(_fdopen.o)
                0x00000000000041c0                _fdopen
 .text._fflush  0x0000000000004234       0x5c /usr/local/mcuxpressoide-10.3.1_2233/ide/plugins/com.nxp.mcuxpresso.tools.linux_10.3.0.201811011841/tools/bin/../lib/gcc/arm-none-eabi/7.3.1/../../../../arm-none-eabi/lib/thumb/v6-m/libcr_c.a(_fflush.o)
                0x0000000000004234                _fflush
 .text._frexpl  0x0000000000004290       0x80 /usr/local/mcuxpressoide-10.3.1_2233/ide/plugins/com.nxp.mcuxpresso.tools.linux_10.3.0.201811011841/tools/bin/../lib/gcc/arm-none-eabi/7.3.1/../../../../arm-none-eabi/lib/thumb/v6-m/libcr_c.a(_frexpl.o)
                0x0000000000004290                _frexpl
 .text._ldexpl  0x0000000000004310       0x58 /usr/local/mcuxpressoide-10.3.1_2233/ide/plugins/com.nxp.mcuxpresso.tools.linux_10.3.0.201811011841/tools/bin/../lib/gcc/arm-none-eabi/7.3.1/../../../../arm-none-eabi/lib/thumb/v6-m/libcr_c.a(_ldexpl.o)
                0x0000000000004310                _ldexpl
 .text._Cwritebuf
                0x0000000000004368       0x68 /usr/local/mcuxpressoide-10.3.1_2233/ide/plugins/com.nxp.mcuxpresso.tools.linux_10.3.0.201811011841/tools/bin/../lib/gcc/arm-none-eabi/7.3.1/../../../../arm-none-eabi/lib/thumb/v6-m/libcr_c.a(_writebuf.o)
                0x0000000000004368                _Cwritebuf
 .text.malloc   0x00000000000043d0       0xcc /usr/local/mcuxpressoide-10.3.1_2233/ide/plugins/com.nxp.mcuxpresso.tools.linux_10.3.0.201811011841/tools/bin/../lib/gcc/arm-none-eabi/7.3.1/../../../../arm-none-eabi/lib/thumb/v6-m/libcr_c.a(alloc.o)
                0x00000000000043d0                malloc
 .text._Csys_alloc
                0x000000000000449c       0x20 /usr/local/mcuxpressoide-10.3.1_2233/ide/plugins/com.nxp.mcuxpresso.tools.linux_10.3.0.201811011841/tools/bin/../lib/gcc/arm-none-eabi/7.3.1/../../../../arm-none-eabi/lib/thumb/v6-m/libcr_c.a(alloc.o)
                0x000000000000449c                _Csys_alloc
 .text.fclose   0x00000000000044bc       0x5c /usr/local/mcuxpressoide-10.3.1_2233/ide/plugins/com.nxp.mcuxpresso.tools.linux_10.3.0.201811011841/tools/bin/../lib/gcc/arm-none-eabi/7.3.1/../../../../arm-none-eabi/lib/thumb/v6-m/libcr_c.a(fclose.o)
                0x00000000000044bc                fclose
 .text.fflush   0x0000000000004518       0x44 /usr/local/mcuxpressoide-10.3.1_2233/ide/plugins/com.nxp.mcuxpresso.tools.linux_10.3.0.201811011841/tools/bin/../lib/gcc/arm-none-eabi/7.3.1/../../../../arm-none-eabi/lib/thumb/v6-m/libcr_c.a(fflush.o)
                0x0000000000004518                fflush
 .text.frexp    0x000000000000455c       0x80 /usr/local/mcuxpressoide-10.3.1_2233/ide/plugins/com.nxp.mcuxpresso.tools.linux_10.3.0.201811011841/tools/bin/../lib/gcc/arm-none-eabi/7.3.1/../../../../arm-none-eabi/lib/thumb/v6-m/libcr_c.a(frexp.o)
                0x000000000000455c                frexp
 .text.fseek    0x00000000000045dc       0xf0 /usr/local/mcuxpressoide-10.3.1_2233/ide/plugins/com.nxp.mcuxpresso.tools.linux_10.3.0.201811011841/tools/bin/../lib/gcc/arm-none-eabi/7.3.1/../../../../arm-none-eabi/lib/thumb/v6-m/libcr_c.a(fseek.o)
                0x00000000000045dc                fseek
 .text.ftell    0x00000000000046cc       0x48 /usr/local/mcuxpressoide-10.3.1_2233/ide/plugins/com.nxp.mcuxpresso.tools.linux_10.3.0.201811011841/tools/bin/../lib/gcc/arm-none-eabi/7.3.1/../../../../arm-none-eabi/lib/thumb/v6-m/libcr_c.a(ftell.o)
                0x00000000000046cc                ftell
 .text.ldexp    0x0000000000004714       0x58 /usr/local/mcuxpressoide-10.3.1_2233/ide/plugins/com.nxp.mcuxpresso.tools.linux_10.3.0.201811011841/tools/bin/../lib/gcc/arm-none-eabi/7.3.1/../../../../arm-none-eabi/lib/thumb/v6-m/libcr_c.a(ldexp.o)
                0x0000000000004714                ldexp
 .text._sbrk    0x000000000000476c       0x40 /usr/local/mcuxpressoide-10.3.1_2233/ide/plugins/com.nxp.mcuxpresso.tools.linux_10.3.0.201811011841/tools/bin/../lib/gcc/arm-none-eabi/7.3.1/../../../../arm-none-eabi/lib/thumb/v6-m/libcr_c.a(_cr_sbrk.o)
                0x000000000000476c                _sbrk
 .text._do_fflush
                0x00000000000047ac       0x44 /usr/local/mcuxpressoide-10.3.1_2233/ide/plugins/com.nxp.mcuxpresso.tools.linux_10.3.0.201811011841/tools/bin/../lib/gcc/arm-none-eabi/7.3.1/../../../../arm-none-eabi/lib/thumb/v6-m/libcr_c.a(_do_fflush.o)
                0x00000000000047ac                _do_fflush
 .text.__check_heap_overflow
                0x00000000000047f0       0x14 /usr/local/mcuxpressoide-10.3.1_2233/ide/plugins/com.nxp.mcuxpresso.tools.linux_10.3.0.201811011841/tools/bin/../lib/gcc/arm-none-eabi/7.3.1/../../../../arm-none-eabi/lib/thumb/v6-m/libcr_c.a(_cr_check_heap.o)
                0x00000000000047f0                __check_heap_overflow
 .text.__aeabi_dmul
                0x0000000000004804      0x184 /usr/local/mcuxpressoide-10.3.1_2233/ide/plugins/com.nxp.mcuxpresso.tools.linux_10.3.0.201811011841/tools/bin/../lib/gcc/arm-none-eabi/7.3.1/thumb/v6-m/libcr_eabihelpers.a(double.o)
                0x0000000000004804                __aeabi_dmul
 .text.__aeabi_ddiv
                0x0000000000004988      0x148 /usr/local/mcuxpressoide-10.3.1_2233/ide/plugins/com.nxp.mcuxpresso.tools.linux_10.3.0.201811011841/tools/bin/../lib/gcc/arm-none-eabi/7.3.1/thumb/v6-m/libcr_eabihelpers.a(double.o)
                0x0000000000004988                __aeabi_ddiv
 .text.__aeabi_dsub
                0x0000000000004ad0      0x1bc /usr/local/mcuxpressoide-10.3.1_2233/ide/plugins/com.nxp.mcuxpresso.tools.linux_10.3.0.201811011841/tools/bin/../lib/gcc/arm-none-eabi/7.3.1/thumb/v6-m/libcr_eabihelpers.a(double.o)
                0x0000000000004ad0                __aeabi_dsub
 .text.__aeabi_dadd
                0x0000000000004c8c      0x128 /usr/local/mcuxpressoide-10.3.1_2233/ide/plugins/com.nxp.mcuxpresso.tools.linux_10.3.0.201811011841/tools/bin/../lib/gcc/arm-none-eabi/7.3.1/thumb/v6-m/libcr_eabihelpers.a(double.o)
                0x0000000000004c8c                __aeabi_dadd
 .text.__aeabi_d2f
                0x0000000000004db4       0x60 /usr/local/mcuxpressoide-10.3.1_2233/ide/plugins/com.nxp.mcuxpresso.tools.linux_10.3.0.201811011841/tools/bin/../lib/gcc/arm-none-eabi/7.3.1/thumb/v6-m/libcr_eabihelpers.a(double.o)
                0x0000000000004db4                __aeabi_d2f
 .text.__aeabi_d2iz
                0x0000000000004e14       0x44 /usr/local/mcuxpressoide-10.3.1_2233/ide/plugins/com.nxp.mcuxpresso.tools.linux_10.3.0.201811011841/tools/bin/../lib/gcc/arm-none-eabi/7.3.1/thumb/v6-m/libcr_eabihelpers.a(double.o)
                0x0000000000004e14                __aeabi_d2iz
 .text.__aeabi_d2lz
                0x0000000000004e58       0x7c /usr/local/mcuxpressoide-10.3.1_2233/ide/plugins/com.nxp.mcuxpresso.tools.linux_10.3.0.201811011841/tools/bin/../lib/gcc/arm-none-eabi/7.3.1/thumb/v6-m/libcr_eabihelpers.a(double.o)
                0x0000000000004e58                __aeabi_d2lz
 .text.__bhs_ul2d
                0x0000000000004ed4       0xb4 /usr/local/mcuxpressoide-10.3.1_2233/ide/plugins/com.nxp.mcuxpresso.tools.linux_10.3.0.201811011841/tools/bin/../lib/gcc/arm-none-eabi/7.3.1/thumb/v6-m/libcr_eabihelpers.a(double.o)
                0x0000000000004ed4                __bhs_ul2d
 .text.__aeabi_dcmpeq
                0x0000000000004f88       0x30 /usr/local/mcuxpressoide-10.3.1_2233/ide/plugins/com.nxp.mcuxpresso.tools.linux_10.3.0.201811011841/tools/bin/../lib/gcc/arm-none-eabi/7.3.1/thumb/v6-m/libcr_eabihelpers.a(double.o)
                0x0000000000004f88                __aeabi_dcmpeq
 .text.__aeabi_dcmplt
                0x0000000000004fb8       0x5c /usr/local/mcuxpressoide-10.3.1_2233/ide/plugins/com.nxp.mcuxpresso.tools.linux_10.3.0.201811011841/tools/bin/../lib/gcc/arm-none-eabi/7.3.1/thumb/v6-m/libcr_eabihelpers.a(double.o)
                0x0000000000004fb8                __aeabi_dcmplt
 .text.__aeabi_dcmpgt
                0x0000000000005014       0x5c /usr/local/mcuxpressoide-10.3.1_2233/ide/plugins/com.nxp.mcuxpresso.tools.linux_10.3.0.201811011841/tools/bin/../lib/gcc/arm-none-eabi/7.3.1/thumb/v6-m/libcr_eabihelpers.a(double.o)
                0x0000000000005014                __aeabi_dcmpgt
 .text.__aeabi_dcmple
                0x0000000000005070       0x5c /usr/local/mcuxpressoide-10.3.1_2233/ide/plugins/com.nxp.mcuxpresso.tools.linux_10.3.0.201811011841/tools/bin/../lib/gcc/arm-none-eabi/7.3.1/thumb/v6-m/libcr_eabihelpers.a(double.o)
                0x0000000000005070                __aeabi_dcmple
 .text.__aeabi_dcmpge
                0x00000000000050cc       0x60 /usr/local/mcuxpressoide-10.3.1_2233/ide/plugins/com.nxp.mcuxpresso.tools.linux_10.3.0.201811011841/tools/bin/../lib/gcc/arm-none-eabi/7.3.1/thumb/v6-m/libcr_eabihelpers.a(double.o)
                0x00000000000050cc                __aeabi_dcmpge
 .text.__aeabi_f2d
                0x000000000000512c       0x3c /usr/local/mcuxpressoide-10.3.1_2233/ide/plugins/com.nxp.mcuxpresso.tools.linux_10.3.0.201811011841/tools/bin/../lib/gcc/arm-none-eabi/7.3.1/thumb/v6-m/libcr_eabihelpers.a(float.o)
                0x000000000000512c                __aeabi_f2d
 .text.UART_EnableTx
                0x0000000000005168       0x40 ./utilities/fsl_debug_console.o
 .text.UART_EnableRx
                0x00000000000051a8       0x40 ./utilities/fsl_debug_console.o
 .text.LPSCI_EnableTx
                0x00000000000051e8       0x40 ./utilities/fsl_debug_console.o
 .text.LPSCI_EnableRx
                0x0000000000005228       0x40 ./utilities/fsl_debug_console.o
 .text.DbgConsole_PrintfPaddingCharacter
                0x0000000000005268       0x46 ./utilities/fsl_debug_console.o
 .text.DbgConsole_ConvertRadixNumToString
                0x00000000000052ae      0x114 ./utilities/fsl_debug_console.o
 .text.DbgConsole_PrintfFormattedData
                0x00000000000053c2      0x36a ./utilities/fsl_debug_console.o
 .text.StrCopy  0x000000000000572c       0x42 ./utilities/fsl_shell.o
 .text.StrLen   0x000000000000576e       0x2c ./utilities/fsl_shell.o
 .text.StrCompare
                0x000000000000579a       0x48 ./utilities/fsl_shell.o
 .text.GetChar  0x00000000000057e2       0x22 ./utilities/fsl_shell.o
 .text.GPIO_WritePinOutput
                0x0000000000005804       0x34 ./source/main.o
 .text.GPIO_SetPinsOutput
                0x0000000000005838       0x18 ./source/main.o
 .text.GPIO_ClearPinsOutput
                0x0000000000005850       0x18 ./source/main.o
 .text.SHELL_SendDataCallback
                0x0000000000005868       0x2c ./source/main.o
                0x0000000000005868                SHELL_SendDataCallback
 .text.SHELL_ReceiveDataCallback
                0x0000000000005894       0x2e ./source/main.o
                0x0000000000005894                SHELL_ReceiveDataCallback
 .text.vListInsertEnd
                0x00000000000058c2       0x44 ./freertos/list.o
                0x00000000000058c2                vListInsertEnd
 .text.uxListRemove
                0x0000000000005906       0x50 ./freertos/list.o
                0x0000000000005906                uxListRemove
 .text.SVC_Handler
                0x0000000000005956        0xa ./freertos/port.o
                0x0000000000005956                SVC_Handler
 .text.ulSetInterruptMaskFromISR
                0x0000000000005960        0xc ./freertos/port.o
                0x0000000000005960                ulSetInterruptMaskFromISR
 .text.vClearInterruptMaskFromISR
                0x000000000000596c        0x8 ./freertos/port.o
                0x000000000000596c                vClearInterruptMaskFromISR
 .text.OSC_SetExtRefClkConfig
                0x0000000000005974       0x3e ./drivers/fsl_clock.o
 .text.OSC_SetCapLoad
                0x00000000000059b2       0x42 ./drivers/fsl_clock.o
 .text.CLOCK_GetPll0RefFreq
                0x00000000000059f4       0x10 ./drivers/fsl_clock.o
 .text.CLOCK_SetExternalRefClkConfig
                0x0000000000005a04       0x16 ./drivers/fsl_clock.o
                0x0000000000005a04                CLOCK_SetExternalRefClkConfig
 .text.LPSCI_GetStatusFlags
                0x0000000000005a1a       0x26 ./drivers/fsl_lpsci.o
                0x0000000000005a1a                LPSCI_GetStatusFlags
 .text.UART_GetStatusFlags
                0x0000000000005a40       0x26 ./drivers/fsl_uart.o
                0x0000000000005a40                UART_GetStatusFlags
 .text.UART_WriteBlocking
                0x0000000000005a66       0x3a ./drivers/fsl_uart.o
                0x0000000000005a66                UART_WriteBlocking
 .text.__main   0x0000000000005aa0        0xc /usr/local/mcuxpressoide-10.3.1_2233/ide/plugins/com.nxp.mcuxpresso.tools.linux_10.3.0.201811011841/tools/bin/../lib/gcc/arm-none-eabi/7.3.1/../../../../arm-none-eabi/lib/thumb/v6-m/libcr_nohost_nf.a(_cr__main.o)
                0x0000000000005aa0                __main
 .text.memmove  0x0000000000005aac        0x8 /usr/local/mcuxpressoide-10.3.1_2233/ide/plugins/com.nxp.mcuxpresso.tools.linux_10.3.0.201811011841/tools/bin/../lib/gcc/arm-none-eabi/7.3.1/../../../../arm-none-eabi/lib/thumb/v6-m/libcr_c.a(memmove.o)
                0x0000000000005aac                memmove
 .text.memset   0x0000000000005ab4        0x8 /usr/local/mcuxpressoide-10.3.1_2233/ide/plugins/com.nxp.mcuxpresso.tools.linux_10.3.0.201811011841/tools/bin/../lib/gcc/arm-none-eabi/7.3.1/../../../../arm-none-eabi/lib/thumb/v6-m/libcr_c.a(memset.o)
                0x0000000000005ab4                memset
 .text.sscanf   0x0000000000005abc       0x3c /usr/local/mcuxpressoide-10.3.1_2233/ide/plugins/com.nxp.mcuxpresso.tools.linux_10.3.0.201811011841/tools/bin/../lib/gcc/arm-none-eabi/7.3.1/../../../../arm-none-eabi/lib/thumb/v6-m/libcr_c.a(scanf.o)
                0x0000000000005abc                sscanf
 .text._Csys_read_
                0x0000000000005af8       0x24 /usr/local/mcuxpressoide-10.3.1_2233/ide/plugins/com.nxp.mcuxpresso.tools.linux_10.3.0.201811011841/tools/bin/../lib/gcc/arm-none-eabi/7.3.1/../../../../arm-none-eabi/lib/thumb/v6-m/libcr_c.a(__fillbuf.o)
                0x0000000000005af8                _Csys_read_
 .text.free     0x0000000000005b1c       0x2c /usr/local/mcuxpressoide-10.3.1_2233/ide/plugins/com.nxp.mcuxpresso.tools.linux_10.3.0.201811011841/tools/bin/../lib/gcc/arm-none-eabi/7.3.1/../../../../arm-none-eabi/lib/thumb/v6-m/libcr_c.a(alloc.o)
                0x0000000000005b1c                free
 .text.remove   0x0000000000005b48       0x12 /usr/local/mcuxpressoide-10.3.1_2233/ide/plugins/com.nxp.mcuxpresso.tools.linux_10.3.0.201811011841/tools/bin/../lib/gcc/arm-none-eabi/7.3.1/../../../../arm-none-eabi/lib/thumb/v6-m/libcr_c.a(remove.o)
                0x0000000000005b48                remove
 .text.__aeabi_division_idivmod
                0x0000000000005b5a       0x78 /usr/local/mcuxpressoide-10.3.1_2233/ide/plugins/com.nxp.mcuxpresso.tools.linux_10.3.0.201811011841/tools/bin/../lib/gcc/arm-none-eabi/7.3.1/thumb/v6-m/libcr_eabihelpers.a(division_32.o)
                0x0000000000005b5a                __aeabi_idiv
                0x0000000000005b5a                __aeabi_idivmod
                0x0000000000005b60                __aeabi_uidiv
                0x0000000000005b60                __aeabi_uidivmod
 .text.__aeabi_division_idiv0
                0x0000000000005bd2        0x2 /usr/local/mcuxpressoide-10.3.1_2233/ide/plugins/com.nxp.mcuxpresso.tools.linux_10.3.0.201811011841/tools/bin/../lib/gcc/arm-none-eabi/7.3.1/thumb/v6-m/libcr_eabihelpers.a(division_idiv0.o)
                0x0000000000005bd2                __aeabi_idiv0
 .text.__bhs_ui2d
                0x0000000000005bd4       0x5e /usr/local/mcuxpressoide-10.3.1_2233/ide/plugins/com.nxp.mcuxpresso.tools.linux_10.3.0.201811011841/tools/bin/../lib/gcc/arm-none-eabi/7.3.1/thumb/v6-m/libcr_eabihelpers.a(double.o)
                0x0000000000005bd4                __bhs_ui2d
 .text.__aeabi_i2d
                0x0000000000005c32       0x18 /usr/local/mcuxpressoide-10.3.1_2233/ide/plugins/com.nxp.mcuxpresso.tools.linux_10.3.0.201811011841/tools/bin/../lib/gcc/arm-none-eabi/7.3.1/thumb/v6-m/libcr_eabihelpers.a(double.o)
                0x0000000000005c32                __aeabi_i2d
 .text.__aeabi_ui2d
                0x0000000000005c4a        0xc /usr/local/mcuxpressoide-10.3.1_2233/ide/plugins/com.nxp.mcuxpresso.tools.linux_10.3.0.201811011841/tools/bin/../lib/gcc/arm-none-eabi/7.3.1/thumb/v6-m/libcr_eabihelpers.a(double.o)
                0x0000000000005c4a                __aeabi_ui2d
 .text.__aeabi_l2d
                0x0000000000005c56       0x22 /usr/local/mcuxpressoide-10.3.1_2233/ide/plugins/com.nxp.mcuxpresso.tools.linux_10.3.0.201811011841/tools/bin/../lib/gcc/arm-none-eabi/7.3.1/thumb/v6-m/libcr_eabihelpers.a(double.o)
                0x0000000000005c56                __aeabi_l2d
 .text.__aeabi_llong_lmul
                0x0000000000005c78       0x2e /usr/local/mcuxpressoide-10.3.1_2233/ide/plugins/com.nxp.mcuxpresso.tools.linux_10.3.0.201811011841/tools/bin/../lib/gcc/arm-none-eabi/7.3.1/thumb/v6-m/libcr_eabihelpers.a(llong.o)
                0x0000000000005c78                __aeabi_lmul
 .text.__aeabi_memcpy
                0x0000000000005ca6       0x2c /usr/local/mcuxpressoide-10.3.1_2233/ide/plugins/com.nxp.mcuxpresso.tools.linux_10.3.0.201811011841/tools/bin/../lib/gcc/arm-none-eabi/7.3.1/thumb/v6-m/libcr_eabihelpers.a(memcpy.o)
                0x0000000000005ca6                __aeabi_memcpy
                0x0000000000005ca6                __aeabi_memcpy4
                0x0000000000005ca6                __aeabi_memcpy8
 .text.__aeabi_memmove
                0x0000000000005cd2       0x1c /usr/local/mcuxpressoide-10.3.1_2233/ide/plugins/com.nxp.mcuxpresso.tools.linux_10.3.0.201811011841/tools/bin/../lib/gcc/arm-none-eabi/7.3.1/thumb/v6-m/libcr_eabihelpers.a(memcpy.o)
                0x0000000000005cd2                __aeabi_memmove8
                0x0000000000005cd2                __aeabi_memmove
                0x0000000000005cd2                __aeabi_memmove4
 .text.__aeabi_memset_lowlevel
                0x0000000000005cee       0x2a /usr/local/mcuxpressoide-10.3.1_2233/ide/plugins/com.nxp.mcuxpresso.tools.linux_10.3.0.201811011841/tools/bin/../lib/gcc/arm-none-eabi/7.3.1/thumb/v6-m/libcr_eabihelpers.a(memcpy.o)
                0x0000000000005cee                __aeabi_lowlevel_memset
 .text.__sys_appexit
                0x0000000000005d18        0x2 /usr/local/mcuxpressoide-10.3.1_2233/ide/plugins/com.nxp.mcuxpresso.tools.linux_10.3.0.201811011841/tools/bin/../lib/gcc/arm-none-eabi/7.3.1/../../../../arm-none-eabi/lib/thumb/v6-m/libcr_nohost_nf.a(__sys_appexit.o)
                0x0000000000005d18                __exit
                0x0000000000005d18                __sys_appexit
 .text.__sys_close
                0x0000000000005d1a        0x6 /usr/local/mcuxpressoide-10.3.1_2233/ide/plugins/com.nxp.mcuxpresso.tools.linux_10.3.0.201811011841/tools/bin/../lib/gcc/arm-none-eabi/7.3.1/../../../../arm-none-eabi/lib/thumb/v6-m/libcr_nohost_nf.a(__sys_close.o)
                0x0000000000005d1a                __sys_close
 .text.__sys_flen
                0x0000000000005d20        0x6 /usr/local/mcuxpressoide-10.3.1_2233/ide/plugins/com.nxp.mcuxpresso.tools.linux_10.3.0.201811011841/tools/bin/../lib/gcc/arm-none-eabi/7.3.1/../../../../arm-none-eabi/lib/thumb/v6-m/libcr_nohost_nf.a(__sys_flen.o)
                0x0000000000005d20                __sys_flen
 .text.__sys_istty
                0x0000000000005d26        0x6 /usr/local/mcuxpressoide-10.3.1_2233/ide/plugins/com.nxp.mcuxpresso.tools.linux_10.3.0.201811011841/tools/bin/../lib/gcc/arm-none-eabi/7.3.1/../../../../arm-none-eabi/lib/thumb/v6-m/libcr_nohost_nf.a(__sys_istty.o)
                0x0000000000005d26                __sys_istty
 .text.__sys_read
                0x0000000000005d2c        0x4 /usr/local/mcuxpressoide-10.3.1_2233/ide/plugins/com.nxp.mcuxpresso.tools.linux_10.3.0.201811011841/tools/bin/../lib/gcc/arm-none-eabi/7.3.1/../../../../arm-none-eabi/lib/thumb/v6-m/libcr_nohost_nf.a(__sys_read.o)
                0x0000000000005d2c                __sys_read
 .text.__sys_readc
                0x0000000000005d30        0x6 /usr/local/mcuxpressoide-10.3.1_2233/ide/plugins/com.nxp.mcuxpresso.tools.linux_10.3.0.201811011841/tools/bin/../lib/gcc/arm-none-eabi/7.3.1/../../../../arm-none-eabi/lib/thumb/v6-m/libcr_nohost_nf.a(__sys_readc.o)
                0x0000000000005d30                __readc
                0x0000000000005d30                __sys_readc
 .text.__sys_remove
                0x0000000000005d36        0x6 /usr/local/mcuxpressoide-10.3.1_2233/ide/plugins/com.nxp.mcuxpresso.tools.linux_10.3.0.201811011841/tools/bin/../lib/gcc/arm-none-eabi/7.3.1/../../../../arm-none-eabi/lib/thumb/v6-m/libcr_nohost_nf.a(__sys_remove.o)
                0x0000000000005d36                __sys_remove
 .text.__sys_seek
                0x0000000000005d3c        0x6 /usr/local/mcuxpressoide-10.3.1_2233/ide/plugins/com.nxp.mcuxpresso.tools.linux_10.3.0.201811011841/tools/bin/../lib/gcc/arm-none-eabi/7.3.1/../../../../arm-none-eabi/lib/thumb/v6-m/libcr_nohost_nf.a(__sys_seek.o)
                0x0000000000005d3c                __sys_seek
 .text.__sys_tmpnam
                0x0000000000005d42        0x6 /usr/local/mcuxpressoide-10.3.1_2233/ide/plugins/com.nxp.mcuxpresso.tools.linux_10.3.0.201811011841/tools/bin/../lib/gcc/arm-none-eabi/7.3.1/../../../../arm-none-eabi/lib/thumb/v6-m/libcr_nohost_nf.a(__sys_tmpnam.o)
                0x0000000000005d42                __sys_tmpnam
 .text.__sys_write
                0x0000000000005d48        0x4 /usr/local/mcuxpressoide-10.3.1_2233/ide/plugins/com.nxp.mcuxpresso.tools.linux_10.3.0.201811011841/tools/bin/../lib/gcc/arm-none-eabi/7.3.1/../../../../arm-none-eabi/lib/thumb/v6-m/libcr_nohost_nf.a(__sys_write.o)
                0x0000000000005d48                __sys_write
 *(SORT_BY_ALIGNMENT(.rodata) SORT_BY_ALIGNMENT(.rodata.*) SORT_BY_ALIGNMENT(.constdata) SORT_BY_ALIGNMENT(.constdata.*))
 *fill*         0x0000000000005d4c        0x4 ff
 .rodata.a1.3930
                0x0000000000005d50       0x88 /usr/local/mcuxpressoide-10.3.1_2233/ide/plugins/com.nxp.mcuxpresso.tools.linux_10.3.0.201811011841/tools/bin/../lib/gcc/arm-none-eabi/7.3.1/../../../../arm-none-eabi/lib/thumb/v6-m/libcr_c.a(pow.o)
 .rodata.a2.3931
                0x0000000000005dd8       0x40 /usr/local/mcuxpressoide-10.3.1_2233/ide/plugins/com.nxp.mcuxpresso.tools.linux_10.3.0.201811011841/tools/bin/../lib/gcc/arm-none-eabi/7.3.1/../../../../arm-none-eabi/lib/thumb/v6-m/libcr_c.a(pow.o)
 .rodata.__huge_val
                0x0000000000005e18        0x8 /usr/local/mcuxpressoide-10.3.1_2233/ide/plugins/com.nxp.mcuxpresso.tools.linux_10.3.0.201811011841/tools/bin/../lib/gcc/arm-none-eabi/7.3.1/../../../../arm-none-eabi/lib/thumb/v6-m/libcr_c.a(_hugeval.o)
                0x0000000000005e18                __huge_val
 .rodata.__huge_vall
                0x0000000000005e20        0x8 /usr/local/mcuxpressoide-10.3.1_2233/ide/plugins/com.nxp.mcuxpresso.tools.linux_10.3.0.201811011841/tools/bin/../lib/gcc/arm-none-eabi/7.3.1/../../../../arm-none-eabi/lib/thumb/v6-m/libcr_c.a(_hugeval.o)
                0x0000000000005e20                __huge_vall
 .rodata        0x0000000000005e28      0x261 ./utilities/fsl_shell.o
 *fill*         0x0000000000006089        0x3 ff
 .rodata.xHelpCommand
                0x000000000000608c       0x10 ./utilities/fsl_shell.o
 .rodata.xExitCommand
                0x000000000000609c       0x10 ./utilities/fsl_shell.o
 .rodata        0x00000000000060ac      0x199 ./source/main.o
 *fill*         0x0000000000006245        0x3 ff
 .rodata.xLedCommand
                0x0000000000006248       0x10 ./source/main.o
 .rodata.xPidCommand
                0x0000000000006258       0x10 ./source/main.o
 .rodata        0x0000000000006268      0x11d ./drivers/fsl_clock.o
 *fill*         0x0000000000006385        0x3 ff
 .rodata.fllFactorTable.5188
                0x0000000000006388       0x10 ./drivers/fsl_clock.o
 .rodata        0x0000000000006398        0x4 ./drivers/fsl_common.o
 .rodata        0x000000000000639c      0x48c ./drivers/fsl_lpsci.o
 .rodata.s_uartBases
                0x0000000000006828        0xc ./drivers/fsl_uart.o
 .rodata.s_uartClock
                0x0000000000006834        0xc ./drivers/fsl_uart.o
 .rodata        0x0000000000006840      0x45b ./drivers/fsl_uart.o
 *fill*         0x0000000000006c9b        0x1 ff
 .rodata.mcgConfig_BOARD_BootClockRUN
                0x0000000000006c9c        0xa ./board/clock_config.o
                0x0000000000006c9c                mcgConfig_BOARD_BootClockRUN
 *fill*         0x0000000000006ca6        0x2 ff
 .rodata.simConfig_BOARD_BootClockRUN
                0x0000000000006ca8        0x8 ./board/clock_config.o
                0x0000000000006ca8                simConfig_BOARD_BootClockRUN
 .rodata.oscConfig_BOARD_BootClockRUN
                0x0000000000006cb0        0x8 ./board/clock_config.o
                0x0000000000006cb0                oscConfig_BOARD_BootClockRUN
 .rodata.__num_Ciob_streams
                0x0000000000006cb8        0x4 /usr/local/mcuxpressoide-10.3.1_2233/ide/plugins/com.nxp.mcuxpresso.tools.linux_10.3.0.201811011841/tools/bin/../lib/gcc/arm-none-eabi/7.3.1/../../../../arm-none-eabi/lib/thumb/v6-m/libcr_nohost_nf.a(__ciob.o)
                0x0000000000006cb8                __num_Ciob_streams
 .rodata._initio.str1.1
                0x0000000000006cbc        0x4 /usr/local/mcuxpressoide-10.3.1_2233/ide/plugins/com.nxp.mcuxpresso.tools.linux_10.3.0.201811011841/tools/bin/../lib/gcc/arm-none-eabi/7.3.1/../../../../arm-none-eabi/lib/thumb/v6-m/libcr_c.a(initio.o)
 .rodata.strtod.str1.1
                0x0000000000006cc0        0x6 /usr/local/mcuxpressoide-10.3.1_2233/ide/plugins/com.nxp.mcuxpresso.tools.linux_10.3.0.201811011841/tools/bin/../lib/gcc/arm-none-eabi/7.3.1/../../../../arm-none-eabi/lib/thumb/v6-m/libcr_c.a(scanf.o)
 .rodata._Csys_alloc.str1.1
                0x0000000000006cc6       0x18 /usr/local/mcuxpressoide-10.3.1_2233/ide/plugins/com.nxp.mcuxpresso.tools.linux_10.3.0.201811011841/tools/bin/../lib/gcc/arm-none-eabi/7.3.1/../../../../arm-none-eabi/lib/thumb/v6-m/libcr_c.a(alloc.o)
 .rodata.__ctype
                0x0000000000006cde      0x180 /usr/local/mcuxpressoide-10.3.1_2233/ide/plugins/com.nxp.mcuxpresso.tools.linux_10.3.0.201811011841/tools/bin/../lib/gcc/arm-none-eabi/7.3.1/../../../../arm-none-eabi/lib/thumb/v6-m/libcr_c.a(ctype.o)
                0x0000000000006cde                __ctype
                0x0000000000006e60                . = ALIGN (0x4)
 *fill*         0x0000000000006e5e        0x2 ff

.glue_7         0x0000000000006e60        0x0
 .glue_7        0x0000000000006e60        0x0 linker stubs

.glue_7t        0x0000000000006e60        0x0
 .glue_7t       0x0000000000006e60        0x0 linker stubs

.vfp11_veneer   0x0000000000006e60        0x0
 .vfp11_veneer  0x0000000000006e60        0x0 linker stubs

.v4_bx          0x0000000000006e60        0x0
 .v4_bx         0x0000000000006e60        0x0 linker stubs

.iplt           0x0000000000006e60        0x0
 .iplt          0x0000000000006e60        0x0 ./utilities/fsl_debug_console.o

.rel.dyn        0x0000000000006e60        0x0
 .rel.iplt      0x0000000000006e60        0x0 ./utilities/fsl_debug_console.o

.ARM.extab
 *(SORT_BY_ALIGNMENT(.ARM.extab*) SORT_BY_ALIGNMENT(.gnu.linkonce.armextab.*))
                0x0000000000006e60                __exidx_start = .

.ARM.exidx
 *(SORT_BY_ALIGNMENT(.ARM.exidx*) SORT_BY_ALIGNMENT(.gnu.linkonce.armexidx.*))
                0x0000000000006e60                __exidx_end = .
                0x0000000000006e60                _etext = .

.m_usb_data
 *(SORT_BY_ALIGNMENT(m_usb_bdt))

.mtb_buffer_default
                0x000000001ffff000       0x80
 *(SORT_BY_ALIGNMENT(.mtb*))
 .mtb.$RAM1     0x000000001ffff000       0x80 ./source/mtb.o
                0x000000001ffff000                __mtb_buffer__

.uninit_RESERVED
                0x000000001ffff080        0x0
 *(SORT_BY_ALIGNMENT(.bss.$RESERVED*))
                0x000000001ffff080                . = ALIGN (0x4)
                0x000000001ffff080                _end_uninit_RESERVED = .

.data           0x000000001ffff080       0x10 load address 0x0000000000006e60
 FILL mask 0xff
                0x000000001ffff080                _data = .
 *(SORT_BY_ALIGNMENT(vtable))
 *(SORT_BY_ALIGNMENT(.ramfunc*))
 *(SORT_BY_ALIGNMENT(.data*))
 .data.s_slowIrcFreq
                0x000000001ffff080        0x4 ./drivers/fsl_clock.o
 .data.SystemCoreClock
                0x000000001ffff084        0x4 ./CMSIS/system_MKL25Z4.o
                0x000000001ffff084                SystemCoreClock
 .data.neginf.4365
                0x000000001ffff088        0x4 /usr/local/mcuxpressoide-10.3.1_2233/ide/plugins/com.nxp.mcuxpresso.tools.linux_10.3.0.201811011841/tools/bin/../lib/gcc/arm-none-eabi/7.3.1/../../../../arm-none-eabi/lib/thumb/v6-m/libcr_c.a(scanf.o)
 .data.posinf.4364
                0x000000001ffff08c        0x4 /usr/local/mcuxpressoide-10.3.1_2233/ide/plugins/com.nxp.mcuxpresso.tools.linux_10.3.0.201811011841/tools/bin/../lib/gcc/arm-none-eabi/7.3.1/../../../../arm-none-eabi/lib/thumb/v6-m/libcr_c.a(scanf.o)
                0x000000001ffff090                . = ALIGN (0x4)
                0x000000001ffff090                _edata = .

.igot.plt       0x000000001ffff090        0x0 load address 0x0000000000006e70
 .igot.plt      0x000000001ffff090        0x0 ./utilities/fsl_debug_console.o

.bss            0x000000001ffff090      0x214 load address 0x0000000000006e70
                0x000000001ffff090                _bss = .
 *(SORT_BY_ALIGNMENT(.bss*))
 .bss.s_debugConsole
                0x000000001ffff090       0x10 ./utilities/fsl_debug_console.o
 .bss.g_RegisteredCommands
                0x000000001ffff0a0       0x54 ./utilities/fsl_shell.o
 .bss.g_paramBuffer
                0x000000001ffff0f4       0x40 ./utilities/fsl_shell.o
 .bss.tmpCommand.5190
                0x000000001ffff134        0x4 ./utilities/fsl_shell.o
 .bss.tmpCommandString.5191
                0x000000001ffff138        0x4 ./utilities/fsl_shell.o
 .bss.pxCurrentTCB
                0x000000001ffff13c        0x4 ./freertos/tasks.o
                0x000000001ffff13c                pxCurrentTCB
 .bss.pxReadyTasksLists
                0x000000001ffff140       0x64 ./freertos/tasks.o
 .bss.pxDelayedTaskList
                0x000000001ffff1a4        0x4 ./freertos/tasks.o
 .bss.pxOverflowDelayedTaskList
                0x000000001ffff1a8        0x4 ./freertos/tasks.o
 .bss.xTickCount
                0x000000001ffff1ac        0x4 ./freertos/tasks.o
 .bss.uxTopReadyPriority
                0x000000001ffff1b0        0x4 ./freertos/tasks.o
 .bss.uxPendedTicks
                0x000000001ffff1b4        0x4 ./freertos/tasks.o
 .bss.xYieldPending
                0x000000001ffff1b8        0x4 ./freertos/tasks.o
 .bss.xNumOfOverflows
                0x000000001ffff1bc        0x4 ./freertos/tasks.o
 .bss.xNextTaskUnblockTime
                0x000000001ffff1c0        0x4 ./freertos/tasks.o
 .bss.uxSchedulerSuspended
                0x000000001ffff1c4        0x4 ./freertos/tasks.o
 .bss.g_xtal0Freq
                0x000000001ffff1c8        0x4 ./drivers/fsl_clock.o
                0x000000001ffff1c8                g_xtal0Freq
 .bss.s_lpsciHandle
                0x000000001ffff1cc        0x4 ./drivers/fsl_lpsci.o
 .bss.s_lpsciIsr
                0x000000001ffff1d0        0x4 ./drivers/fsl_lpsci.o
 .bss.s_uartHandle
                0x000000001ffff1d4        0xc ./drivers/fsl_uart.o
 .bss.s_uartIsr
                0x000000001ffff1e0        0x4 ./drivers/fsl_uart.o
 .bss.errno     0x000000001ffff1e4        0x4 /usr/local/mcuxpressoide-10.3.1_2233/ide/plugins/com.nxp.mcuxpresso.tools.linux_10.3.0.201811011841/tools/bin/../lib/gcc/arm-none-eabi/7.3.1/../../../../arm-none-eabi/lib/thumb/v6-m/libcr_c.a(errno.o)
                0x000000001ffff1e4                errno
 .bss.__end_of_heap
                0x000000001ffff1e8        0x4 /usr/local/mcuxpressoide-10.3.1_2233/ide/plugins/com.nxp.mcuxpresso.tools.linux_10.3.0.201811011841/tools/bin/../lib/gcc/arm-none-eabi/7.3.1/../../../../arm-none-eabi/lib/thumb/v6-m/libcr_c.a(__init_alloc.o)
                0x000000001ffff1e8                __end_of_heap
 .bss.__heaps   0x000000001ffff1ec        0x4 /usr/local/mcuxpressoide-10.3.1_2233/ide/plugins/com.nxp.mcuxpresso.tools.linux_10.3.0.201811011841/tools/bin/../lib/gcc/arm-none-eabi/7.3.1/../../../../arm-none-eabi/lib/thumb/v6-m/libcr_c.a(__init_alloc.o)
                0x000000001ffff1ec                __heaps
 .bss.__Ciob    0x000000001ffff1f0       0xb4 /usr/local/mcuxpressoide-10.3.1_2233/ide/plugins/com.nxp.mcuxpresso.tools.linux_10.3.0.201811011841/tools/bin/../lib/gcc/arm-none-eabi/7.3.1/../../../../arm-none-eabi/lib/thumb/v6-m/libcr_nohost_nf.a(__ciob.o)
                0x000000001ffff1f0                __Ciob
 *(SORT_BY_ALIGNMENT(COMMON))
                0x000000001ffff2a4                . = ALIGN (0x4)
                0x000000001ffff2a4                _ebss = .
                [!provide]                        PROVIDE (end = .)

.noinit         0x000000001ffff2a4        0x0 load address 0x0000000000006e70
                0x000000001ffff2a4                _noinit = .
 *(SORT_BY_ALIGNMENT(.noinit*))
                0x000000001ffff2a4                . = ALIGN (0x4)
                0x000000001ffff2a4                _end_noinit = .
                0x0000000000000400                _HeapSize = 0x400

.heap           0x000000001ffff2a4      0x400 load address 0x0000000000006e70
                0x000000001ffff2a4                _pvHeapStart = .
                0x000000001ffff6a4                . = (. + _HeapSize)
 *fill*         0x000000001ffff2a4      0x400 
                0x000000001ffff6a4                . = ALIGN (0x4)
                0x000000001ffff6a4                _pvHeapLimit = .
                0x0000000000000400                _StackSize = 0x400

.heap2stackfill
                0x000000001ffff6a4      0x400 load address 0x0000000000006e70
                0x000000001ffffaa4                . = (. + _StackSize)
 *fill*         0x000000001ffff6a4      0x400 

.stack          0x0000000020002c00        0x0
                0x0000000020002c00                _vStackBase = .
                0x0000000020002c00                . = ALIGN (0x4)
                0x0000000020003000                _vStackTop = (. + _StackSize)
                0x0000000000000000                _image_start = LOADADDR (.text)
                0x0000000000006e70                _image_end = (LOADADDR (.data) + SIZEOF (.data))
                0x0000000000006e70                _image_size = (_image_end - _image_start)
OUTPUT(Shell_project.axf elf32-littlearm)

.debug_info     0x0000000000000000     0xa3ab
 .debug_info    0x0000000000000000      0xf19 ./utilities/fsl_debug_console.o
 .debug_info    0x0000000000000f19      0x968 ./utilities/fsl_shell.o
 .debug_info    0x0000000000001881      0x49b ./startup/startup_mkl25z4.o
 .debug_info    0x0000000000001d1c      0xadb ./source/main.o
 .debug_info    0x00000000000027f7       0x52 ./source/mtb.o
 .debug_info    0x0000000000002849       0x3b ./source/semihost_hardfault.o
 .debug_info    0x0000000000002884      0x2c4 ./freertos/list.o
 .debug_info    0x0000000000002b48      0x25e ./freertos/port.o
 .debug_info    0x0000000000002da6     0x1768 ./freertos/tasks.o
 .debug_info    0x000000000000450e     0x1962 ./drivers/fsl_clock.o
 .debug_info    0x0000000000005e70      0x422 ./drivers/fsl_common.o
 .debug_info    0x0000000000006292     0x138c ./drivers/fsl_lpsci.o
 .debug_info    0x000000000000761e     0x1336 ./drivers/fsl_uart.o
 .debug_info    0x0000000000008954      0x696 ./board/board.o
 .debug_info    0x0000000000008fea      0xa6a ./board/clock_config.o
 .debug_info    0x0000000000009a54      0x559 ./board/pin_mux.o
 .debug_info    0x0000000000009fad      0x3fe ./CMSIS/system_MKL25Z4.o

.debug_abbrev   0x0000000000000000     0x1f3d
 .debug_abbrev  0x0000000000000000      0x294 ./utilities/fsl_debug_console.o
 .debug_abbrev  0x0000000000000294      0x207 ./utilities/fsl_shell.o
 .debug_abbrev  0x000000000000049b      0x16d ./startup/startup_mkl25z4.o
 .debug_abbrev  0x0000000000000608      0x235 ./source/main.o
 .debug_abbrev  0x000000000000083d       0x44 ./source/mtb.o
 .debug_abbrev  0x0000000000000881       0x2f ./source/semihost_hardfault.o
 .debug_abbrev  0x00000000000008b0      0x112 ./freertos/list.o
 .debug_abbrev  0x00000000000009c2      0x195 ./freertos/port.o
 .debug_abbrev  0x0000000000000b57      0x291 ./freertos/tasks.o
 .debug_abbrev  0x0000000000000de8      0x329 ./drivers/fsl_clock.o
 .debug_abbrev  0x0000000000001111      0x24a ./drivers/fsl_common.o
 .debug_abbrev  0x000000000000135b      0x2cd ./drivers/fsl_lpsci.o
 .debug_abbrev  0x0000000000001628      0x2e5 ./drivers/fsl_uart.o
 .debug_abbrev  0x000000000000190d      0x167 ./board/board.o
 .debug_abbrev  0x0000000000001a74      0x1f4 ./board/clock_config.o
 .debug_abbrev  0x0000000000001c68      0x199 ./board/pin_mux.o
 .debug_abbrev  0x0000000000001e01      0x13c ./CMSIS/system_MKL25Z4.o

.debug_aranges  0x0000000000000000      0xae0
 .debug_aranges
                0x0000000000000000       0x98 ./utilities/fsl_debug_console.o
 .debug_aranges
                0x0000000000000098       0x80 ./utilities/fsl_shell.o
 .debug_aranges
                0x0000000000000118      0x160 ./startup/startup_mkl25z4.o
 .debug_aranges
                0x0000000000000278       0x60 ./source/main.o
 .debug_aranges
                0x00000000000002d8       0x18 ./source/mtb.o
 .debug_aranges
                0x00000000000002f0       0x20 ./source/semihost_hardfault.o
 .debug_aranges
                0x0000000000000310       0x40 ./freertos/list.o
 .debug_aranges
                0x0000000000000350       0x80 ./freertos/port.o
 .debug_aranges
                0x00000000000003d0      0x1e8 ./freertos/tasks.o
 .debug_aranges
                0x00000000000005b8      0x1d8 ./drivers/fsl_clock.o
 .debug_aranges
                0x0000000000000790       0x38 ./drivers/fsl_common.o
 .debug_aranges
                0x00000000000007c8      0x118 ./drivers/fsl_lpsci.o
 .debug_aranges
                0x00000000000008e0      0x130 ./drivers/fsl_uart.o
 .debug_aranges
                0x0000000000000a10       0x28 ./board/board.o
 .debug_aranges
                0x0000000000000a38       0x50 ./board/clock_config.o
 .debug_aranges
                0x0000000000000a88       0x30 ./board/pin_mux.o
 .debug_aranges
                0x0000000000000ab8       0x28 ./CMSIS/system_MKL25Z4.o

.debug_ranges   0x0000000000000000      0x9c8
 .debug_ranges  0x0000000000000000       0x88 ./utilities/fsl_debug_console.o
 .debug_ranges  0x0000000000000088       0x70 ./utilities/fsl_shell.o
 .debug_ranges  0x00000000000000f8      0x150 ./startup/startup_mkl25z4.o
 .debug_ranges  0x0000000000000248       0x50 ./source/main.o
 .debug_ranges  0x0000000000000298       0x10 ./source/semihost_hardfault.o
 .debug_ranges  0x00000000000002a8       0x30 ./freertos/list.o
 .debug_ranges  0x00000000000002d8       0x70 ./freertos/port.o
 .debug_ranges  0x0000000000000348      0x1d8 ./freertos/tasks.o
 .debug_ranges  0x0000000000000520      0x1c8 ./drivers/fsl_clock.o
 .debug_ranges  0x00000000000006e8       0x28 ./drivers/fsl_common.o
 .debug_ranges  0x0000000000000710      0x108 ./drivers/fsl_lpsci.o
 .debug_ranges  0x0000000000000818      0x120 ./drivers/fsl_uart.o
 .debug_ranges  0x0000000000000938       0x18 ./board/board.o
 .debug_ranges  0x0000000000000950       0x40 ./board/clock_config.o
 .debug_ranges  0x0000000000000990       0x20 ./board/pin_mux.o
 .debug_ranges  0x00000000000009b0       0x18 ./CMSIS/system_MKL25Z4.o

.debug_macro    0x0000000000000000     0x90d2
 .debug_macro   0x0000000000000000      0x127 ./utilities/fsl_debug_console.o
 .debug_macro   0x0000000000000127      0xa84 ./utilities/fsl_debug_console.o
 .debug_macro   0x0000000000000bab       0x10 ./utilities/fsl_debug_console.o
 .debug_macro   0x0000000000000bbb       0x16 ./utilities/fsl_debug_console.o
 .debug_macro   0x0000000000000bd1       0x10 ./utilities/fsl_debug_console.o
 .debug_macro   0x0000000000000be1      0x12d ./utilities/fsl_debug_console.o
 .debug_macro   0x0000000000000d0e       0x28 ./utilities/fsl_debug_console.o
 .debug_macro   0x0000000000000d36       0xc4 ./utilities/fsl_debug_console.o
 .debug_macro   0x0000000000000dfa       0x16 ./utilities/fsl_debug_console.o
 .debug_macro   0x0000000000000e10       0x22 ./utilities/fsl_debug_console.o
 .debug_macro   0x0000000000000e32      0x5b2 ./utilities/fsl_debug_console.o
 .debug_macro   0x00000000000013e4       0x10 ./utilities/fsl_debug_console.o
 .debug_macro   0x00000000000013f4       0x3f ./utilities/fsl_debug_console.o
 .debug_macro   0x0000000000001433       0x3a ./utilities/fsl_debug_console.o
 .debug_macro   0x000000000000146d       0x26 ./utilities/fsl_debug_console.o
 .debug_macro   0x0000000000001493      0x329 ./utilities/fsl_debug_console.o
 .debug_macro   0x00000000000017bc       0x30 ./utilities/fsl_debug_console.o
 .debug_macro   0x00000000000017ec     0x51e2 ./utilities/fsl_debug_console.o
 .debug_macro   0x00000000000069ce     0x1352 ./utilities/fsl_debug_console.o
 .debug_macro   0x0000000000007d20       0x3a ./utilities/fsl_debug_console.o
 .debug_macro   0x0000000000007d5a       0xf4 ./utilities/fsl_debug_console.o
 .debug_macro   0x0000000000007e4e       0x35 ./utilities/fsl_debug_console.o
 .debug_macro   0x0000000000007e83       0x2e ./utilities/fsl_debug_console.o
 .debug_macro   0x0000000000007eb1       0x10 ./utilities/fsl_debug_console.o
 .debug_macro   0x0000000000007ec1       0x10 ./utilities/fsl_debug_console.o
 .debug_macro   0x0000000000007ed1      0x100 ./utilities/fsl_shell.o
 .debug_macro   0x0000000000007fd1       0x1c ./utilities/fsl_shell.o
 .debug_macro   0x0000000000007fed       0x3a ./utilities/fsl_shell.o
 .debug_macro   0x0000000000008027       0x29 ./startup/startup_mkl25z4.o
 .debug_macro   0x0000000000008050      0x18b ./source/main.o
 .debug_macro   0x00000000000081db       0xa0 ./source/main.o
 .debug_macro   0x000000000000827b       0x22 ./source/main.o
 .debug_macro   0x000000000000829d       0x16 ./source/main.o
 .debug_macro   0x00000000000082b3       0x10 ./source/main.o
 .debug_macro   0x00000000000082c3      0x15f ./source/main.o
 .debug_macro   0x0000000000008422       0x40 ./source/main.o
 .debug_macro   0x0000000000008462       0x34 ./source/main.o
 .debug_macro   0x0000000000008496       0x2f ./source/mtb.o
 .debug_macro   0x00000000000084c5       0x82 ./source/mtb.o
 .debug_macro   0x0000000000008547       0x10 ./source/mtb.o
 .debug_macro   0x0000000000008557       0x11 ./source/semihost_hardfault.o
 .debug_macro   0x0000000000008568       0xb9 ./freertos/list.o
 .debug_macro   0x0000000000008621       0xcf ./freertos/port.o
 .debug_macro   0x00000000000086f0      0x182 ./freertos/tasks.o
 .debug_macro   0x0000000000008872       0x11 ./freertos/tasks.o
 .debug_macro   0x0000000000008883      0x196 ./drivers/fsl_clock.o
 .debug_macro   0x0000000000008a19       0xef ./drivers/fsl_common.o
 .debug_macro   0x0000000000008b08       0xec ./drivers/fsl_lpsci.o
 .debug_macro   0x0000000000008bf4       0xf2 ./drivers/fsl_uart.o
 .debug_macro   0x0000000000008ce6      0x112 ./board/board.o
 .debug_macro   0x0000000000008df8      0x123 ./board/clock_config.o
 .debug_macro   0x0000000000008f1b      0x113 ./board/pin_mux.o
 .debug_macro   0x000000000000902e       0x10 ./board/pin_mux.o
 .debug_macro   0x000000000000903e       0x94 ./CMSIS/system_MKL25Z4.o

.debug_line     0x0000000000000000     0x4d9e
 .debug_line    0x0000000000000000      0x7a4 ./utilities/fsl_debug_console.o
 .debug_line    0x00000000000007a4      0x57b ./utilities/fsl_shell.o
 .debug_line    0x0000000000000d1f      0x128 ./startup/startup_mkl25z4.o
 .debug_line    0x0000000000000e47      0x3d3 ./source/main.o
 .debug_line    0x000000000000121a       0xd5 ./source/mtb.o
 .debug_line    0x00000000000012ef       0x54 ./source/semihost_hardfault.o
 .debug_line    0x0000000000001343      0x28e ./freertos/list.o
 .debug_line    0x00000000000015d1      0x345 ./freertos/port.o
 .debug_line    0x0000000000001916      0xd57 ./freertos/tasks.o
 .debug_line    0x000000000000266d      0x9ed ./drivers/fsl_clock.o
 .debug_line    0x000000000000305a      0x301 ./drivers/fsl_common.o
 .debug_line    0x000000000000335b      0x79d ./drivers/fsl_lpsci.o
 .debug_line    0x0000000000003af8      0x7a0 ./drivers/fsl_uart.o
 .debug_line    0x0000000000004298      0x2cc ./board/board.o
 .debug_line    0x0000000000004564      0x319 ./board/clock_config.o
 .debug_line    0x000000000000487d      0x2b9 ./board/pin_mux.o
 .debug_line    0x0000000000004b36      0x268 ./CMSIS/system_MKL25Z4.o

.debug_str      0x0000000000000000    0x3ba4c
 .debug_str     0x0000000000000000    0x31444 ./utilities/fsl_debug_console.o
                                      0x31714 (size before relaxing)
 .debug_str     0x0000000000031444      0x44d ./utilities/fsl_shell.o
                                      0x30d63 (size before relaxing)
 .debug_str     0x0000000000031891      0x3a5 ./startup/startup_mkl25z4.o
                                       0x311d (size before relaxing)
 .debug_str     0x0000000000031c36     0x135d ./source/main.o
                                      0x3203f (size before relaxing)
 .debug_str     0x0000000000032f93      0x532 ./source/mtb.o
                                       0x3229 (size before relaxing)
 .debug_str     0x00000000000334c5       0x1f ./source/semihost_hardfault.o
                                       0x2d16 (size before relaxing)
 .debug_str     0x00000000000334e4     0x2ea5 ./freertos/list.o
                                       0x734a (size before relaxing)
 .debug_str     0x0000000000036389      0xb38 ./freertos/port.o
                                       0x7d39 (size before relaxing)
 .debug_str     0x0000000000036ec1     0x1b8d ./freertos/tasks.o
                                       0x9517 (size before relaxing)
 .debug_str     0x0000000000038a4e     0x15a8 ./drivers/fsl_clock.o
                                      0x32224 (size before relaxing)
 .debug_str     0x0000000000039ff6      0x2cb ./drivers/fsl_common.o
                                      0x3080b (size before relaxing)
 .debug_str     0x000000000003a2c1      0x9ce ./drivers/fsl_lpsci.o
                                      0x3182c (size before relaxing)
 .debug_str     0x000000000003ac8f      0x832 ./drivers/fsl_uart.o
                                      0x3184f (size before relaxing)
 .debug_str     0x000000000003b4c1       0x4c ./board/board.o
                                      0x31495 (size before relaxing)
 .debug_str     0x000000000003b50d      0x2eb ./board/clock_config.o
                                      0x3113d (size before relaxing)
 .debug_str     0x000000000003b7f8      0x205 ./board/pin_mux.o
                                      0x308be (size before relaxing)
 .debug_str     0x000000000003b9fd       0x4f ./CMSIS/system_MKL25Z4.o
                                      0x2fb8e (size before relaxing)

.comment        0x0000000000000000       0x7f
 .comment       0x0000000000000000       0x7f ./utilities/fsl_debug_console.o
                                         0x80 (size before relaxing)
 .comment       0x000000000000007f       0x80 ./utilities/fsl_shell.o
 .comment       0x000000000000007f       0x80 ./startup/startup_mkl25z4.o
 .comment       0x000000000000007f       0x80 ./source/main.o
 .comment       0x000000000000007f       0x80 ./source/mtb.o
 .comment       0x000000000000007f       0x80 ./source/semihost_hardfault.o
 .comment       0x000000000000007f       0x80 ./freertos/list.o
 .comment       0x000000000000007f       0x80 ./freertos/port.o
 .comment       0x000000000000007f       0x80 ./freertos/tasks.o
 .comment       0x000000000000007f       0x80 ./drivers/fsl_clock.o
 .comment       0x000000000000007f       0x80 ./drivers/fsl_common.o
 .comment       0x000000000000007f       0x80 ./drivers/fsl_lpsci.o
 .comment       0x000000000000007f       0x80 ./drivers/fsl_uart.o
 .comment       0x000000000000007f       0x80 ./board/board.o
 .comment       0x000000000000007f       0x80 ./board/clock_config.o
 .comment       0x000000000000007f       0x80 ./board/pin_mux.o
 .comment       0x000000000000007f       0x80 ./CMSIS/system_MKL25Z4.o
 .comment       0x000000000000007f       0x80 /usr/local/mcuxpressoide-10.3.1_2233/ide/plugins/com.nxp.mcuxpresso.tools.linux_10.3.0.201811011841/tools/bin/../lib/gcc/arm-none-eabi/7.3.1/../../../../arm-none-eabi/lib/thumb/v6-m/libcr_nohost_nf.a(_cr__main.o)
 .comment       0x000000000000007f       0x80 /usr/local/mcuxpressoide-10.3.1_2233/ide/plugins/com.nxp.mcuxpresso.tools.linux_10.3.0.201811011841/tools/bin/../lib/gcc/arm-none-eabi/7.3.1/../../../../arm-none-eabi/lib/thumb/v6-m/libcr_c.a(memmove.o)
 .comment       0x000000000000007f       0x80 /usr/local/mcuxpressoide-10.3.1_2233/ide/plugins/com.nxp.mcuxpresso.tools.linux_10.3.0.201811011841/tools/bin/../lib/gcc/arm-none-eabi/7.3.1/../../../../arm-none-eabi/lib/thumb/v6-m/libcr_c.a(memset.o)
 .comment       0x000000000000007f       0x80 /usr/local/mcuxpressoide-10.3.1_2233/ide/plugins/com.nxp.mcuxpresso.tools.linux_10.3.0.201811011841/tools/bin/../lib/gcc/arm-none-eabi/7.3.1/../../../../arm-none-eabi/lib/thumb/v6-m/libcr_c.a(initio.o)
 .comment       0x000000000000007f       0x80 /usr/local/mcuxpressoide-10.3.1_2233/ide/plugins/com.nxp.mcuxpresso.tools.linux_10.3.0.201811011841/tools/bin/../lib/gcc/arm-none-eabi/7.3.1/../../../../arm-none-eabi/lib/thumb/v6-m/libcr_c.a(modf.o)
 .comment       0x000000000000007f       0x80 /usr/local/mcuxpressoide-10.3.1_2233/ide/plugins/com.nxp.mcuxpresso.tools.linux_10.3.0.201811011841/tools/bin/../lib/gcc/arm-none-eabi/7.3.1/../../../../arm-none-eabi/lib/thumb/v6-m/libcr_c.a(pow.o)
 .comment       0x000000000000007f       0x80 /usr/local/mcuxpressoide-10.3.1_2233/ide/plugins/com.nxp.mcuxpresso.tools.linux_10.3.0.201811011841/tools/bin/../lib/gcc/arm-none-eabi/7.3.1/../../../../arm-none-eabi/lib/thumb/v6-m/libcr_c.a(scanf.o)
 .comment       0x000000000000007f       0x80 /usr/local/mcuxpressoide-10.3.1_2233/ide/plugins/com.nxp.mcuxpresso.tools.linux_10.3.0.201811011841/tools/bin/../lib/gcc/arm-none-eabi/7.3.1/../../../../arm-none-eabi/lib/thumb/v6-m/libcr_c.a(setvbuf.o)
 .comment       0x000000000000007f       0x80 /usr/local/mcuxpressoide-10.3.1_2233/ide/plugins/com.nxp.mcuxpresso.tools.linux_10.3.0.201811011841/tools/bin/../lib/gcc/arm-none-eabi/7.3.1/../../../../arm-none-eabi/lib/thumb/v6-m/libcr_c.a(strcmp.o)
 .comment       0x000000000000007f       0x80 /usr/local/mcuxpressoide-10.3.1_2233/ide/plugins/com.nxp.mcuxpresso.tools.linux_10.3.0.201811011841/tools/bin/../lib/gcc/arm-none-eabi/7.3.1/../../../../arm-none-eabi/lib/thumb/v6-m/libcr_c.a(strlen.o)
 .comment       0x000000000000007f       0x80 /usr/local/mcuxpressoide-10.3.1_2233/ide/plugins/com.nxp.mcuxpresso.tools.linux_10.3.0.201811011841/tools/bin/../lib/gcc/arm-none-eabi/7.3.1/../../../../arm-none-eabi/lib/thumb/v6-m/libcr_c.a(ungetc.o)
 .comment       0x000000000000007f       0x80 /usr/local/mcuxpressoide-10.3.1_2233/ide/plugins/com.nxp.mcuxpresso.tools.linux_10.3.0.201811011841/tools/bin/../lib/gcc/arm-none-eabi/7.3.1/../../../../arm-none-eabi/lib/thumb/v6-m/libcr_c.a(__fillbuf.o)
 .comment       0x000000000000007f       0x80 /usr/local/mcuxpressoide-10.3.1_2233/ide/plugins/com.nxp.mcuxpresso.tools.linux_10.3.0.201811011841/tools/bin/../lib/gcc/arm-none-eabi/7.3.1/../../../../arm-none-eabi/lib/thumb/v6-m/libcr_c.a(_deferredlazyseek.o)
 .comment       0x000000000000007f       0x80 /usr/local/mcuxpressoide-10.3.1_2233/ide/plugins/com.nxp.mcuxpresso.tools.linux_10.3.0.201811011841/tools/bin/../lib/gcc/arm-none-eabi/7.3.1/../../../../arm-none-eabi/lib/thumb/v6-m/libcr_c.a(_fdopen.o)
 .comment       0x000000000000007f       0x80 /usr/local/mcuxpressoide-10.3.1_2233/ide/plugins/com.nxp.mcuxpresso.tools.linux_10.3.0.201811011841/tools/bin/../lib/gcc/arm-none-eabi/7.3.1/../../../../arm-none-eabi/lib/thumb/v6-m/libcr_c.a(_fflush.o)
 .comment       0x000000000000007f       0x80 /usr/local/mcuxpressoide-10.3.1_2233/ide/plugins/com.nxp.mcuxpresso.tools.linux_10.3.0.201811011841/tools/bin/../lib/gcc/arm-none-eabi/7.3.1/../../../../arm-none-eabi/lib/thumb/v6-m/libcr_c.a(_frexpl.o)
 .comment       0x000000000000007f       0x80 /usr/local/mcuxpressoide-10.3.1_2233/ide/plugins/com.nxp.mcuxpresso.tools.linux_10.3.0.201811011841/tools/bin/../lib/gcc/arm-none-eabi/7.3.1/../../../../arm-none-eabi/lib/thumb/v6-m/libcr_c.a(_hugeval.o)
 .comment       0x000000000000007f       0x80 /usr/local/mcuxpressoide-10.3.1_2233/ide/plugins/com.nxp.mcuxpresso.tools.linux_10.3.0.201811011841/tools/bin/../lib/gcc/arm-none-eabi/7.3.1/../../../../arm-none-eabi/lib/thumb/v6-m/libcr_c.a(_ldexpl.o)
 .comment       0x000000000000007f       0x80 /usr/local/mcuxpressoide-10.3.1_2233/ide/plugins/com.nxp.mcuxpresso.tools.linux_10.3.0.201811011841/tools/bin/../lib/gcc/arm-none-eabi/7.3.1/../../../../arm-none-eabi/lib/thumb/v6-m/libcr_c.a(_writebuf.o)
 .comment       0x000000000000007f       0x80 /usr/local/mcuxpressoide-10.3.1_2233/ide/plugins/com.nxp.mcuxpresso.tools.linux_10.3.0.201811011841/tools/bin/../lib/gcc/arm-none-eabi/7.3.1/../../../../arm-none-eabi/lib/thumb/v6-m/libcr_c.a(alloc.o)
 .comment       0x000000000000007f       0x80 /usr/local/mcuxpressoide-10.3.1_2233/ide/plugins/com.nxp.mcuxpresso.tools.linux_10.3.0.201811011841/tools/bin/../lib/gcc/arm-none-eabi/7.3.1/../../../../arm-none-eabi/lib/thumb/v6-m/libcr_c.a(ctype.o)
 .comment       0x000000000000007f       0x80 /usr/local/mcuxpressoide-10.3.1_2233/ide/plugins/com.nxp.mcuxpresso.tools.linux_10.3.0.201811011841/tools/bin/../lib/gcc/arm-none-eabi/7.3.1/../../../../arm-none-eabi/lib/thumb/v6-m/libcr_c.a(errno.o)
 .comment       0x000000000000007f       0x80 /usr/local/mcuxpressoide-10.3.1_2233/ide/plugins/com.nxp.mcuxpresso.tools.linux_10.3.0.201811011841/tools/bin/../lib/gcc/arm-none-eabi/7.3.1/../../../../arm-none-eabi/lib/thumb/v6-m/libcr_c.a(fclose.o)
 .comment       0x000000000000007f       0x80 /usr/local/mcuxpressoide-10.3.1_2233/ide/plugins/com.nxp.mcuxpresso.tools.linux_10.3.0.201811011841/tools/bin/../lib/gcc/arm-none-eabi/7.3.1/../../../../arm-none-eabi/lib/thumb/v6-m/libcr_c.a(fflush.o)
 .comment       0x000000000000007f       0x80 /usr/local/mcuxpressoide-10.3.1_2233/ide/plugins/com.nxp.mcuxpresso.tools.linux_10.3.0.201811011841/tools/bin/../lib/gcc/arm-none-eabi/7.3.1/../../../../arm-none-eabi/lib/thumb/v6-m/libcr_c.a(frexp.o)
 .comment       0x000000000000007f       0x80 /usr/local/mcuxpressoide-10.3.1_2233/ide/plugins/com.nxp.mcuxpresso.tools.linux_10.3.0.201811011841/tools/bin/../lib/gcc/arm-none-eabi/7.3.1/../../../../arm-none-eabi/lib/thumb/v6-m/libcr_c.a(fseek.o)
 .comment       0x000000000000007f       0x80 /usr/local/mcuxpressoide-10.3.1_2233/ide/plugins/com.nxp.mcuxpresso.tools.linux_10.3.0.201811011841/tools/bin/../lib/gcc/arm-none-eabi/7.3.1/../../../../arm-none-eabi/lib/thumb/v6-m/libcr_c.a(ftell.o)
 .comment       0x000000000000007f       0x80 /usr/local/mcuxpressoide-10.3.1_2233/ide/plugins/com.nxp.mcuxpresso.tools.linux_10.3.0.201811011841/tools/bin/../lib/gcc/arm-none-eabi/7.3.1/../../../../arm-none-eabi/lib/thumb/v6-m/libcr_c.a(ldexp.o)
 .comment       0x000000000000007f       0x80 /usr/local/mcuxpressoide-10.3.1_2233/ide/plugins/com.nxp.mcuxpresso.tools.linux_10.3.0.201811011841/tools/bin/../lib/gcc/arm-none-eabi/7.3.1/../../../../arm-none-eabi/lib/thumb/v6-m/libcr_c.a(remove.o)
 .comment       0x000000000000007f       0x80 /usr/local/mcuxpressoide-10.3.1_2233/ide/plugins/com.nxp.mcuxpresso.tools.linux_10.3.0.201811011841/tools/bin/../lib/gcc/arm-none-eabi/7.3.1/../../../../arm-none-eabi/lib/thumb/v6-m/libcr_c.a(__init_alloc.o)
 .comment       0x000000000000007f       0x80 /usr/local/mcuxpressoide-10.3.1_2233/ide/plugins/com.nxp.mcuxpresso.tools.linux_10.3.0.201811011841/tools/bin/../lib/gcc/arm-none-eabi/7.3.1/../../../../arm-none-eabi/lib/thumb/v6-m/libcr_c.a(_cr_sbrk.o)
 .comment       0x000000000000007f       0x80 /usr/local/mcuxpressoide-10.3.1_2233/ide/plugins/com.nxp.mcuxpresso.tools.linux_10.3.0.201811011841/tools/bin/../lib/gcc/arm-none-eabi/7.3.1/../../../../arm-none-eabi/lib/thumb/v6-m/libcr_c.a(_do_fflush.o)
 .comment       0x000000000000007f       0x80 /usr/local/mcuxpressoide-10.3.1_2233/ide/plugins/com.nxp.mcuxpresso.tools.linux_10.3.0.201811011841/tools/bin/../lib/gcc/arm-none-eabi/7.3.1/../../../../arm-none-eabi/lib/thumb/v6-m/libcr_c.a(_cr_check_heap.o)
 .comment       0x000000000000007f       0x80 /usr/local/mcuxpressoide-10.3.1_2233/ide/plugins/com.nxp.mcuxpresso.tools.linux_10.3.0.201811011841/tools/bin/../lib/gcc/arm-none-eabi/7.3.1/thumb/v6-m/libcr_eabihelpers.a(double.o)
 .comment       0x000000000000007f       0x80 /usr/local/mcuxpressoide-10.3.1_2233/ide/plugins/com.nxp.mcuxpresso.tools.linux_10.3.0.201811011841/tools/bin/../lib/gcc/arm-none-eabi/7.3.1/thumb/v6-m/libcr_eabihelpers.a(float.o)
 .comment       0x000000000000007f       0x80 /usr/local/mcuxpressoide-10.3.1_2233/ide/plugins/com.nxp.mcuxpresso.tools.linux_10.3.0.201811011841/tools/bin/../lib/gcc/arm-none-eabi/7.3.1/../../../../arm-none-eabi/lib/thumb/v6-m/libcr_nohost_nf.a(__ciob.o)
 .comment       0x000000000000007f       0x80 /usr/local/mcuxpressoide-10.3.1_2233/ide/plugins/com.nxp.mcuxpresso.tools.linux_10.3.0.201811011841/tools/bin/../lib/gcc/arm-none-eabi/7.3.1/../../../../arm-none-eabi/lib/thumb/v6-m/libcr_nohost_nf.a(__sys_appexit.o)
 .comment       0x000000000000007f       0x80 /usr/local/mcuxpressoide-10.3.1_2233/ide/plugins/com.nxp.mcuxpresso.tools.linux_10.3.0.201811011841/tools/bin/../lib/gcc/arm-none-eabi/7.3.1/../../../../arm-none-eabi/lib/thumb/v6-m/libcr_nohost_nf.a(__sys_close.o)
 .comment       0x000000000000007f       0x80 /usr/local/mcuxpressoide-10.3.1_2233/ide/plugins/com.nxp.mcuxpresso.tools.linux_10.3.0.201811011841/tools/bin/../lib/gcc/arm-none-eabi/7.3.1/../../../../arm-none-eabi/lib/thumb/v6-m/libcr_nohost_nf.a(__sys_flen.o)
 .comment       0x000000000000007f       0x80 /usr/local/mcuxpressoide-10.3.1_2233/ide/plugins/com.nxp.mcuxpresso.tools.linux_10.3.0.201811011841/tools/bin/../lib/gcc/arm-none-eabi/7.3.1/../../../../arm-none-eabi/lib/thumb/v6-m/libcr_nohost_nf.a(__sys_istty.o)
 .comment       0x000000000000007f       0x80 /usr/local/mcuxpressoide-10.3.1_2233/ide/plugins/com.nxp.mcuxpresso.tools.linux_10.3.0.201811011841/tools/bin/../lib/gcc/arm-none-eabi/7.3.1/../../../../arm-none-eabi/lib/thumb/v6-m/libcr_nohost_nf.a(__sys_read.o)
 .comment       0x000000000000007f       0x80 /usr/local/mcuxpressoide-10.3.1_2233/ide/plugins/com.nxp.mcuxpresso.tools.linux_10.3.0.201811011841/tools/bin/../lib/gcc/arm-none-eabi/7.3.1/../../../../arm-none-eabi/lib/thumb/v6-m/libcr_nohost_nf.a(__sys_readc.o)
 .comment       0x000000000000007f       0x80 /usr/local/mcuxpressoide-10.3.1_2233/ide/plugins/com.nxp.mcuxpresso.tools.linux_10.3.0.201811011841/tools/bin/../lib/gcc/arm-none-eabi/7.3.1/../../../../arm-none-eabi/lib/thumb/v6-m/libcr_nohost_nf.a(__sys_remove.o)
 .comment       0x000000000000007f       0x80 /usr/local/mcuxpressoide-10.3.1_2233/ide/plugins/com.nxp.mcuxpresso.tools.linux_10.3.0.201811011841/tools/bin/../lib/gcc/arm-none-eabi/7.3.1/../../../../arm-none-eabi/lib/thumb/v6-m/libcr_nohost_nf.a(__sys_seek.o)
 .comment       0x000000000000007f       0x80 /usr/local/mcuxpressoide-10.3.1_2233/ide/plugins/com.nxp.mcuxpresso.tools.linux_10.3.0.201811011841/tools/bin/../lib/gcc/arm-none-eabi/7.3.1/../../../../arm-none-eabi/lib/thumb/v6-m/libcr_nohost_nf.a(__sys_tmpnam.o)
 .comment       0x000000000000007f       0x80 /usr/local/mcuxpressoide-10.3.1_2233/ide/plugins/com.nxp.mcuxpresso.tools.linux_10.3.0.201811011841/tools/bin/../lib/gcc/arm-none-eabi/7.3.1/../../../../arm-none-eabi/lib/thumb/v6-m/libcr_nohost_nf.a(__sys_write.o)

.ARM.attributes
                0x0000000000000000       0x30
 .ARM.attributes
                0x0000000000000000       0x32 ./utilities/fsl_debug_console.o
 .ARM.attributes
                0x0000000000000032       0x32 ./utilities/fsl_shell.o
 .ARM.attributes
                0x0000000000000064       0x32 ./startup/startup_mkl25z4.o
 .ARM.attributes
                0x0000000000000096       0x32 ./source/main.o
 .ARM.attributes
                0x00000000000000c8       0x32 ./source/mtb.o
 .ARM.attributes
                0x00000000000000fa       0x32 ./source/semihost_hardfault.o
 .ARM.attributes
                0x000000000000012c       0x32 ./freertos/list.o
 .ARM.attributes
                0x000000000000015e       0x32 ./freertos/port.o
 .ARM.attributes
                0x0000000000000190       0x32 ./freertos/tasks.o
 .ARM.attributes
                0x00000000000001c2       0x32 ./drivers/fsl_clock.o
 .ARM.attributes
                0x00000000000001f4       0x32 ./drivers/fsl_common.o
 .ARM.attributes
                0x0000000000000226       0x32 ./drivers/fsl_lpsci.o
 .ARM.attributes
                0x0000000000000258       0x32 ./drivers/fsl_uart.o
 .ARM.attributes
                0x000000000000028a       0x32 ./board/board.o
 .ARM.attributes
                0x00000000000002bc       0x32 ./board/clock_config.o
 .ARM.attributes
                0x00000000000002ee       0x32 ./board/pin_mux.o
 .ARM.attributes
                0x0000000000000320       0x32 ./CMSIS/system_MKL25Z4.o
 .ARM.attributes
                0x0000000000000352       0x31 /usr/local/mcuxpressoide-10.3.1_2233/ide/plugins/com.nxp.mcuxpresso.tools.linux_10.3.0.201811011841/tools/bin/../lib/gcc/arm-none-eabi/7.3.1/../../../../arm-none-eabi/lib/thumb/v6-m/libcr_nohost_nf.a(_cr__main.o)
 .ARM.attributes
                0x0000000000000383       0x31 /usr/local/mcuxpressoide-10.3.1_2233/ide/plugins/com.nxp.mcuxpresso.tools.linux_10.3.0.201811011841/tools/bin/../lib/gcc/arm-none-eabi/7.3.1/../../../../arm-none-eabi/lib/thumb/v6-m/libcr_c.a(memmove.o)
 .ARM.attributes
                0x00000000000003b4       0x31 /usr/local/mcuxpressoide-10.3.1_2233/ide/plugins/com.nxp.mcuxpresso.tools.linux_10.3.0.201811011841/tools/bin/../lib/gcc/arm-none-eabi/7.3.1/../../../../arm-none-eabi/lib/thumb/v6-m/libcr_c.a(memset.o)
 .ARM.attributes
                0x00000000000003e5       0x31 /usr/local/mcuxpressoide-10.3.1_2233/ide/plugins/com.nxp.mcuxpresso.tools.linux_10.3.0.201811011841/tools/bin/../lib/gcc/arm-none-eabi/7.3.1/../../../../arm-none-eabi/lib/thumb/v6-m/libcr_c.a(initio.o)
 .ARM.attributes
                0x0000000000000416       0x31 /usr/local/mcuxpressoide-10.3.1_2233/ide/plugins/com.nxp.mcuxpresso.tools.linux_10.3.0.201811011841/tools/bin/../lib/gcc/arm-none-eabi/7.3.1/../../../../arm-none-eabi/lib/thumb/v6-m/libcr_c.a(modf.o)
 .ARM.attributes
                0x0000000000000447       0x31 /usr/local/mcuxpressoide-10.3.1_2233/ide/plugins/com.nxp.mcuxpresso.tools.linux_10.3.0.201811011841/tools/bin/../lib/gcc/arm-none-eabi/7.3.1/../../../../arm-none-eabi/lib/thumb/v6-m/libcr_c.a(pow.o)
 .ARM.attributes
                0x0000000000000478       0x31 /usr/local/mcuxpressoide-10.3.1_2233/ide/plugins/com.nxp.mcuxpresso.tools.linux_10.3.0.201811011841/tools/bin/../lib/gcc/arm-none-eabi/7.3.1/../../../../arm-none-eabi/lib/thumb/v6-m/libcr_c.a(scanf.o)
 .ARM.attributes
                0x00000000000004a9       0x31 /usr/local/mcuxpressoide-10.3.1_2233/ide/plugins/com.nxp.mcuxpresso.tools.linux_10.3.0.201811011841/tools/bin/../lib/gcc/arm-none-eabi/7.3.1/../../../../arm-none-eabi/lib/thumb/v6-m/libcr_c.a(setvbuf.o)
 .ARM.attributes
                0x00000000000004da       0x31 /usr/local/mcuxpressoide-10.3.1_2233/ide/plugins/com.nxp.mcuxpresso.tools.linux_10.3.0.201811011841/tools/bin/../lib/gcc/arm-none-eabi/7.3.1/../../../../arm-none-eabi/lib/thumb/v6-m/libcr_c.a(strcmp.o)
 .ARM.attributes
                0x000000000000050b       0x31 /usr/local/mcuxpressoide-10.3.1_2233/ide/plugins/com.nxp.mcuxpresso.tools.linux_10.3.0.201811011841/tools/bin/../lib/gcc/arm-none-eabi/7.3.1/../../../../arm-none-eabi/lib/thumb/v6-m/libcr_c.a(strlen.o)
 .ARM.attributes
                0x000000000000053c       0x31 /usr/local/mcuxpressoide-10.3.1_2233/ide/plugins/com.nxp.mcuxpresso.tools.linux_10.3.0.201811011841/tools/bin/../lib/gcc/arm-none-eabi/7.3.1/../../../../arm-none-eabi/lib/thumb/v6-m/libcr_c.a(ungetc.o)
 .ARM.attributes
                0x000000000000056d       0x31 /usr/local/mcuxpressoide-10.3.1_2233/ide/plugins/com.nxp.mcuxpresso.tools.linux_10.3.0.201811011841/tools/bin/../lib/gcc/arm-none-eabi/7.3.1/../../../../arm-none-eabi/lib/thumb/v6-m/libcr_c.a(__fillbuf.o)
 .ARM.attributes
                0x000000000000059e       0x31 /usr/local/mcuxpressoide-10.3.1_2233/ide/plugins/com.nxp.mcuxpresso.tools.linux_10.3.0.201811011841/tools/bin/../lib/gcc/arm-none-eabi/7.3.1/../../../../arm-none-eabi/lib/thumb/v6-m/libcr_c.a(_deferredlazyseek.o)
 .ARM.attributes
                0x00000000000005cf       0x31 /usr/local/mcuxpressoide-10.3.1_2233/ide/plugins/com.nxp.mcuxpresso.tools.linux_10.3.0.201811011841/tools/bin/../lib/gcc/arm-none-eabi/7.3.1/../../../../arm-none-eabi/lib/thumb/v6-m/libcr_c.a(_fdopen.o)
 .ARM.attributes
                0x0000000000000600       0x31 /usr/local/mcuxpressoide-10.3.1_2233/ide/plugins/com.nxp.mcuxpresso.tools.linux_10.3.0.201811011841/tools/bin/../lib/gcc/arm-none-eabi/7.3.1/../../../../arm-none-eabi/lib/thumb/v6-m/libcr_c.a(_fflush.o)
 .ARM.attributes
                0x0000000000000631       0x31 /usr/local/mcuxpressoide-10.3.1_2233/ide/plugins/com.nxp.mcuxpresso.tools.linux_10.3.0.201811011841/tools/bin/../lib/gcc/arm-none-eabi/7.3.1/../../../../arm-none-eabi/lib/thumb/v6-m/libcr_c.a(_frexpl.o)
 .ARM.attributes
                0x0000000000000662       0x31 /usr/local/mcuxpressoide-10.3.1_2233/ide/plugins/com.nxp.mcuxpresso.tools.linux_10.3.0.201811011841/tools/bin/../lib/gcc/arm-none-eabi/7.3.1/../../../../arm-none-eabi/lib/thumb/v6-m/libcr_c.a(_hugeval.o)
 .ARM.attributes
                0x0000000000000693       0x31 /usr/local/mcuxpressoide-10.3.1_2233/ide/plugins/com.nxp.mcuxpresso.tools.linux_10.3.0.201811011841/tools/bin/../lib/gcc/arm-none-eabi/7.3.1/../../../../arm-none-eabi/lib/thumb/v6-m/libcr_c.a(_ldexpl.o)
 .ARM.attributes
                0x00000000000006c4       0x31 /usr/local/mcuxpressoide-10.3.1_2233/ide/plugins/com.nxp.mcuxpresso.tools.linux_10.3.0.201811011841/tools/bin/../lib/gcc/arm-none-eabi/7.3.1/../../../../arm-none-eabi/lib/thumb/v6-m/libcr_c.a(_writebuf.o)
 .ARM.attributes
                0x00000000000006f5       0x31 /usr/local/mcuxpressoide-10.3.1_2233/ide/plugins/com.nxp.mcuxpresso.tools.linux_10.3.0.201811011841/tools/bin/../lib/gcc/arm-none-eabi/7.3.1/../../../../arm-none-eabi/lib/thumb/v6-m/libcr_c.a(alloc.o)
 .ARM.attributes
                0x0000000000000726       0x31 /usr/local/mcuxpressoide-10.3.1_2233/ide/plugins/com.nxp.mcuxpresso.tools.linux_10.3.0.201811011841/tools/bin/../lib/gcc/arm-none-eabi/7.3.1/../../../../arm-none-eabi/lib/thumb/v6-m/libcr_c.a(ctype.o)
 .ARM.attributes
                0x0000000000000757       0x31 /usr/local/mcuxpressoide-10.3.1_2233/ide/plugins/com.nxp.mcuxpresso.tools.linux_10.3.0.201811011841/tools/bin/../lib/gcc/arm-none-eabi/7.3.1/../../../../arm-none-eabi/lib/thumb/v6-m/libcr_c.a(errno.o)
 .ARM.attributes
                0x0000000000000788       0x31 /usr/local/mcuxpressoide-10.3.1_2233/ide/plugins/com.nxp.mcuxpresso.tools.linux_10.3.0.201811011841/tools/bin/../lib/gcc/arm-none-eabi/7.3.1/../../../../arm-none-eabi/lib/thumb/v6-m/libcr_c.a(fclose.o)
 .ARM.attributes
                0x00000000000007b9       0x31 /usr/local/mcuxpressoide-10.3.1_2233/ide/plugins/com.nxp.mcuxpresso.tools.linux_10.3.0.201811011841/tools/bin/../lib/gcc/arm-none-eabi/7.3.1/../../../../arm-none-eabi/lib/thumb/v6-m/libcr_c.a(fflush.o)
 .ARM.attributes
                0x00000000000007ea       0x31 /usr/local/mcuxpressoide-10.3.1_2233/ide/plugins/com.nxp.mcuxpresso.tools.linux_10.3.0.201811011841/tools/bin/../lib/gcc/arm-none-eabi/7.3.1/../../../../arm-none-eabi/lib/thumb/v6-m/libcr_c.a(frexp.o)
 .ARM.attributes
                0x000000000000081b       0x31 /usr/local/mcuxpressoide-10.3.1_2233/ide/plugins/com.nxp.mcuxpresso.tools.linux_10.3.0.201811011841/tools/bin/../lib/gcc/arm-none-eabi/7.3.1/../../../../arm-none-eabi/lib/thumb/v6-m/libcr_c.a(fseek.o)
 .ARM.attributes
                0x000000000000084c       0x31 /usr/local/mcuxpressoide-10.3.1_2233/ide/plugins/com.nxp.mcuxpresso.tools.linux_10.3.0.201811011841/tools/bin/../lib/gcc/arm-none-eabi/7.3.1/../../../../arm-none-eabi/lib/thumb/v6-m/libcr_c.a(ftell.o)
 .ARM.attributes
                0x000000000000087d       0x31 /usr/local/mcuxpressoide-10.3.1_2233/ide/plugins/com.nxp.mcuxpresso.tools.linux_10.3.0.201811011841/tools/bin/../lib/gcc/arm-none-eabi/7.3.1/../../../../arm-none-eabi/lib/thumb/v6-m/libcr_c.a(ldexp.o)
 .ARM.attributes
                0x00000000000008ae       0x31 /usr/local/mcuxpressoide-10.3.1_2233/ide/plugins/com.nxp.mcuxpresso.tools.linux_10.3.0.201811011841/tools/bin/../lib/gcc/arm-none-eabi/7.3.1/../../../../arm-none-eabi/lib/thumb/v6-m/libcr_c.a(remove.o)
 .ARM.attributes
                0x00000000000008df       0x31 /usr/local/mcuxpressoide-10.3.1_2233/ide/plugins/com.nxp.mcuxpresso.tools.linux_10.3.0.201811011841/tools/bin/../lib/gcc/arm-none-eabi/7.3.1/../../../../arm-none-eabi/lib/thumb/v6-m/libcr_c.a(__init_alloc.o)
 .ARM.attributes
                0x0000000000000910       0x31 /usr/local/mcuxpressoide-10.3.1_2233/ide/plugins/com.nxp.mcuxpresso.tools.linux_10.3.0.201811011841/tools/bin/../lib/gcc/arm-none-eabi/7.3.1/../../../../arm-none-eabi/lib/thumb/v6-m/libcr_c.a(_cr_sbrk.o)
 .ARM.attributes
                0x0000000000000941       0x31 /usr/local/mcuxpressoide-10.3.1_2233/ide/plugins/com.nxp.mcuxpresso.tools.linux_10.3.0.201811011841/tools/bin/../lib/gcc/arm-none-eabi/7.3.1/../../../../arm-none-eabi/lib/thumb/v6-m/libcr_c.a(_do_fflush.o)
 .ARM.attributes
                0x0000000000000972       0x31 /usr/local/mcuxpressoide-10.3.1_2233/ide/plugins/com.nxp.mcuxpresso.tools.linux_10.3.0.201811011841/tools/bin/../lib/gcc/arm-none-eabi/7.3.1/../../../../arm-none-eabi/lib/thumb/v6-m/libcr_c.a(_cr_check_heap.o)
 .ARM.attributes
                0x00000000000009a3       0x21 /usr/local/mcuxpressoide-10.3.1_2233/ide/plugins/com.nxp.mcuxpresso.tools.linux_10.3.0.201811011841/tools/bin/../lib/gcc/arm-none-eabi/7.3.1/thumb/v6-m/libcr_eabihelpers.a(division_32.o)
 .ARM.attributes
                0x00000000000009c4       0x21 /usr/local/mcuxpressoide-10.3.1_2233/ide/plugins/com.nxp.mcuxpresso.tools.linux_10.3.0.201811011841/tools/bin/../lib/gcc/arm-none-eabi/7.3.1/thumb/v6-m/libcr_eabihelpers.a(division_idiv0.o)
 .ARM.attributes
                0x00000000000009e5       0x31 /usr/local/mcuxpressoide-10.3.1_2233/ide/plugins/com.nxp.mcuxpresso.tools.linux_10.3.0.201811011841/tools/bin/../lib/gcc/arm-none-eabi/7.3.1/thumb/v6-m/libcr_eabihelpers.a(double.o)
 .ARM.attributes
                0x0000000000000a16       0x31 /usr/local/mcuxpressoide-10.3.1_2233/ide/plugins/com.nxp.mcuxpresso.tools.linux_10.3.0.201811011841/tools/bin/../lib/gcc/arm-none-eabi/7.3.1/thumb/v6-m/libcr_eabihelpers.a(float.o)
 .ARM.attributes